{"synthetic": false,
 "outputs":
 {"o": ["2000070095797998504"],
  "i": "16269998320707462168",
  "c": "8100837696199012192"},
 "log":
 [{"message":
   ".> LEAN_PATH=C:\\Users\\Cody\\Desktop\\tau_crystal\\tau_crystal\\.lake\\packages\\Cli\\.lake\\build\\lib\\lean;C:\\Users\\Cody\\Desktop\\tau_crystal\\tau_crystal\\.lake\\packages\\batteries\\.lake\\build\\lib\\lean;C:\\Users\\Cody\\Desktop\\tau_crystal\\tau_crystal\\.lake\\packages\\Qq\\.lake\\build\\lib\\lean;C:\\Users\\Cody\\Desktop\\tau_crystal\\tau_crystal\\.lake\\packages\\aesop\\.lake\\build\\lib\\lean;C:\\Users\\Cody\\Desktop\\tau_crystal\\tau_crystal\\.lake\\packages\\proofwidgets\\.lake\\build\\lib\\lean;C:\\Users\\Cody\\Desktop\\tau_crystal\\tau_crystal\\.lake\\packages\\importGraph\\.lake\\build\\lib\\lean;C:\\Users\\Cody\\Desktop\\tau_crystal\\tau_crystal\\.lake\\packages\\LeanSearchClient\\.lake\\build\\lib\\lean;C:\\Users\\Cody\\Desktop\\tau_crystal\\tau_crystal\\.lake\\packages\\plausible\\.lake\\build\\lib\\lean;C:\\Users\\Cody\\Desktop\\tau_crystal\\tau_crystal\\.lake\\packages\\mathlib\\.lake\\build\\lib\\lean;C:\\Users\\Cody\\Desktop\\tau_crystal\\tau_crystal\\.lake\\build\\lib\\lean c:\\Users\\Cody\\.elan\\toolchains\\leanprover--lean4---v4.22.0\\bin\\lean.exe C:\\Users\\Cody\\Desktop\\tau_crystal\\tau_crystal\\Tau\\ProveV2.lean -o C:\\Users\\Cody\\Desktop\\tau_crystal\\tau_crystal\\.lake\\build\\lib\\lean\\Tau\\ProveV2.olean -i C:\\Users\\Cody\\Desktop\\tau_crystal\\tau_crystal\\.lake\\build\\lib\\lean\\Tau\\ProveV2.ilean -c C:\\Users\\Cody\\Desktop\\tau_crystal\\tau_crystal\\.lake\\build\\ir\\Tau\\ProveV2.c --setup C:\\Users\\Cody\\Desktop\\tau_crystal\\tau_crystal\\.lake\\build\\ir\\Tau\\ProveV2.setup.json --json",
   "level": "trace"}],
 "inputs":
 [["Tau.ProveV2:deps",
   [["deps",
     [["tau/prove_v2:extraDep", [["@tau:extraDep", "1723"]]],
      ["import oleans",
       [["Tau.LeafGroup:olean",
         [["Tau.LeafGroup:deps", "12720339749678921893"],
          ["C:\\Users\\Cody\\Desktop\\tau_crystal\\tau_crystal\\.lake\\build\\lib\\lean\\Tau\\LeafGroup.olean",
           "5848927002656386819"]]],
        ["Tau.DeltaComplex:olean",
         [["Tau.DeltaComplex:deps", "13790838579845407751"],
          ["C:\\Users\\Cody\\Desktop\\tau_crystal\\tau_crystal\\.lake\\build\\lib\\lean\\Tau\\DeltaComplex.olean",
           "14435935211386687000"]]]]]]],
    ["libs",
     [["import dynlibs", "1723"],
      ["package external libraries", "1723"],
      ["module dynlibs", "1723"],
      ["module plugins", "1723"]]]]],
  ["Lean 4.22.0, commit ba2cbbf09d4978f416e0ebd1fceeebc2c4138c05",
   "8739116525927611134"],
  ["C:\\Users\\Cody\\Desktop\\tau_crystal\\tau_crystal\\Tau\\ProveV2.lean",
   "4524653540675012078"],
  ["options", "1723"],
  ["Module.leanArgs: #[]", "1723"]],
 "depHash": "16356793223506813516"}