09-26 10:33:19.906 I/ViewPositionControllerManager( 2882): createPositionController: component=Clock, key=TapToShow
09-26 10:33:19.907 I/FaceWidgetPositionControllerImpl[TapToShow]( 2882): initPosition: mRange = Rect(-18, 0 - 18, 36), mParams = ViewPositionParams {name = TapToShow, width = 0, height = 0, left = -24, top = 0, right = 24, bottom = 48, offset = Point(0, 0), interval = 10, gravity = 49, high = true, baseScreenSizeRate = 0.0, initialBottomMargin = 0}
09-26 10:33:19.907 I/AODFaceWidgetManager( 2882): getLockClockGravity: clip layout gravity = 17
09-26 10:33:19.907 I/AODFaceWidgetManager( 2882): getLockClockGravity: clip layout gravity = 17
09-26 10:33:19.907 D/AODFaceWidgetManager( 2882): getPositionOffsetY: lockY = 260, keepPosition =true
09-26 10:33:19.907 I/AODFaceWidgetManager( 2882): getPositionOffset: (0, 0)
09-26 10:33:19.907 I/AODFaceWidgetModel( 2882): updatePositionControllerOffset: needPositionUpdate lockClockGravity = 17, lockY = 260, containerWidth = 1080
09-26 10:33:19.908 W/KeyguardSliceViewCtrl( 2882): Keyguard slice not bound yet?
09-26 10:33:19.908 I/FaceWidgetViewModel( 2882): dozeTimeTick: 
09-26 10:33:19.908 D/FaceWidgetPagesController( 2882): refreshViews() reason = DEFAULT, force = false
09-26 10:33:19.909 D/FaceWidgetClockPage( 2882): refreshViews#start
09-26 10:33:19.909 I/DigitalVerticalClockView_LOCK_SCREEN_1@974( 2882): refresh : true
09-26 10:33:19.911 I/DigitalVerticalClockView_LOCK_SCREEN_1@974( 2882): onTimeChanged : [DateTimeInfo : date = Fri, September 26, hourMin = 10:33, hourMinSec = , hour = 10, minute = 33, amPm  = AM, colon = :, second = , timezone = null, isLeftOfAmPm = false, ttsDate = Friday, September 26], timeInMillis = 1758897199909
09-26 10:33:19.911 I/DigitalVerticalClockView_LOCK_SCREEN_1@974( 2882): updatePaletteItemTransition : paletteItem = SOLID color : FFCCCCCC, animation = false, dozeAmount = 1.0
09-26 10:33:19.911 D/FaceWidgetClockPage( 2882): refreshViews#end
09-26 10:33:19.912 D/FaceWidgetMusicViewModel( 2882): updateMusicPageColorForVisibility
09-26 10:33:19.912 D/FaceWidgetMusicViewModel( 2882): updateMusicPageColorForVisibility, useLightModeColor = false
09-26 10:33:19.912 I/FaceWidgetPositionControllerImpl[TapToShow]( 2882): getAODFinalPosition() [0,0]
09-26 10:33:19.912 I/ViewPositionControllerManager( 2882): getAODFinalPosition: component=Clock, key=TapToShow, position=Point(0, 0)
09-26 10:33:19.913 D/PowerManagerService( 1588): [api] acquire WakeLock DRAW_WAKE_LOCK                    'Doze' (uid=10039 pid=2882 displayId=-1 lock=48e57bb)
09-26 10:33:19.914 I/FaceWidgetPositionControllerImpl[TapToShow]( 2882): initPosition: mRange = Rect(-18, 0 - 18, 36), mParams = ViewPositionParams {name = TapToShow, width = 0, height = 0, left = -24, top = 0, right = 24, bottom = 48, offset = Point(0, 0), interval = 10, gravity = 49, high = true, baseScreenSizeRate = 0.0, initialBottomMargin = 0}
09-26 10:33:19.914 I/FaceWidgetPositionControllerImpl[TapToShow]( 2882): setAODFinalPosition() mAODFinalPosition = [-15,13], offset[0,0]
09-26 10:33:19.914 I/FaceWidgetPositionControllerImpl[TapToShow]( 2882): updatePosition: mCurPoint = Point(-15, 13), mRange = Rect(-18, 0 - 18, 36), count = 1, interval = 10, offset= Point(0, 0)
09-26 10:33:19.914 I/AlwaysOnDisplayEx( 2882): startAOD : normal
09-26 10:33:19.915 I/AlwaysOnDisplayEx( 2882): proceedStartAOD : current display = portrait, keyguard = portrait, AOD = portrait, rotation flow type = 0 FirstScreenOrientation = 5
09-26 10:33:19.915 I/AlwaysOnDisplayEx( 2882): setGripData clear
09-26 10:33:19.915 D/SemInputDeviceManager( 1588): setProperty: (0) CMD,GRIP_DATA,0,0,0,0
09-26 10:33:19.916 D/SemInputDevice:TSP( 1588): SetPropertyTask: CMD,set_grip_data,0,0,0,0 [09-26 10:33:19.915]
09-26 10:33:19.917 I/OomAdjuster( 1588): Excessive Resource Usage detectd task: CEM  : 10391:com.zhiliaoapp.musically/u0a376
09-26 10:33:19.918 I/sysinput:Touch( 1330): writeInformation:249, OK
09-26 10:33:19.918 D/SysinputHAL_V1_3(V1_2)( 1588): runTspCmdNoRead(TSP(1)): set_grip_data,0,0,0,0 ret=0
09-26 10:33:19.920 I/FaceWidgetPositionControllerImpl[TapToShow]( 2882): getAODFinalPosition() [-15,13]
09-26 10:33:19.920 I/ViewPositionControllerManager( 2882): getAODFinalPosition: component=Clock, key=TapToShow, position=Point(-15, 13)
09-26 10:33:19.920 I/SecKeyguardClockPositionAlgorithm( 2882): getClockContainerPosition() clockX=0, aodX=-15, finalX=0, clockY=260, aodY=13, finalY=260
09-26 10:33:19.923 I/AlwaysOnDisplayEx( 2882): onStartAODAfterRotation: 
09-26 10:33:19.924 W/KeyguardSliceViewCtrl( 2882): Keyguard slice not bound yet?
09-26 10:33:19.924 I/FaceWidgetViewModel( 2882): dozeTimeTick: 
09-26 10:33:19.924 D/FaceWidgetPagesController( 2882): refreshViews() reason = DEFAULT, force = false
09-26 10:33:19.924 D/FaceWidgetClockPage( 2882): refreshViews#start
09-26 10:33:19.924 I/DigitalVerticalClockView_LOCK_SCREEN_1@974( 2882): refresh : true
09-26 10:33:19.925 I/DigitalVerticalClockView_LOCK_SCREEN_1@974( 2882): onTimeChanged : [DateTimeInfo : date = Fri, September 26, hourMin = 10:33, hourMinSec = , hour = 10, minute = 33, amPm  = AM, colon = :, second = , timezone = null, isLeftOfAmPm = false, ttsDate = Friday, September 26], timeInMillis = 1758897199924
09-26 10:33:19.925 I/DigitalVerticalClockView_LOCK_SCREEN_1@974( 2882): updatePaletteItemTransition : paletteItem = SOLID color : FFCCCCCC, animation = false, dozeAmount = 1.0
09-26 10:33:19.926 D/FaceWidgetClockPage( 2882): refreshViews#end
09-26 10:33:19.926 D/FaceWidgetMusicViewModel( 2882): updateMusicPageColorForVisibility
09-26 10:33:19.926 D/FaceWidgetMusicViewModel( 2882): updateMusicPageColorForVisibility, useLightModeColor = false
09-26 10:33:19.926 I/PaletteController( 2882): getPaletteItem = PALETTE_LOCK
09-26 10:33:19.926 I/PaletteController( 2882): getAdjustedAODColorItem: palette SOLID color : FFFAFAFA -> SOLID color : FFCCCCCC
09-26 10:33:19.927 I/AODCommonUtils( 2882): isSupportLiveClockImageProcessing liveClockVersion = 7
09-26 10:33:19.927 I/AODCommonUtils( 2882): isSupportLiveClockImagePrecessing : live clock NOT work - old device
09-26 10:33:19.927 I/AlwaysOnDisplayEx( 2882): isNeedLiveClockImageProcessing : false
09-26 10:33:19.927 I/AOD_LIVE_CLOCK@LiveClockController( 2882): setNeedToRefreshFlagToPreference = false
09-26 10:33:19.927 I/AOD_WAKELOCK@WakeLockManager( 2882): acquireIfExists: tag - AOD_EnsureWorkingTime, timeout - 1500, reason - start delay by 0, wakeLock = WakeLock{4232ec7 held=true, refCount=3}
09-26 10:33:19.927 I/AODStateMachine( 2882): request : (CHARGING) --> (PRE_PROCESSING) : canTransition (true)
09-26 10:33:19.928 E/MODManager( 2882): hideSubUIChargingInfo skip because mAODChargingInfoSubUiPresenter is null
09-26 10:33:19.928 I/AOD_CONFIG@AODConfigurationController( 2882): [transitionTo] CHARGING >> PRE_PROCESSING
09-26 10:33:19.928 I/AOD_CONFIG@AODConfigurationController( 2882): registerMonitor MONITOR_SEMCONTEXT
09-26 10:33:19.928 I/AOD_CONFIG@AODConfigurationController( 2882): registerMonitor MONITOR_BROADCAST_PSM
09-26 10:33:19.929 I/AOD_CONFIG@AODConfigurationController( 2882): registerMonitor MONITOR_BROADCAST_WALLPAPER
09-26 10:33:19.929 E/AOD_CONFIG@AODConfigurationController( 2882): Skipping initialize MONITOR_FOLD_STATE - no registered monitor
09-26 10:33:19.929 I/AOD_CONFIG@AODConfigurationController( 2882): registerMonitor MONITOR_BROADCAST_ROAMING
09-26 10:33:19.929 I/AOD_CONFIG@AODConfigurationController( 2882): registerMonitor MONITOR_WEATHER_INFO_ENABLED
09-26 10:33:19.931 I/AOD_CONFIG@AODConfigurationController( 2882): registerMonitor MONITOR_BROADCAST_OMC
09-26 10:33:19.931 D/AODOverlayContainer( 2882): setVisibility 8
09-26 10:33:19.931 I/AODAlarmTimer_AOD_CHARGING_INFO_TICK( 2882): cancelAlarm: 
09-26 10:33:19.932 D/SemContextService( 1588): lock : registerCallback
09-26 10:33:19.932 W/CAE     ( 1588): registerCallback(ContextAwareService.java:188) - [regi 01] Mutex is locked for DEVICE_PHYSICAL_CONTEXT_MONITOR
09-26 10:33:19.932 W/CAE     ( 1588): registerCallback(ContextAwareService.java:195) - [regi 04]  com.samsung.android.contextaware.ContextAwareManager$CaListenerDelegate@22daf8f
09-26 10:33:19.932 W/CAE     ( 1588): getListener(ListenerListManager.java:127) - [getListener1]  com.samsung.android.contextaware.ContextAwareManager$CaListenerDelegate@22daf8f
09-26 10:33:19.932 W/CAE     ( 1588): getListener(ListenerListManager.java:128) - [getListener2]  com.samsung.android.contextaware.manager.ContextAwareService$Listener@8fd2eee
09-26 10:33:19.932 V/CAE     ( 1588): start(ContextProvider.java:128)
09-26 10:33:19.933 V/CAE     ( 1588): clear(DevicePhysicalContextMonitorRunner.java:680)
09-26 10:33:19.933 V/CAE     ( 1588): enable(DevicePhysicalContextMonitorRunner.java:654)
09-26 10:33:19.933 D/SensorService( 1588): setSContextDataLocked ints length 3 , byte length 6
09-26 10:33:19.933 D/SensorService( 1588): setSContextDataLocked e0038b1
09-26 10:33:19.933 I/sensors-hal( 1209): inject_sensor_data:562, handle 1501 send inject
09-26 10:33:19.933 I/sensors-hal( 1209): sendContextData:286, sensor hal 6, (0xb1, 0x38, 0x0, 0xe)
09-26 10:33:19.933 I/sensors-hal( 1209): sendContextData:344, enable:177, handle:19, algo:16842752
09-26 10:33:19.934 D/AODChargingModel( 2882): unregisterChargingLightSensor()
09-26 10:33:19.935 E/sensors-hal( 1209): is_restrict_mode:138, fread fail
09-26 10:33:19.935 I/sensors-hal( 1209): sendContextData:191, AOD enable
09-26 10:33:19.936 E/minksocket( 1169): MinkIPC_QRTR_Service: client with node 1 port 6504 went down
09-26 10:33:19.937 E/minksocket( 1169): MinkIPC_QRTR_Service: client with node 1 port 6505 went down
09-26 10:33:19.938 E/minksocket( 1169): MinkIPC_QRTR_Service: client with node 1 port 6506 went down
09-26 10:33:19.938 I/sensors-hal( 1209): create_sensor_config_request:57, aod config_request
09-26 10:33:19.938 E/minksocket( 1169): MinkIPC_QRTR_Service: client with node 1 port 6507 went down
09-26 10:33:19.938 I/sensors-hal( 1209): makeUserData:177, AOD 177 56 0 14
09-26 10:33:19.938 I/sensors-hal( 1209): create_send_context_data:72, aod context_data
09-26 10:33:19.938 I/sensors-hal( 1209): send_context_data:656, aod, 4803839888859682, 1320970896291267344, msgid:700
09-26 10:33:19.941 I/sensors-hal( 1209): activate:434, android.sensor.light/51 en=0
09-26 10:33:19.942 I/sensors-hal( 1209): deactivate:384, disconnect qmi to disable sensor
09-26 10:33:19.942 I/sensors-hal( 1209): activate:452, android.sensor.light/51 en=0 completed
09-26 10:33:19.942 D/CAE     ( 1588): getFaultDetectionResult(DevicePhysicalContextMonitorRunner.java:704) - true
09-26 10:33:19.942 I/CAE     ( 1588): notifyCmdProcessResultObserver(ContextProvider.java:627) - CheckResult = 0, Cause = Success
09-26 10:33:19.942 E/minksocket( 1169): MinkIPC_QRTR_Service: client with node 1 port 6503 went down
09-26 10:33:19.942 D/SensorManager( 2882): unregisterListener
09-26 10:33:19.942 I/AODLightSensorModel( 2882): registerLightSensor - need not register light sensor because of SUPPORT_BRIGHTNESS_CONTROL
09-26 10:33:19.943 I/AODUiController( 2882): attachAODView: showImmediately = true policy = AODUIPolicy : AODPolicy : mClockInfo = [ClockInfo: ClockType = 1, Category = LOCK_SCREEN, Name = DIGITAL_VERTICAL, Default = true, mClockGroup = 1, mSettingGroup = 2, mClockUIType = 2, FaceClockType = -1, mHasWallpaper = false, mAreaOnWallpaper = center, mScalePivot = 4112, mCustomType = 1, mCustomImageColorArray = null, mCustomAnimationStringArray = null, mCustomColorDuoUpperArray = null, mCustomColorDuoLowerArray = null, mModuleInfo = null, mModuleClockLayoutId = -1], mPaletteColorIndex = 0, mCustomColor = -1, mIsAdaptiveColorMode = false, mIsSeamlessEnabled = false, mIsLiveClockEnabled = false, mIsSelfMoveEnabled = false, mIsDelayLiveClockEnabled = false, mIsTapToShowEnabled = true, mIsShowForNewNotiEnabled = false, mIsWonderLandAmbientWallpaperEnabled = false, mIsSleepStateEnabled = false, mPageType = 1, mIsNotificationEnabled = true, mIsPinIconEnabled = true, mIsPinnedContentEnabled = false, mIsSmartAlertEnabled = false, mIsHomeKeyEnabled = false, mTSPEventEnabled = true, mScreenEventEnabled = true, mIsRoamingState = false, mIsBatteryInfoEnabled = true, mIsBrightnessControllerEnabled = false, mIsMusicInfoEnabled = false, mIsNeedToRequestCalendar = false, mContentGravity = 1, mIsChargingInfoEnabled = true, mScreenOrientation = 5, mIsDashboardSupported = true, mUiType = 1, mIsImageOnlyTestMode = false, mIsOverlayScrimEnabled = false, mIsImageOprTestMode = false, mIsImageOnlyPositionControlTestMode = false, mClockFontType = 0, mClockFontPath = , mClockFontVariationSettings = 'wght' 500, 'RNDN' 20, mClockShowDateInfoFirst = false, mMovingType = WIDE, mClockDateColorLiveData = -3355444, mNeedClockContainer = true, mClockAdaptiveColor = -328966, [AODStar: mIsAodStarEnabled = false, mIsClockAreaDisabled = true, mClockScaleValue = 1.0, mIsAODChargingInfoEnabled = true, mIsClockChargingInfoEnabled = false, mNotificationColor =0, mWeatherInfoEnabled =false]
09-26 10:33:19.943 D/CAE     ( 1588): doCommendProcess(ContextAwareService.java:396) - complete notify the operation result.
09-26 10:33:19.943 I/ResourceUtils( 2882): initDisplayValues LogicalHeight 2400 LogicalWidth = 1080 DisplayDeviceType = -1, sIsLandscape = false
09-26 10:33:19.943 I/CAE     ( 1588): displayUsedCountForService(ContextAwareService.java:460) - totalCnt = 1, serviceCount = 1, subCollectionCount = 0
09-26 10:33:19.943 I/AODUiController( 2882): resetOverlayContainer: 
09-26 10:33:19.943 D/CAE     ( 1588): showListenerList(ContextAwareService.java:325) - ===== Context Aware Service List =====
09-26 10:33:19.943 I/AODFaceWidgetManager( 2882): getLockClockGravity: clip layout gravity = 17
09-26 10:33:19.943 I/CAE     ( 1588): showListenerList(ContextAwareService.java:334) - Listener : com.samsung.android.contextaware.manager.ContextAwareService$Listener@8fd2eee, Service : ACTIVITY_TRACKER_INTERRUPT(1)
09-26 10:33:19.943 I/AODFaceWidgetManager( 2882): getLockClockGravity: clip layout gravity = 17
09-26 10:33:19.943 D/AODFaceWidgetManager( 2882): getPositionOffsetY: lockY = 260, keepPosition =true
09-26 10:33:19.943 I/AODFaceWidgetManager( 2882): getPositionOffset: (0, 0)
09-26 10:33:19.943 I/CAE     ( 1588): showListenerList(ContextAwareService.java:334) - Listener : com.samsung.android.contextaware.manager.ContextAwareService$Listener@8fd2eee, Service : SLOCATION_RUNNER(1)
09-26 10:33:19.943 I/AODClockViewModel( 2882): AODClockController: 
09-26 10:33:19.943 I/CAE     ( 1588): showListenerList(ContextAwareService.java:334) - Listener : com.samsung.android.contextaware.manager.ContextAwareService$Listener@8fd2eee, Service : DEVICE_PHYSICAL_CONTEXT_MONITOR(1)
09-26 10:33:19.943 I/AODClockViewModel( 2882): initPageParams: LOCK_SCREEN
09-26 10:33:19.944 I/CAE     ( 1588): showListenerList(ContextAwareService.java:334) - Listener : com.samsung.android.contextaware.manager.ContextAwareService$Listener@8fd2eee, Service : FREE_FALL_DETECTION(1)
09-26 10:33:19.944 I/AODClockViewModel( 2882): initView: clock
09-26 10:33:19.944 W/CAE     ( 1588): registerCallback(ContextAwareService.java:209) - [regi 02] Mutex is unlocked for DEVICE_PHYSICAL_CONTEXT_MONITOR
09-26 10:33:19.944 W/CAE     ( 1588): setCAProperty(ContextAwareService.java:509) - [setProperty 01] Mutex is locked for DEVICE_PHYSICAL_CONTEXT_MONITOR
09-26 10:33:19.945 D/SensorService( 1588): setSContextDataLocked ints length 4 , byte length 9
09-26 10:33:19.945 D/SensorService( 1588): setSContextDataLocked 43817c1
09-26 10:33:19.945 I/sensors-hal( 1209): inject_sensor_data:562, handle 1501 send inject
09-26 10:33:19.945 I/sensors-hal( 1209): sendContextData:286, sensor hal 9, (0xc1, 0x17, 0x38, 0x4)
09-26 10:33:19.945 I/sensors-hal( 1209): makeUserData:177, AOD 193 23 56 4
09-26 10:33:19.945 I/sensors-hal( 1209): create_send_context_data:72, aod context_data
09-26 10:33:19.945 I/sensors-hal( 1209): send_context_data:656, aod, 4803839888859682, 1320970896291267344, msgid:700
09-26 10:33:19.945 I/AODClockContainer( 2882): dispatchParamsChanged: 
09-26 10:33:19.945 I/AODClockContainer( 2882): updateClockStyle: 
09-26 10:33:19.946 I/DigitalVerticalClockView( 2882): initAbsClock : mClockType = 1, formatDate = EEEMMMMd, dateType = 1, timezone = null, hasSeconds = false, tickInterval = 1000, format2DigitHour = true, suspend = false, mHasBatteryInfo = false, mScalable = true, mNoneScaleParam = [ScaleParam : scaleRatio = 1.0, bottomMargin = 0, minHeight = 0], mMediumScaleParam = [ScaleParam : scaleRatio = 0.92, bottomMargin = 40, minHeight = 684], mSmallScaleParam = [ScaleParam : scaleRatio = 0.58, bottomMargin = 0, minHeight = 258]
09-26 10:33:19.947 I/LocationAccessPolicy( 2862): checkLocationPermission - callingUid: 10039, callingPid: 2882, result: DENIED_SOFT
09-26 10:33:19.947 I/LocationAccessPolicy( 2862): checkLocationPermission - callingUid: 10039, callingPid: 2882, result: DENIED_SOFT
09-26 10:33:19.949 I/CommonUtils( 2882): isNetworkRoaming id=4
09-26 10:33:19.949 I/CommonUtils( 2882): isNetworkRoaming: false
09-26 10:33:19.949 I/DigitalVerticalClockView( 2882): AbsClockView mIsDressRoom : false, mIsRoamingState : false
09-26 10:33:19.950 I/ClockNonePaddingTextView( 2882): ClockNonePaddingTextView: mOriginalFontType = 802, isDefaultFontStyle() = true, mFlipfont  = 0, mFontWeight = 0
09-26 10:33:19.950 I/ClockNonePaddingTextView( 2882): updateTypeface() mOriginalFontType=802, mFixedFontVariationSettings=null
09-26 10:33:19.952 I/ClockNonePaddingTextView( 2882): ClockNonePaddingTextView: mOriginalFontType = 802, isDefaultFontStyle() = true, mFlipfont  = 0, mFontWeight = 0
09-26 10:33:19.952 I/ClockNonePaddingTextView( 2882): updateTypeface() mOriginalFontType=802, mFixedFontVariationSettings=null
09-26 10:33:19.952 W/Layer   ( 1389): gatherBufferInfo: Received unknown dataspace from gralloc
09-26 10:33:19.952 W/ComposerExtn( 1389): DisplayExtnImpl::SetActiveConfig: HWC Display 0 is not registered!
09-26 10:33:19.953 I/ClockTextView( 2882): ClockTextView: mOriginalFontType = 2, isDefaultFontStyle() = true, mFlipfont = 0, mFontWeight = 0
09-26 10:33:19.953 I/ClockTextView( 2882): updateTypeface() mOriginalFontType=2, mFixedFontVariationSettings=null
09-26 10:33:19.954 I/ClockTextView( 2882): ClockTextView: mOriginalFontType = 2, isDefaultFontStyle() = true, mFlipfont = 0, mFontWeight = 0
09-26 10:33:19.954 I/ClockTextView( 2882): updateTypeface() mOriginalFontType=2, mFixedFontVariationSettings=null
09-26 10:33:19.954 I/ClockTextView( 2882): ClockTextView: mOriginalFontType = 2, isDefaultFontStyle() = true, mFlipfont = 0, mFontWeight = 0
09-26 10:33:19.954 I/ClockTextView( 2882): updateTypeface() mOriginalFontType=2, mFixedFontVariationSettings=null
09-26 10:33:19.955 I/DigitalVerticalClockView( 2882): updateAlternateCalendarViewVisibility : false/false
09-26 10:33:19.956 W/CAE     ( 1588): setCAProperty(ContextAwareService.java:515) - [setProperty 02] Mutex is unlocked for DEVICE_PHYSICAL_CONTEXT_MONITOR
09-26 10:33:19.956 D/SemContextService( 1588): 	.registerCallback : 4, client= com.samsung.android.app.aodservice
09-26 10:33:19.956 D/SemContextService( 1588): unlock : registerCallback
09-26 10:33:19.956 D/WallpaperManager( 2882): semGetWallpaperColors: which = 2
09-26 10:33:19.956 D/SemContextManager( 2882):   .registerListener : listener = aod.xw0@82de0dc, service=Carrying Detection
09-26 10:33:19.956 D/SemContextCarryingDetection( 2882): Data value is wrong!!
09-26 10:33:19.956 D/SemContextCarryingDetection( 2882): Data value is wrong!!
09-26 10:33:19.956 D/SemWallpaperColorsArea( 2882): SemWallpaperColorsArea [1080, 2400] which: 6 rotation: 0 has Base: false
09-26 10:33:19.957 D/SemContextService( 1588): lock : changeParameters
09-26 10:33:19.957 D/SemWallpaperColorsArea( 2882): SemWallpaperColorsArea which = 6, mDensity : 3.0, 1080x2400,360x800,26,48, 6
09-26 10:33:19.957 I/SemWallpaperColorsArea( 2882): Final area : Rect(72, 18 - 1008, 78)
09-26 10:33:19.957 I/SemWallpaperColorsArea( 2882): Final area : Rect(120, 480 - 960, 789)
09-26 10:33:19.957 I/SemWallpaperColorsArea( 2882): Final area : Rect(120, 1341 - 960, 1401)
09-26 10:33:19.957 I/SemWallpaperColorsArea( 2882): Final area : Rect(120, 1395 - 960, 1875)
09-26 10:33:19.957 I/SemWallpaperColorsArea( 2882): Final area : Rect(120, 2148 - 960, 2316)
09-26 10:33:19.957 I/SemWallpaperColorsArea( 2882): Final area : Rect(0, 0 - 1080, 2400)
09-26 10:33:19.957 W/CAE     ( 1588): setCAProperty(ContextAwareService.java:509) - [setProperty 01] Mutex is locked for DEVICE_PHYSICAL_CONTEXT_MONITOR
09-26 10:33:19.957 I/DigitalVerticalClockView_LOCK_SCREEN_1@367( 2882): updateIsWhiteWallpaper: changed to true
09-26 10:33:19.957 I/DigitalVerticalClockView_LOCK_SCREEN_1@367( 2882): onWhiteWallpaperChanged: true
09-26 10:33:19.957 I/DigitalVerticalClockView_LOCK_SCREEN_1@367( 2882): setCategory: mIsWhiteWallpaper = true
09-26 10:33:19.957 D/WallpaperManager( 2882): semGetWallpaperColors: which = 2
09-26 10:33:19.957 D/SensorService( 1588): setSContextDataLocked ints length 3 , byte length 7
09-26 10:33:19.957 D/SensorService( 1588): setSContextDataLocked 33817c1
09-26 10:33:19.957 D/SemWallpaperColorsArea( 2882): SemWallpaperColorsArea [1080, 2400] which: 6 rotation: 0 has Base: false
09-26 10:33:19.957 I/sensors-hal( 1209): inject_sensor_data:562, handle 1501 send inject
09-26 10:33:19.957 I/sensors-hal( 1209): sendContextData:286, sensor hal 7, (0xc1, 0x17, 0x38, 0x3)
09-26 10:33:19.957 I/sensors-hal( 1209): makeUserData:177, AOD 193 23 56 3
09-26 10:33:19.957 D/SemWallpaperColorsArea( 2882): SemWallpaperColorsArea which = 6, mDensity : 3.0, 1080x2400,360x800,26,48, 6
09-26 10:33:19.957 I/sensors-hal( 1209): create_send_context_data:72, aod context_data
09-26 10:33:19.957 I/SemWallpaperColorsArea( 2882): Final area : Rect(72, 18 - 1008, 78)
09-26 10:33:19.958 I/SemWallpaperColorsArea( 2882): Final area : Rect(120, 480 - 960, 789)
09-26 10:33:19.958 I/sensors-hal( 1209): send_context_data:656, aod, 4803839888859682, 1320970896291267344, msgid:700
09-26 10:33:19.958 I/SemWallpaperColorsArea( 2882): Final area : Rect(120, 1341 - 960, 1401)
09-26 10:33:19.958 I/SemWallpaperColorsArea( 2882): Final area : Rect(120, 1395 - 960, 1875)
09-26 10:33:19.958 I/SemWallpaperColorsArea( 2882): Final area : Rect(120, 2148 - 960, 2316)
09-26 10:33:19.958 I/SemWallpaperColorsArea( 2882): Final area : Rect(0, 0 - 1080, 2400)
09-26 10:33:19.958 I/DigitalVerticalClockView_LOCK_SCREEN_1@367( 2882): updateShadowStyle: shadow : [ShadowStyle: shadowRadius = 0.0, shadowDx = 0.0, shadowDy = 0.0, shadowColor = 0]
09-26 10:33:19.958 D/WallpaperManager( 2882): semGetWallpaperColors: which = 2
09-26 10:33:19.958 D/SemWallpaperColorsArea( 2882): SemWallpaperColorsArea [1080, 2400] which: 6 rotation: 0 has Base: false
09-26 10:33:19.958 D/SemWallpaperColorsArea( 2882): SemWallpaperColorsArea which = 6, mDensity : 3.0, 1080x2400,360x800,26,48, 6
09-26 10:33:19.958 I/SemWallpaperColorsArea( 2882): Final area : Rect(72, 18 - 1008, 78)
09-26 10:33:19.958 I/SemWallpaperColorsArea( 2882): Final area : Rect(120, 480 - 960, 789)
09-26 10:33:19.958 I/SemWallpaperColorsArea( 2882): Final area : Rect(120, 1341 - 960, 1401)
09-26 10:33:19.958 I/SemWallpaperColorsArea( 2882): Final area : Rect(120, 1395 - 960, 1875)
09-26 10:33:19.958 I/SemWallpaperColorsArea( 2882): Final area : Rect(120, 2148 - 960, 2316)
09-26 10:33:19.958 I/SemWallpaperColorsArea( 2882): Final area : Rect(0, 0 - 1080, 2400)
09-26 10:33:19.959 I/DigitalVerticalClockView_LOCK_SCREEN_1@367( 2882): setDozing: true
09-26 10:33:19.959 I/DigitalVerticalClockView_LOCK_SCREEN_1@367( 2882): onDozingChanged: 
09-26 10:33:19.959 I/DigitalVerticalClockView_LOCK_SCREEN_1@367( 2882): updateIsWhiteWallpaper: changed to false
09-26 10:33:19.959 I/DigitalVerticalClockView_LOCK_SCREEN_1@367( 2882): onWhiteWallpaperChanged: false
09-26 10:33:19.959 I/PaletteController( 2882): getPaletteItem = PALETTE_LOCK
09-26 10:33:19.959 I/DigitalVerticalClockView_LOCK_SCREEN_1@367( 2882): getAdjustedAODColorItem: palette SOLID color : FFFAFAFA -> SOLID color : FFCCCCCC
09-26 10:33:19.959 I/DigitalVerticalClockView_LOCK_SCREEN_1@367( 2882): updateBaseTargetPaletteItem: base=SOLID color : FFFAFAFA, target=SOLID color : FFCCCCCC
09-26 10:33:19.959 I/DigitalVerticalClockView_LOCK_SCREEN_1@367( 2882): refreshColor: Preset
09-26 10:33:19.959 I/PaletteController( 2882): getPaletteItem = PALETTE_LOCK
09-26 10:33:19.959 I/DigitalVerticalClockView_LOCK_SCREEN_1@367( 2882): getAdjustedAODColorItem: palette SOLID color : FFFAFAFA -> SOLID color : FFCCCCCC
09-26 10:33:19.959 I/DigitalVerticalClockView_LOCK_SCREEN_1@367( 2882): updateBaseTargetPaletteItem: base=SOLID color : FFFAFAFA, target=SOLID color : FFCCCCCC
09-26 10:33:19.959 I/DigitalVerticalClockView_LOCK_SCREEN_1@367( 2882): setPaletteIndex : index = 0, mIsWhiteWallpaper = false, PaletteItem = SOLID color : FFCCCCCC
09-26 10:33:19.959 W/CAE     ( 1588): setCAProperty(ContextAwareService.java:515) - [setProperty 02] Mutex is unlocked for DEVICE_PHYSICAL_CONTEXT_MONITOR
09-26 10:33:19.959 D/SemContextService( 1588): unlock : changeParameters
09-26 10:33:19.959 I/DigitalVerticalClockView_LOCK_SCREEN_1@367( 2882): updateShadowStyle: shadow : [ShadowStyle: shadowRadius = 6.0, shadowDx = 0.0, shadowDy = 0.0, shadowColor = 1A000000]
09-26 10:33:19.960 D/SemContextManager( 2882):   .changeParameters : listener = aod.xw0@82de0dc, service=Carrying Detection
09-26 10:33:19.960 I/DigitalVerticalClockView_LOCK_SCREEN_1@367( 2882): setFontType: fontType = 0 -> 0, fontPath =  -> , variationSettings =  -> 'wght' 500, 'RNDN' 20
09-26 10:33:19.960 I/ClockNonePaddingTextView( 2882): fixFontType: fontType=0, fontVariationSettings='wght' 500, 'RNDN' 20
09-26 10:33:19.960 I/AODStarSettingsUtil( 2882): isAutoBrightnessEnabledtrue
09-26 10:33:19.960 D/SemContextService( 1588): lock : changeParameters
09-26 10:33:19.960 W/CAE     ( 1588): setCAProperty(ContextAwareService.java:509) - [setProperty 01] Mutex is locked for DEVICE_PHYSICAL_CONTEXT_MONITOR
09-26 10:33:19.960 I/ClockNonePaddingTextView( 2882): updateTypeface() mOriginalFontType=802, mFixedFontVariationSettings='wght' 500, 'RNDN' 20
09-26 10:33:19.960 D/SensorService( 1588): setSContextDataLocked ints length 3 , byte length 7
09-26 10:33:19.960 D/SensorService( 1588): setSContextDataLocked 33817c1
09-26 10:33:19.960 I/sensors-hal( 1209): inject_sensor_data:562, handle 1501 send inject
09-26 10:33:19.961 I/sensors-hal( 1209): sendContextData:286, sensor hal 7, (0xc1, 0x17, 0x38, 0x3)
09-26 10:33:19.961 I/sensors-hal( 1209): makeUserData:177, AOD 193 23 56 3
09-26 10:33:19.961 I/sensors-hal( 1209): create_send_context_data:72, aod context_data
09-26 10:33:19.961 I/sensors-hal( 1209): send_context_data:656, aod, 4803839888859682, 1320970896291267344, msgid:700
09-26 10:33:19.961 I/ClockNonePaddingTextView( 2882): fixFontType: fontType=0, fontVariationSettings='wght' 500, 'RNDN' 20
09-26 10:33:19.961 I/ClockNonePaddingTextView( 2882): updateTypeface() mOriginalFontType=802, mFixedFontVariationSettings='wght' 500, 'RNDN' 20
09-26 10:33:19.961 I/DigitalVerticalClockView_LOCK_SCREEN_1@367( 2882): refresh : false
09-26 10:33:19.961 I/DigitalVerticalClockView_LOCK_SCREEN_1@367( 2882): setShowWeatherInformation: isShowWeatherInformation = false
09-26 10:33:19.961 I/DigitalVerticalClockView_LOCK_SCREEN_1@367( 2882): setShowDateInfoFirst: isShowDateInfoFirst = false
09-26 10:33:19.961 I/DigitalVerticalClockView_LOCK_SCREEN_1@367( 2882): updateWeatherInfo -> WeatherInfo: isEnabled = false, drawable = false, temperature = 
09-26 10:33:19.962 I/DigitalVerticalClockView_LOCK_SCREEN_1@367( 2882): onWeatherInfoChanged -> show = false, info = WeatherInfo: isEnabled = false, drawable = false, temperature = 
09-26 10:33:19.962 W/CAE     ( 1588): setCAProperty(ContextAwareService.java:515) - [setProperty 02] Mutex is unlocked for DEVICE_PHYSICAL_CONTEXT_MONITOR
09-26 10:33:19.962 D/SemContextService( 1588): unlock : changeParameters
09-26 10:33:19.963 D/SemContextManager( 2882):   .changeParameters : listener = aod.xw0@82de0dc, service=Carrying Detection
09-26 10:33:19.963 D/SemContextService( 1588): lock : changeParameters
09-26 10:33:19.963 W/CAE     ( 1588): setCAProperty(ContextAwareService.java:509) - [setProperty 01] Mutex is locked for DEVICE_PHYSICAL_CONTEXT_MONITOR
09-26 10:33:19.963 D/SensorService( 1588): setSContextDataLocked ints length 4 , byte length 9
09-26 10:33:19.963 D/SensorService( 1588): setSContextDataLocked 43817c1
09-26 10:33:19.963 I/sensors-hal( 1209): inject_sensor_data:562, handle 1501 send inject
09-26 10:33:19.963 I/sensors-hal( 1209): sendContextData:286, sensor hal 9, (0xc1, 0x17, 0x38, 0x4)
09-26 10:33:19.963 I/sensors-hal( 1209): makeUserData:177, AOD 193 23 56 4
09-26 10:33:19.963 I/sensors-hal( 1209): create_send_context_data:72, aod context_data
09-26 10:33:19.963 I/sensors-hal( 1209): send_context_data:656, aod, 4803839888859682, 1320970896291267344, msgid:700
09-26 10:33:19.963 I/DigitalVerticalClockView_LOCK_SCREEN_1@367( 2882): suspend : mSuspend = false, enable = true
09-26 10:33:19.963 I/DigitalVerticalClockView_LOCK_SCREEN_1@367( 2882): onSuspendStateChanged: to true
09-26 10:33:19.964 I/PaletteController( 2882): getPaletteItem = PALETTE_LOCK
09-26 10:33:19.964 I/DigitalVerticalClockView_LOCK_SCREEN_1@367( 2882): getAdjustedAODColorItem: palette SOLID color : FFFAFAFA -> SOLID color : FFCCCCCC
09-26 10:33:19.964 I/DigitalVerticalClockView_LOCK_SCREEN_1@367( 2882): updateBaseTargetPaletteItem: base=SOLID color : FFFAFAFA, target=SOLID color : FFCCCCCC
09-26 10:33:19.964 I/DigitalVerticalClockView_LOCK_SCREEN_1@367( 2882): setPaletteIndex : index = 0, mIsWhiteWallpaper = false, PaletteItem = SOLID color : FFCCCCCC
09-26 10:33:19.964 I/DigitalVerticalClockView_LOCK_SCREEN_1@367( 2882): updateShadowStyle: shadow : [ShadowStyle: shadowRadius = 6.0, shadowDx = 0.0, shadowDy = 0.0, shadowColor = 1A000000]
09-26 10:33:19.964 I/AODClockViewModel( 2882): initLiveClockManager LiveClock disabled
09-26 10:33:19.964 I/AODAdditionalUIContainer( 2882): AODAdditionalUIContainer: 
09-26 10:33:19.965 W/CAE     ( 1588): setCAProperty(ContextAwareService.java:515) - [setProperty 02] Mutex is unlocked for DEVICE_PHYSICAL_CONTEXT_MONITOR
09-26 10:33:19.965 D/SemContextService( 1588): unlock : changeParameters
09-26 10:33:19.965 D/SemContextManager( 2882):   .changeParameters : listener = aod.xw0@82de0dc, service=Carrying Detection
09-26 10:33:19.965 D/SemContextService( 1588): lock : changeParameters
09-26 10:33:19.965 W/CAE     ( 1588): setCAProperty(ContextAwareService.java:509) - [setProperty 01] Mutex is locked for DEVICE_PHYSICAL_CONTEXT_MONITOR
09-26 10:33:19.966 D/SensorService( 1588): setSContextDataLocked ints length 4 , byte length 9
09-26 10:33:19.966 D/SensorService( 1588): setSContextDataLocked 43817c1
09-26 10:33:19.966 I/sensors-hal( 1209): inject_sensor_data:562, handle 1501 send inject
09-26 10:33:19.966 I/sensors-hal( 1209): sendContextData:286, sensor hal 9, (0xc1, 0x17, 0x38, 0x4)
09-26 10:33:19.966 I/sensors-hal( 1209): makeUserData:177, AOD 193 23 56 4
09-26 10:33:19.966 I/sensors-hal( 1209): create_send_context_data:72, aod context_data
09-26 10:33:19.966 I/sensors-hal( 1209): send_context_data:656, aod, 4803839888859682, 1320970896291267344, msgid:700
09-26 10:33:19.966 I/AODAdditionalUIContainer( 2882): initViews: tool
09-26 10:33:19.967 W/CAE     ( 1588): setCAProperty(ContextAwareService.java:515) - [setProperty 02] Mutex is unlocked for DEVICE_PHYSICAL_CONTEXT_MONITOR
09-26 10:33:19.968 D/SemContextService( 1588): unlock : changeParameters
09-26 10:33:19.968 D/SemContextManager( 2882):   .changeParameters : listener = aod.xw0@82de0dc, service=Carrying Detection
09-26 10:33:19.985 I/ViewPositionControllerManager( 2882): registerListener: component=PinButton
09-26 10:33:19.985 I/ViewPositionControllerManager( 2882): createPositionController: component=PinButton, key=PortPinButton
09-26 10:33:19.987 I/FaceWidgetPositionControllerImpl[PortPinButton]( 2882): initPosition: mRange = Rect(-45, -30 - 45, 60), mParams = ViewPositionParams {name = PortPinButton, width = 0, height = 0, left = -60, top = -40, right = 60, bottom = 80, offset = Point(0, 0), interval = 10, gravity = 17, high = false, baseScreenSizeRate = 0.0, initialBottomMargin = 0}
09-26 10:33:19.987 I/FaceWidgetPositionControllerImpl[PortPinButton]( 2882): initPosition: mRange = Rect(-45, -30 - 45, 60), mParams = ViewPositionParams {name = PortPinButton, width = 0, height = 0, left = -60, top = -40, right = 60, bottom = 80, offset = Point(0, 0), interval = 10, gravity = 17, high = false, baseScreenSizeRate = 0.0, initialBottomMargin = 0}
09-26 10:33:19.987 I/FaceWidgetPositionControllerImpl[PortPinButton]( 2882): setAODFinalPosition() mAODFinalPosition = [29,-13], offset[0,0]
09-26 10:33:19.987 I/FaceWidgetPositionControllerImpl[PortPinButton]( 2882): updatePosition: mCurPoint = Point(29, -13), mRange = Rect(-45, -30 - 45, 60), count = 1, interval = 10, offset= Point(0, 0)
09-26 10:33:19.987 I/FaceWidgetPositionControllerImpl[PortPinButton]( 2882): getAODFinalPosition() [29,-13]
09-26 10:33:19.988 I/ViewPositionControllerManager( 2882): getAODFinalPosition: component=PinButton, key=PortPinButton, position=Point(29, -13)
09-26 10:33:19.988 I/AODPinController( 2882): setPinIconVisibility : false
09-26 10:33:19.988 D/FaceWidgetViewModel( 2882): requestAODState() false -> true,  isNeedToTransition = false
09-26 10:33:19.988 D/FaceWidgetViewModel( 2882): updateInfoParameters(aod) isAODState = false, clockSidePadding = (0, 0), musicSidePadding = (30, 30)
09-26 10:33:19.988 D/FaceWidgetMusicPageShownManager( 2882): mCurrentMediaData is NULL
09-26 10:33:19.988 D/FaceWidgetMusicPageShownManager( 2882): updateMusicPageShownState() show = false, reattach = false, reason = aod
09-26 10:33:19.988 D/FaceWidgetMusicPageShownManager( 2882): skip to show media panel
09-26 10:33:19.988 D/FaceWidgetViewModel( 2882): updatePageState() >> START >> LockscreenPageState=SMALL, mReturningPageState=SMALL, mNotiCount=-1, mIsScreenTurnedOn=false, mIsNeedToForceUpdate=false
09-26 10:33:19.988 D/FaceWidgetPagesController( 2882): setPageState() pageState = SMALL -> AOD, forceUpdate = false
09-26 10:33:19.989 D/FaceWidgetRemoteViewsPage_com.samsung.android.forest#screenTime_( 2882): setPageState() pageType = AOD  [ page state :SMALL, orientation : 1] com.samsung.android.app.facewidget.pages.remoteview.FaceWidgetRemoteViewsPage{a8f251c VFE...... ......I. 0,0-0,0}
09-26 10:33:19.989 D/FaceWidgetRemoteViewsPage_com.samsung.android.app.routines#dashboard_( 2882): setPageState() pageType = AOD  [ page state :SMALL, orientation : 1] com.samsung.android.app.facewidget.pages.remoteview.FaceWidgetRemoteViewsPage{98659f0 VFE...... ......I. 0,0-0,0}
09-26 10:33:19.989 D/FaceWidgetMusicPage( 2882): setPageState() pageType = AOD  [ page state :SMALL, orientation : 1] com.samsung.android.app.facewidget.pages.music.FaceWidgetMusicPage{2f63731 VFE...C.. ......I. 0,0-0,0}
09-26 10:33:19.989 D/FaceWidgetMusicPage( 2882): updateContentsView()
09-26 10:33:19.989 D/FaceWidgetMusicPage( 2882): attachContentsView LOCKSCREEN AOD false
09-26 10:33:19.989 D/FaceWidgetMusicPage( 2882): initViews, mPageState = AOD isFullMode = false mIsExpandMode = true
09-26 10:33:19.990 D/FaceWidgetMusicViewModel( 2882): updateMusicPageColorForVisibility
09-26 10:33:19.990 D/FaceWidgetMusicViewModel( 2882): updateMusicPageColorForVisibility, useLightModeColor = false
09-26 10:33:19.990 D/FaceWidgetCalendarEventPage( 2882): setPageState() pageType = AOD  [ page state :SMALL, orientation : 1] com.samsung.android.app.facewidget.pages.calendar.FaceWidgetCalendarEventPage{70e3397 VFE...... ......I. 0,0-0,0}
09-26 10:33:19.990 D/FaceWidgetAlarmPage( 2882): setPageState() pageType = AOD  [ page state :SMALL, orientation : 1] com.samsung.android.app.facewidget.pages.alarm.FaceWidgetAlarmPage{e94354 VFE...... ......I. 0,0-0,0}
09-26 10:33:19.990 D/FaceWidgetRemoteViewsPage_com.samsung.android.oneconnect#ID_( 2882): setPageState() pageType = AOD  [ page state :SMALL, orientation : 1] com.samsung.android.app.facewidget.pages.remoteview.FaceWidgetRemoteViewsPage{2ac85a2 VFE...... ......I. 0,0-0,0}
09-26 10:33:19.991 D/FaceWidgetClockPage( 2882): setPageState() pageType = AOD  [ page state :SMALL, orientation : 1] com.samsung.android.app.facewidget.pages.clock.FaceWidgetClockPage{6b09b6f V.E...... ......ID 0,0-1080,532 #7f0a0454 app:id/keyguard_clock_page}
09-26 10:33:19.998 I/SysUIResourceUtils( 2882): isKeyguardThemeImageClockEnabled: false
09-26 10:33:19.998 I/FaceWidgetClockRoamManager( 2882): shouldShowDualClock() isRoamingClockEnabled=true, isEasyModeEnabled=false, mIsNetworkRoaming=false
09-26 10:33:19.998 D/FaceWidgetClockPage( 2882): getConsideredClockType() , isExpanded=false, isEmergencyMode=false, isMBU=false, isThemeClockEnabled=false, isThemeImageClock=false, shouldShowDualClock=false, shouldShowDefaultClock=false, shouldShowLockThemeClockToAOD=false, aodClockType=1, newClockType=1
09-26 10:33:19.998 D/FaceWidgetClockPage( 2882): updateContentsView() clock type changed : 1 -> 1, isAODStateChanging = true, reason = aod state changing
09-26 10:33:19.998 D/FaceWidgetClockPage( 2882): updateHourDigitChangeType() currentClockType =1 new=1
09-26 10:33:19.998 D/FaceWidgetViewModel( 2882): onClockTypeChanged : 1 -> 1
09-26 10:33:19.998 D/FaceWidgetViewModel( 2882): updateGravity() clockType = 1, isAodClockType = true, gravity = 17
09-26 10:33:19.998 D/FaceWidgetViewModel( 2882): updateInfoParameters(clock type) isAODState = true, clockSidePadding = (73, 73), musicSidePadding = (30, 30)
09-26 10:33:19.998 I/AODFaceWidgetManager( 2882): onLockPositionChanged: false
09-26 10:33:19.998 D/AODFaceWidgetModel( 2882): Lock position changed
09-26 10:33:19.998 I/AODFaceWidgetManager( 2882): getLockClockGravity: clip layout gravity = 17
09-26 10:33:19.998 I/AODFaceWidgetManager( 2882): getLockClockGravity: clip layout gravity = 17
09-26 10:33:19.998 D/AODFaceWidgetManager( 2882): getPositionOffsetY: lockY = 260, keepPosition =true
09-26 10:33:19.998 I/AODFaceWidgetManager( 2882): getPositionOffset: (0, 0)
09-26 10:33:19.998 D/FaceWidgetClockPage( 2882): updateContentsView()
09-26 10:33:19.999 D/FaceWidgetClockPage( 2882): getContentsView() AOD
09-26 10:33:19.999 I/AODClockViewModel( 2882): getClockContainer: 
09-26 10:33:19.999 I/FaceWidgetClockRoamManager( 2882): shouldShowDualClock() isRoamingClockEnabled=true, isEasyModeEnabled=false, mIsNetworkRoaming=false
09-26 10:33:19.999 D/FaceWidgetClockPage( 2882): getContentsView() Lockscreen doesn't need to show clock.
09-26 10:33:19.999 I/KeyguardClockProvider( 2882): getClockVisibility:0
09-26 10:33:19.999 D/SGGLockStarManager( 2882): isClockAnimationEnable, result null
09-26 10:33:19.999 D/SGGLockStarManager( 2882): isClockAnimationEnable, result null
09-26 10:33:19.999 D/FaceWidgetClockPage( 2882): isNeedToTransition() false - blocked by AOD
09-26 10:33:19.999 D/FaceWidgetClockPage( 2882): attachContentsView LOCKSCREEN AOD false
09-26 10:33:19.999 D/PluginAODManager( 2882): onTransitionEnded mClockTransitionStarted:false shouldControlScreenOff : false
09-26 10:33:19.999 I/AODFaceWidgetManager( 2882): onClockPageTransitionEnded: 
09-26 10:33:19.999 I/AODFaceWidgetModel( 2882): onClockPageTransitionEnded: 
09-26 10:33:19.999 I/AODUiController( 2882): attachAdditionalUI: 
09-26 10:33:20.000 I/FaceWidgetViewModel( 2882): onClockTransitionEnded() AOD, isKeyguardVisible= true
09-26 10:33:20.000 I/KeyguardClockProvider( 2882): getClockVisibility:0
09-26 10:33:20.000 D/FaceWidgetViewModel( 2882): setClipLayoutVisibility() currentState = AOD aod visibility = 0
09-26 10:33:20.001 I/DigitalVerticalClockView_LOCK_SCREEN_1@974( 2882): refreshColor: Preset
09-26 10:33:20.001 I/PaletteController( 2882): getPaletteItem = PALETTE_LOCK
09-26 10:33:20.001 I/DigitalVerticalClockView_LOCK_SCREEN_1@974( 2882): getAdjustedAODColorItem: palette SOLID color : FFFAFAFA -> SOLID color : FFCCCCCC
09-26 10:33:20.001 I/DigitalVerticalClockView_LOCK_SCREEN_1@974( 2882): updateBaseTargetPaletteItem: base=SOLID color : FF252525, target=SOLID color : FFCCCCCC
09-26 10:33:20.001 I/DigitalVerticalClockView_LOCK_SCREEN_1@974( 2882): setPaletteIndex : index = 0, mIsWhiteWallpaper = false, PaletteItem = SOLID color : FFCCCCCC
09-26 10:33:20.001 I/DigitalVerticalClockView_LOCK_SCREEN_1@974( 2882): updatePaletteItemTransition : paletteItem = SOLID color : FFCCCCCC, animation = false, dozeAmount = 1.0
09-26 10:33:20.001 I/DigitalVerticalClockView_LOCK_SCREEN_1@974( 2882): updateShadowStyle: shadow : [ShadowStyle: shadowRadius = 6.0, shadowDx = 0.0, shadowDy = 0.0, shadowColor = 1A000000]
09-26 10:33:20.001 I/ComplicationWidgetPluginController( 2882): clock color changed -3355444 , #ffcccccc 
09-26 10:33:20.002 D/PluginFaceWidgetManager( 2882): shouldControlScreenOff() : false
09-26 10:33:20.002 I/ComplicationWidgetPluginController( 2882): animateBlur:255
09-26 10:33:20.002 D/SecKeyguardStatusViewObserver( 2882): onChanged() FaceWidgetContainerLiveData{mIsContainerVisible=true, mClipLayoutVisibility=0, mRotation=0, mIsDashBoardVIRunning=false, mIsAdditionalInfoVisible=8, mAdditionalInfoGravity=17, mClockSideStartPadding=73, mClockSideEndPadding=73, mMusicSideStartPadding=30, mMusicSideEndPadding=30, mInfoSideStartPadding=73, mInfoSideEndPadding=73, mClipLayoutWidth = 1052, mAdditionalInfoRemoteView=null, mIsAdditionalViewGoingToSleep=false, mConfig=CustomConfiguration{fontScale=1.0, screenLayout=268435810, orientation=1, screenWidthDp=360, screenHeightDp=800, smallestScreenWidthDp=360, densityDpi=480, uiMode=33, isRTL=false, mConfiguration={1.0 310mcc240mnc [en_US] ldltr sw360dp w360dp h800dp 480dpi nrml long port night finger -keyb/v/h -nav/h winConfig={ mBounds=Rect(0, 0 - 1080, 2400) mAppBounds=Rect(0, 0 - 1080, 2400) mMaxBounds=Rect(0, 0 - 1080, 2400) mDisplayRotation=ROTATION_0 mWindowingMode=fullscreen mActivityType=undefined mAlwaysOnTop=undefined mRotation=ROTATION_0 mStageConfig=undefined mPopOver=undefined mOverlappingWithCutout=false mCompatSandboxScale=-1.0 mDexTaskDockingState=none mFreeformTaskPinningState=undefined} s.350 fontWeightAdjustment=0 ff=0 bf=0 bts=0 cst=1.0 nightDim=0 desktop/d dm/n ?dc ?dcui themeSeq=0}}}
09-26 10:33:20.002 D/FaceWidgetPagesController( 2882): onGravityChanged()
09-26 10:33:20.003 D/FaceWidgetClockPage( 2882): setClockGravity() gravity = 49
09-26 10:33:20.003 D/FaceWidgetClockPage( 2882): updateClockPadding 
09-26 10:33:20.003 I/AODFaceWidgetManager( 2882): onLockPositionChanged: false
09-26 10:33:20.003 D/AODFaceWidgetModel( 2882): Lock position changed
09-26 10:33:20.003 I/AODFaceWidgetManager( 2882): getLockClockGravity: clip layout gravity = 17
09-26 10:33:20.003 I/AODFaceWidgetManager( 2882): getLockClockGravity: clip layout gravity = 17
09-26 10:33:20.003 D/AODFaceWidgetManager( 2882): getPositionOffsetY: lockY = 260, keepPosition =true
09-26 10:33:20.003 I/AODFaceWidgetManager( 2882): getPositionOffset: (0, 0)
09-26 10:33:20.004 I/SecKeyguardClockPositionAlgorithm( 2882): getClockContainerPosition() clockX=0, aodX=-15, finalX=-15, clockY=260, aodY=13, finalY=273
09-26 10:33:20.004 I/SecKeyguardClockPositionAlgorithm( 2882): getMediaPanelPosition() clockX=-15, clockY=273, facewidgetHeight=580, mediaX=-15, mediaY=853
09-26 10:33:20.004 I/SecKeyguardClockPositionAlgorithm( 2882): run() clockX = -15, clockY = 273, clockAlpha = 1.0, stackScrollerPadding(expand=false) = 853, centerAlignClockType = true, iconTypeTranslationY = 853, position List = [Point(-15, 273), Point(-15, 853), Point(0, 0)], clockContainerHeight = 580, mediaContainerHeight = 0, diffMarginBetweenDetailAndNIO = 0, dozeUIContainerHeight = 0
09-26 10:33:20.004 D/PluginAODManager( 2882): onFaceWidgetPositionChanged
09-26 10:33:20.005 I/DigitalVerticalClockView_LOCK_SCREEN_1@974( 2882): onDetachedFromWindow
09-26 10:33:20.006 I/Pageboost( 1588): Launcher App Execution
09-26 10:33:20.006 I/DigitalVerticalClockView_LOCK_SCREEN_1@974( 2882): updateSubDateTime: notnull? false
09-26 10:33:20.006 I/DigitalVerticalClockView_LOCK_SCREEN_1@974( 2882): updateDozeDateTime: notnull? false
09-26 10:33:20.007 I/DigitalVerticalClockView_LOCK_SCREEN_1@367( 2882): forceRefresh : false millis : [2025-09-26 10:33:20]
09-26 10:33:20.010 I/DigitalVerticalClockView_LOCK_SCREEN_1@367( 2882): onTimeChanged : [DateTimeInfo : date = Fri, September 26, hourMin = 10:33, hourMinSec = , hour = 10, minute = 33, amPm  = AM, colon = :, second = , timezone = null, isLeftOfAmPm = false, ttsDate = Friday, September 26], timeInMillis = 1758897200007
09-26 10:33:20.010 I/DigitalVerticalClockView_LOCK_SCREEN_1@367( 2882): updatePaletteItemTransition : paletteItem = SOLID color : FFCCCCCC, animation = false, dozeAmount = 1.0
09-26 10:33:20.012 I/AODClockContainer( 2882): setScale: 0.975
09-26 10:33:20.013 I/AODClockViewModel( 2882): onViewAttachedToWindow: 
09-26 10:33:20.016 I/sensors-hal( 1209): handle_sns_client_event:86, AOD msg_id 1026
09-26 10:33:20.016 I/sensors-hal( 1209): handle_sns_client_event:86, AOD msg_id 1025
09-26 10:33:20.016 I/sensors-hal( 1209): handle_sns_client_event:98, AOD_debug [simple]event:101,reason:12
09-26 10:33:20.016 I/DigitalVerticalClockView_LOCK_SCREEN_1@367( 2882): onAttachedToWindow : mDateFormatter = DateFormatter : mFormat = EEEMMMMd, mLocaleFormat = EEE, MMMM d, mTimeFormatter = TimeFormatter : mDefaultFormat = [TimeFormats : origin = h:mm a, hourMin = h:mm, , hourMinSec = h:mm:ss, hour = h, min = mm, amPm = a, colon = :], m12hFormat = null, m24hFormat = null, m2DigitHour = true, mHasSeconds = false, mTimeZone = null, mSubDateTimeZone = null, mSuspend = true
09-26 10:33:20.017 I/sensors-hal( 1209): handle_sns_client_event:86, AOD msg_id 1026
09-26 10:33:20.018 D/SensorService( 1588): setSContextDataLocked ints length 3 , byte length 5
09-26 10:33:20.018 D/SensorService( 1588): setSContextDataLocked 210e0ec1
09-26 10:33:20.018 I/sensors-hal( 1209): inject_sensor_data:562, handle 1501 send inject
09-26 10:33:20.018 I/sensors-hal( 1209): sendContextData:286, sensor hal 5, (0xc1, 0xe, 0xe, 0x21)
09-26 10:33:20.018 I/sensors-hal( 1209): sendContextData:229, activities 5 c1, 1
09-26 10:33:20.018 I/sensors-hal( 1209): sendUserData:250, Activities cmd 0xc1 0xe
09-26 10:33:20.018 I/sensors-hal( 1209): sendUserData:264, Activities system time h 14 m 33 s 20
09-26 10:33:20.018 I/sensors-hal( 1209): create_send_context_data:79, sending create_send_context_data
09-26 10:33:20.018 I/sensors-hal( 1209): send_context_data:656, activities, 4914309220830019584, 1320970896291267344, msgid:700
09-26 10:33:20.020 I/sensors-hal( 1209): sendContextData:94, common_info 5
09-26 10:33:20.020 I/sensors-hal( 1209): sendUserData:117, CommonInfo 0xc1 0xe 0xe 0x21
09-26 10:33:20.020 I/sensors-hal( 1209): create_send_context_data:67, sending create_send_context_data
09-26 10:33:20.020 I/sensors-hal( 1209): send_context_data:656, common_info, 4914309147815575552, 1320970896291267344, msgid:700
09-26 10:33:20.021 D/CAE     ( 1588): onGetSensorHubData(SensorHubParserProvider.java:92) - onGetSensorHubData Event [event buffer len :7], AP_SLEEP
09-26 10:33:20.021 I/CAE     ( 1588): parse(SensorHubParserProvider.java:188) - buffer size = 7
09-26 10:33:20.021 I/CAE     ( 1588): parse(SensorHubParserProvider.java:199) - 1, 1, 56, 1, 1, 101, 12,
09-26 10:33:20.022 D/CAE     ( 1588): display(ContextProvider.java:375) - ================= DEVICE_PHYSICAL_CONTEXT_MONITOR =================
09-26 10:33:20.022 I/CAE     ( 1588): display(ContextProvider.java:391) - AODReason=[12], AODStatus=[101], DataType=[1]
09-26 10:33:20.022 D/SemContextService( 1588): Service.updateContext() : service = Carrying Detection
09-26 10:33:20.022 I/DigitalVerticalClockView_LOCK_SCREEN_1@367( 2882): updatePaletteItemTransition : paletteItem = SOLID color : FFCCCCCC, animation = false, dozeAmount = 1.0
09-26 10:33:20.025 I/DigitalVerticalClockView_LOCK_SCREEN_1@367( 2882): updateSubDateTime: notnull? false
09-26 10:33:20.025 I/DigitalVerticalClockView_LOCK_SCREEN_1@367( 2882): updateDozeDateTime: notnull? false
09-26 10:33:20.026 D/FaceWidgetClockPage( 2882): initViews() mClockView=com.samsung.android.uniform.widget.clock.DigitalVerticalClockView{68f13a6 VFE...CL. ......ID 271,0-662,532}, clockType=1, isWhiteWallpaper=false, isFixedWhiteWallpaper=null, paletteItem=SOLID color : FFCCCCCC, paletteIndex=0, customColor=0, rootView=aod.K{755f7f3 V.E...... ......I. 0,0-0,0}
09-26 10:33:20.026 I/AODClockViewModel( 2882): getClockContainer: 
09-26 10:33:20.026 I/AODClockViewModel( 2882): getClockContainer: 
09-26 10:33:20.026 I/AODClockViewModel( 2882): getClockContainer: 
09-26 10:33:20.026 I/ComplicationWidgetPluginController( 2882): clock color changed -3355444 , #ffcccccc 
09-26 10:33:20.026 D/FaceWidgetClockPage( 2882): setClockGravity() gravity = 49
09-26 10:33:20.026 D/FaceWidgetClockPage( 2882): updateClockPadding 
09-26 10:33:20.026 D/FaceWidgetClockPage( 2882): updateClockPadding 
09-26 10:33:20.026 D/FaceWidgetClockPage( 2882): updateClockColor() page state : AOD
09-26 10:33:20.026 D/FaceWidgetClockPage( 2882): updateClockColor() return - aod state
09-26 10:33:20.026 D/FaceWidgetRemoteViewsPage_com.sec.android.daemonapp#weather_( 2882): setPageState() pageType = AOD  [ page state :SMALL, orientation : 1] com.samsung.android.app.facewidget.pages.remoteview.FaceWidgetRemoteViewsPage{7f159ee VFE...... ......I. 0,0-0,0}
09-26 10:33:20.026 D/FaceWidgetMusicPageShownManager( 2882): mCurrentMediaData is NULL
09-26 10:33:20.026 D/FaceWidgetMusicPageShownManager( 2882): updateMusicPageShownState() show = false, reattach = false, reason = update
09-26 10:33:20.026 D/FaceWidgetMusicPageShownManager( 2882): skip to show media panel
09-26 10:33:20.026 D/FaceWidgetViewModel( 2882): updatePageState() << END << toState = AOD
09-26 10:33:20.026 D/FaceWidgetDashBoard( 2882): setAODState true
09-26 10:33:20.026 I/DisplayValues( 2882): initValues currentWidth 1080 currentHeight = 2400
