09-26 10:33:20.499 I/SECIMSJ ( 2942): [1666]> 140
09-26 10:33:20.499 I/PaniGenerator( 2942): generate: change to NW PLMN(310260)
09-26 10:33:20.499 I/PaniGenerator( 2942): NR Access Type FDD
09-26 10:33:20.499 I/[IMS6.0]( 2942): IMS_onResponse()
09-26 10:33:20.499 I/StackIF ( 2942): processMessage 2
09-26 10:33:20.499 I/StackIF ( 2942): Processing Response
09-26 10:33:20.500 I/SECIMSJ ( 2942): [1666]< 600
09-26 10:33:20.500 I/StackIF ( 2942): processResponse: reqId 600
09-26 10:33:20.500 I/StackIF ( 2942): processResponse: handle 353 result 0 reason 0
09-26 10:33:20.503 I/RegiMgr<1>( 2942): tryRegister:
09-26 10:33:20.503 I/RegiMgr<1>( 2942): RegisterTask(s): TMobile LTE/WiFi (REGISTERED, rat = 20, service = [mmtel-video, smsip, mmtel]), TMobile 3G (IDLE)
09-26 10:33:20.503 I/RcsPolicyMgr<1>( 2942): pendingRcsRegister: mActiveDataPhoneId = 1
09-26 10:33:20.503 I/RcsPolicyMgr<1>( 2942): pendingRcsRegister: mActiveDataPhoneId = 1
09-26 10:33:20.503 I/RegisterTask( 2942): isSuspended: mSuspended(false) mSuspendByIrat(false)
09-26 10:33:20.503 I/RegiMgr<1>( 2942): [TMobile 3G|IDLE] checkForTryRegister id: 279
09-26 10:33:20.503 D/SemNativeCarrierFeature_vendor( 1771): getInstance
09-26 10:33:20.504 I/PdnController( 2942): getDefaultNetworkBearer:  WIFI
09-26 10:33:20.504 I/RegistrationRatDecider<1>( 2942): getAvailableMobileNetwork: network=20 mobileDataType=20 => rat=20
09-26 10:33:20.504 I/PdnController<1>( 2942): isNetworkAvailable: isEpdgConnected=false getDataNetworkType()=20
09-26 10:33:20.505 I/RegistrationRatDecider<1>( 2942): findBestNetwork: NR
09-26 10:33:20.507 I/RegiGvnBase<1>( 2942): isReadyToDualRegister: slot 0's call state: 0
09-26 10:33:20.507 I/RegiGvnBase<1>( 2942): isReadyToDualRegister : true
09-26 10:33:20.508 I/RegiMgr<1>( 2942): [TMobile 3G|IDLE] checkInitialRegistrationIsReady: APM ON [false], Roamimg [false]
09-26 10:33:20.508 I/RcsPolicyMgr<1>( 2942): pendingRcsRegister: mActiveDataPhoneId = 1
09-26 10:33:20.508 I/ImsProfile( 2942): isRttSupportByCallApp : true ttyType : 1
09-26 10:33:20.509 I/RegiMgr-Utils<1>( 2942): getPriorityRegiedTask : isPriority  High? true
09-26 10:33:20.509 I/RegiMgr-Utils<1>( 2942): checkHigherPriorityRegiedTask != null
09-26 10:33:20.512 D/SemNativeCarrierFeature_vendor( 1771): getInstance
09-26 10:33:20.514 D/SemWifiService( 1588): onServiceStateChanged : state - 0, dataNetworkType : 20
09-26 10:33:20.514 D/SLocation( 1588): CellLocationManager - onServiceStateChanged 0
09-26 10:33:20.514 I/LocationAccessPolicy( 1588): checkLocationPermission - callingUid: 10039, callingPid: 2882, result: DENIED_SOFT
09-26 10:33:20.514 I/LocationAccessPolicy( 1588): checkLocationPermission - callingUid: 10039, callingPid: 2882, result: DENIED_SOFT
09-26 10:33:20.515 D/SemWifiApServiceImpl( 1588): onServiceStateChanged : 0dataNetworkType : 20,isUsingNonTerrestrialNetwork:false
09-26 10:33:20.515 I/LocationAccessPolicy( 1588): checkLocationPermission - callingUid: 10039, callingPid: 2882, result: DENIED_SOFT
09-26 10:33:20.515 I/LocationAccessPolicy( 1588): checkLocationPermission - callingUid: 10039, callingPid: 2882, result: DENIED_SOFT
09-26 10:33:20.515 I/LocationAccessPolicy( 1588): checkLocationPermission - callingUid: 10039, callingPid: 2882, result: DENIED_SOFT
09-26 10:33:20.515 I/LocationAccessPolicy( 1588): checkLocationPermission - callingUid: 10039, callingPid: 2882, result: DENIED_SOFT
09-26 10:33:20.515 W/NSLocationMonitor( 1588): onServiceStateChanged, state=0 / channel=389050
09-26 10:33:20.515 I/NSLocationMonitor( 1588): networkType[20]=NR / nrState=false
09-26 10:33:20.515 W/NSLocationMonitor( 1588): onServiceStateChanged, state=0 / channel=389050
09-26 10:33:20.515 I/NSLocationMonitor( 1588): networkType[20]=NR / nrState=false
09-26 10:33:20.516 I/LocationAccessPolicy( 1588): checkLocationPermission - callingUid: 10376, callingPid: 10391, result: DENIED_SOFT
09-26 10:33:20.516 I/LocationAccessPolicy( 1588): checkLocationPermission - callingUid: 10376, callingPid: 10391, result: DENIED_SOFT
09-26 10:33:20.516 D/SemNativeCarrierFeature_vendor( 1771): getInstance
09-26 10:33:20.516 I/TelephonyCallbackForPdnController<1>( 2942): emcbsIndication: NOT_SUPPORTED, mobileDataNetworkType: 20
09-26 10:33:20.516 I/LocationAccessPolicy( 1588): checkLocationPermission - callingUid: 10376, callingPid: 10391, result: DENIED_SOFT
09-26 10:33:20.516 I/LocationAccessPolicy( 1588): checkLocationPermission - callingUid: 10376, callingPid: 10391, result: DENIED_SOFT
09-26 10:33:20.516 I/LocationAccessPolicy( 1588): checkLocationPermission - callingUid: 10064, callingPid: 29768, result: DENIED_SOFT
09-26 10:33:20.516 I/LocationAccessPolicy( 1588): checkLocationPermission - callingUid: 10064, callingPid: 29768, result: DENIED_SOFT
09-26 10:33:20.517 I/NetworkUtil( 2942): Network Cap check : INTERNET : true
09-26 10:33:20.517 I/NetworkUtil( 2942): isConnected = false isCellularOnly : true
09-26 10:33:20.517 I/EPDG -- SIM1 [NetController]( 3148): getVoPS, vopsSupportInfo=LteVopsSupportInfo :  mVopsSupport = 2 mEmcBearerSupport = 3
09-26 10:33:20.517 I/EPDG -- SIM1 [NetController]( 3148): WWAN Voice Regi: 1 Roaming: 0
09-26 10:33:20.517 I/EPDG -- SIM1 [NetController]( 3148): WWAN Data Regi: 0 Rat: 20 Roaming: false
09-26 10:33:20.517 W/ContextImpl( 1588): Calling a method in the system process without a qualified user: android.app.ContextImpl.sendBroadcastMultiplePermissions:1364 android.content.Context.sendBroadcastMultiplePermissions:2529 com.android.server.TelephonyRegistry.broadcastServiceStateChanged:192 com.android.server.TelephonyRegistry.notifyServiceStateForPhoneId:174 com.android.internal.telephony.ITelephonyRegistry$Stub.onTransact:592 
09-26 10:33:20.517 I/TelephonyCallbackForPdnController<1>( 2942): onServiceStateChanged: state={mVoiceRegState=0(IN_SERVICE), mDataRegState=0(IN_SERVICE), mChannelNumber=389050, duplexMode()=0, mCellBandwidths=[], mOperatorAlphaLong=Mint, mOperatorAlphaShort=Mint, isManualNetworkSelection=false(automatic), getRilVoiceRadioTechnology=20(NR_SA), getRilDataRadioTechnology=20(NR_SA), mCssIndicator=unsupported, mNetworkId=*1, mSystemId=*1, mCdmaRoamingIndicator=-1, mCdmaDefaultRoamingIndicator=-1, NonCellular=false, Snap=0, PsOnly=true, SprDisplayRoam=false, OptRadioTech=0, MsimSubmode=0, IsVoiceCallAvailable=true, mIsEmergencyOnly=false, isUsingCarrierAggregation=false, mArfcnRsrpBoost=0, mNetworkRegistrationInfos=[NetworkRegistrationInfo{ domain=PS transportType=WLAN registrationState=UNKNOWN networkRegistrationState=UNKNOWN roamingType=NOT_ROAMING accessNetworkTechnology=IWLAN rejectCause=0 emergencyEnabled=false availableServices=[] cellIdentity=null voiceSpecificInfo=null dataSpecificInfo=null nrState=**** rRplmn= isUsingCarrierAggregation=false isNonTerrestrialNetwork=TERRESTRIAL}, NetworkRegistrationInfo{ domain=CS transportType=WWAN registrationState=HOME networkRegistrationState=HOME roamingType=NOT_ROAMING accessNetworkTechnology=NR rejectCause=0 emergencyEnabled=false availableServices=[VOICE,SMS,VIDEO] cellIdentity=CellIdentityNr:{ mPci = 324 mTac = 5****36 mNrArfcn = 389050 mBands = [2] mMcc = 310 mMnc = 260 mNci = 5*******51 mAlphaLong = T-Mobile mAlphaShort = T-Mobile mAdditionalPlmns = {} } voiceSpecificInfo=VoiceSpecificRegistrationInfo { mCssSupported=false mRoamingIndicator=0 mSystemIsInPrl=0 mDefaultRoamingIndicator=0} dataSpecificInfo=null nrState=**** rRplmn=310260 isUsingCarrierAggregation=false isNonTerrestrialNetwork=TERRESTRIAL}, NetworkRegistrationInfo{ domain=PS transportType=WWAN registrationState=HOME networkRegistrationState=HOME roamingType=NOT_ROAMING accessNetworkTechnology=NR rejectCause=0 emergencyEnabled=false availableServices=[DATA,MMS] cellIdentity=CellIdentityNr:{ mPci = 324 mTac = 5****36 mNrArfcn = 389050 mBands = [2] mMcc = 310 mMnc = 260 mNci = 5*******51 mAlphaLong = T-Mobile mAlphaShort = T-Mobile mAdditionalPlmns = {} } voiceSpecificInfo=null dataSpecificInfo=android.telephony.DataSpecificRegistrationInfo :{ maxDataCalls = 16 isDcNrRestricted = false isNrAvailable = false isEnDcAvailable = false mLteAttachResultType = 0 mLteAttachExtraInfo = 0 LteVopsSupportInfo :  mVopsSupport = 2 mEmcBearerSupport = 3 } nrState=**** rRplmn=310260 isUsingCarrierAggregation=false isNonTerrestrialNetwork=TERRESTRIAL}], mNrFrequencyRange=0, mOperatorAlphaLongRaw=T-Mobile, mOperatorAlphaShortRaw=T-Mobile, mIsDataRoamingFromRegistration=false, mIsIwlanPreferred=false, mIsUsingNonTerrestrialNetwork=false}Changed=
09-26 10:33:20.517 I/EPDG -- SIM1 [EpdgSubscription]( 3148): getIsAirplaneMode: returning: false
09-26 10:33:20.517 I/PdnController<1>( 2942): notifyDataConnectionState
09-26 10:33:20.517 I/PdnController<1>( 2942): initialize PendedEPDGWeakSignal flag
09-26 10:33:20.517 I/PdnController<1>( 2942): setPendedEPDGWeakSignal
09-26 10:33:20.517 I/PdnController<1>( 2942): notifyDataConnectionState: needNotify=false networkType=20 isEpdgConnected=false dataNetType=20=>20 dataRegState=0=>0
09-26 10:33:20.517 I/TelephonyCallbackForPdnController<1>( 2942): notifySnapshotState: snapshotState=0 old=0
09-26 10:33:20.517 W/ContextImpl( 1588): Calling a method in the system process without a qualified user: android.app.ContextImpl.sendBroadcastMultiplePermissions:1397 com.android.server.TelephonyRegistry.broadcastServiceStateChanged:217 com.android.server.TelephonyRegistry.notifyServiceStateForPhoneId:174 com.android.internal.telephony.ITelephonyRegistry$Stub.onTransact:592 android.os.Binder.execTransactInternal:1541 
09-26 10:33:20.518 I/VolteServiceModule( 2942): onServiceStateChanged({mVoiceRegState=0(IN_SERVICE), mDataRegState=0(IN_SERVICE), mChannelNumber=389050, duplexMode()=0, mCellBandwidths=[], mOperatorAlphaLong=Mint, mOperatorAlphaShort=Mint, isManualNetworkSelection=false(automatic), getRilVoiceRadioTechnology=20(NR_SA), getRilDataRadioTechnology=20(NR_SA), mCssIndicator=unsupported, mNetworkId=*1, mSystemId=*1, mCdmaRoamingIndicator=-1, mCdmaDefaultRoamingIndicator=-1, NonCellular=false, Snap=0, PsOnly=true, SprDisplayRoam=false, OptRadioTech=0, MsimSubmode=0, IsVoiceCallAvailable=true, mIsEmergencyOnly=false, isUsingCarrierAggregation=false, mArfcnRsrpBoost=0, mNetworkRegistrationInfos=[NetworkRegistrationInfo{ domain=PS transportType=WLAN registrationState=UNKNOWN networkRegistrationState=UNKNOWN roamingType=NOT_ROAMING accessNetworkTechnology=IWLAN rejectCause=0 emergencyEnabled=false availableServices=[] cellIdentity=null voiceSpecificInfo=null dataSpecificInfo=null nrState=**** rRplmn= isUsingCarrierAggregation=false isNonTerrestrialNetwork=TERRESTRIAL}, NetworkRegistrationInfo{ domain=CS transportType=WWAN registrationState=HOME networkRegistrationState=HOME roamingType=NOT_ROAMING accessNetworkTechnology=NR rejectCause=0 emergencyEnabled=false availableServices=[VOICE,SMS,VIDEO] cellIdentity=CellIdentityNr:{ mPci = 324 mTac = 5****36 mNrArfcn = 389050 mBands = [2] mMcc = 310 mMnc = 260 mNci = 5*******51 mAlphaLong = T-Mobile mAlphaShort = T-Mobile mAdditionalPlmns = {} } voiceSpecificInfo=VoiceSpecificRegistrationInfo { mCssSupported=false mRoamingIndicator=0 mSystemIsInPrl=0 mDefaultRoamingIndicator=0} dataSpecificInfo=null nrState=**** rRplmn=310260 isUsingCarrierAggregation=false isNonTerrestrialNetwork=TERRESTRIAL}, NetworkRegistrationInfo{ domain=PS transportType=WWAN registrationState=HOME networkRegistrationState=HOME roamingType=NOT_ROAMING accessNetworkTechnology=NR rejectCause=0 emergencyEnabled=false availableServices=[DATA,MMS] cellIdentity=CellIdentityNr:{ mPci = 324 mTac = 5****36 mNrArfcn = 389050 mBands = [2] mMcc = 310 mMnc = 260 mNci = 5*******51 mAlphaLong = T-Mobile mAlphaShort = T-Mobile mAdditionalPlmns = {} } voiceSpecificInfo=null dataSpecificInfo=android.telephony.DataSpecificRegistrationInfo :{ maxDataCalls = 16 isDcNrRestricted = false isNrAvailable = false isEnDcAvailable = false mLteAttachResultType = 0 mLteAttachExtraInfo = 0 LteVopsSupportInfo :  mVopsSupport = 2 mEmcBearerSupport = 3 } nrState=**** rRplmn=310260 isUsingCarrierAggregation=false isNonTerrestrialNetwork=TERRESTRIAL}], mNrFrequencyRange=0, mOperatorAlphaLongRaw=T-Mobile, mOperatorAlphaShortRaw=T-Mobile, mIsDataRoamingFromRegistration=false, mIsIwlanPreferred=false, mIsUsingNonTerrestrialNetwork=false})
09-26 10:33:20.518 I/GeolocationCon( 2942): handleMessage : what = SERVICE_STATE_CHANGED
09-26 10:33:20.518 W/ContextImpl( 1588): Calling a method in the system process without a qualified user: android.app.ContextImpl.sendBroadcastMultiplePermissions:1397 com.android.server.TelephonyRegistry.broadcastServiceStateChanged:249 com.android.server.TelephonyRegistry.notifyServiceStateForPhoneId:174 com.android.internal.telephony.ITelephonyRegistry$Stub.onTransact:592 android.os.Binder.execTransactInternal:1541 
09-26 10:33:20.518 I/GeolocationCon( 2942): matchTimingReqLocation ,match=0, timing=4
09-26 10:33:20.519 I/EPDG -- SIM1 [NetController]( 3148): getIsRssiDisabledForProfiling: returning: false
09-26 10:33:20.519 I/EPDG -- [SystemWrapper]( 3148): getSubId(): subID is : 4
09-26 10:33:20.519 W/NetworkManager_FLP( 3731): updateServiceStateChanged, serviceState=0 / isRegistered=true / channel=389050 / networkTypeName=NR / nr=false
09-26 10:33:20.519 W/ContextImpl( 1588): Calling a method in the system process without a qualified user: android.app.ContextImpl.sendBroadcastMultiplePermissions:1397 com.android.server.TelephonyRegistry.broadcastServiceStateChanged:272 com.android.server.TelephonyRegistry.notifyServiceStateForPhoneId:174 com.android.internal.telephony.ITelephonyRegistry$Stub.onTransact:592 android.os.Binder.execTransactInternal:1541 
09-26 10:33:20.520 D/SemWifiService( 1588): received: android.intent.action.SERVICE_STATE
09-26 10:33:20.520 D/ServiceStateProvider( 2862): subId=4
09-26 10:33:20.521 I/EPDG -- [SystemWrapper]( 3148): getSubId(): subID is : 4
09-26 10:33:20.521 I/OomAdjuster( 1588): Excessive Resource Usage detectd task: CEM  : 10391:com.zhiliaoapp.musically/u0a376
09-26 10:33:20.522 D/CellBroadcastReceiver(31437): onReceive Intent { act=android.intent.action.SERVICE_STATE flg=0x1000010 cmp=com.google.android.cellbroadcastreceiver/com.android.cellbroadcastreceiver.CellBroadcastReceiver (has extras) }
09-26 10:33:20.522 D/InputReader( 1588): Input event(8): value=0 when=92178.642927
09-26 10:33:20.522 D/InputReader( 1588): !@notifyKey(116), action=1
09-26 10:33:20.522 D/InputManager-JNI( 1588): !@interceptKeyBeforeQueueing(116), action=1, interactive=true
09-26 10:33:20.522 D/WindowManager( 1588): interceptKeyTq keycode=26 interactive=true keyguardActive=true policyFlags=22000000
09-26 10:33:20.522 D/PhoneWindowManagerExt( 1588): setScreenshotEnabled, screenOnFully=true
09-26 10:33:20.523 D/PhoneWindowManagerExt( 1588): interceptKeyTq code=26 down=false repeatCount=0 displayId=-1 interactive=true
09-26 10:33:20.523 D/PhoneWindowManagerExt( 1588): systemKeyEventRequested REMOVE_PASS
09-26 10:33:20.523 D/WindowManager( 1588): interceptKeyTq interceptKeyResult=8
09-26 10:33:20.523 D/InputManager-JNI( 1588): !@handleInterceptActions(116), action=1, wmActions=0
09-26 10:33:20.523 I/NetworkManager_FLP( 3731): Success to update networkStatus, Service=0 / Network=NR(unknown) / MobileData=false, roaming=false / WIFI=true, conn=true / BT=false, conn=false
09-26 10:33:20.523 W/NetworkManager_FLP( 3731): updateServiceStateChanged, serviceState=0 / isRegistered=true / channel=389050 / networkTypeName=NR / nr=false
09-26 10:33:20.523 D/CellBroadcastReceiver(31437): onServiceStateChanged, ss: 0
09-26 10:33:20.518 I/VolteServiceModule( 2942): mIsLteEpsOnlyAttached(1):true
09-26 10:33:20.524 I/GeolocationCon( 2942): matchTimingReqLocation ,match=0, timing=4
09-26 10:33:20.524 D/CellBroadcastReceiver(31437): networkOperator: 310260
09-26 10:33:20.524 I/GeolocationCon( 2942): matchTimingReqLocation ,match=1, timing=4
09-26 10:33:20.524 I/GeolocationCon( 2942): profile is null
09-26 10:33:20.524 I/GeolocationCon<1>( 2942): onNetworkCountryIsoChanged: mCountryIso = us, iso = us
09-26 10:33:20.524 D/CellBroadcastReceiver(31437): update supported roaming operator as 
09-26 10:33:20.524 I/EPDG -- SIM1 [UTILS]( 3148): isDifferentSimAndNWOperator, 310260 is in TMO home network list.
09-26 10:33:20.524 I/EPDG -- [SettingManager]( 3148): getVoWifiPreference[1], 2
09-26 10:33:20.524 I/EPDG -- SIM1 [EpdgSubscription]( 3148): getIsAirplaneMode: returning: false
09-26 10:33:20.525 V/SemWifiBackOff.5G( 1588): checkAndSetup nrFrequencyRange=0 / prevNrFrequencyRange=0
09-26 10:33:20.525 V/SemWifiBackOff.5G( 1588): restore back off mode, current: [NONE]
09-26 10:33:20.525 I/EPDG -- SIM1 [EpdgSubscription]( 3148): getIsAirplaneMode: returning: false
09-26 10:33:20.525 I/OomAdjuster( 1588): Excessive Resource Usage detectd task: CEM  : 10391:com.zhiliaoapp.musically/u0a376
09-26 10:33:20.525 I/[CE]_ContextEngineReceiver(30821): onReceive - ContextEngineReceiver onReceive action : android.intent.action.SERVICE_STATE
09-26 10:33:20.525 W/[CE]_ContextEngineReceiver(30821): onReceive - Context Engine is disabled, bail out...
09-26 10:33:20.526 I/OomAdjuster( 1588): Excessive Resource Usage detectd task: CEM  : 10391:com.zhiliaoapp.musically/u0a376
09-26 10:33:20.526 I/EPDG -- SIM1 [NetController]( 3148): voiceNetType: 20 mActiveVoiceRat: 20
09-26 10:33:20.526 I/EPDG -- SIM1 [EpdgSubscription]( 3148): getIsAirplaneMode: returning: false
09-26 10:33:20.527 I/EPDG -- SIM1 [NetController]( 3148): onNetworkStatusChanged : mCellularAvailable = true
09-26 10:33:20.528 D/SemNativeCarrierFeature_vendor( 1771): getInstance
09-26 10:33:20.528 I/SSC_DAEMON( 1358): physical_sensor_test_req_msg Sensor type :4, Msg type:11
09-26 10:33:20.529 I/sensors-hal( 1209): handle_indication_realtime:471,  SCHED_FIFO(10) for qmi_cbk
09-26 10:33:20.530 I/bauth_TLC_Communicator( 1874): Check the Trustlet return code is completed
09-26 10:33:20.530 I/bauth_FPQCBAuthSensorControl( 1874): FPQCBAuthSensorControl, 188
09-26 10:33:20.530 I/qfp-vendorlib( 1874): QFPControl_DeviceSpiCtrl 0
09-26 10:33:20.530 I/bauth_FPQCBAuthSensorControl( 1874): scc 0
09-26 10:33:20.530 I/bauth_TLC_Communicator( 1874): Call FP cmd 0xc (76)
09-26 10:33:20.530 D/SLocation( 1588): CellLocationManager - onCellLocationChanged 4 / 1
09-26 10:33:20.530 I/bauth_TLC_Communicator( 1874): Check Input Data Param buf addr =      0x0 , length = 0
09-26 10:33:20.530 I/SSC_DAEMON( 1358): aor_event done 2
09-26 10:33:20.534 V/PhoneGlobals( 2862): handleServiceStateChanged
09-26 10:33:20.534 D/NotificationMgr( 2862): updateNetworkSelection, Use Samsung codes instead of AOSP codes
09-26 10:33:20.534 V/PhoneGlobals( 2862): subId=-1, mDefaultDataSubId=4, ss roaming=false
09-26 10:33:20.534 I/Telephony( 2862): TelecomAccountRegistry$TelecomAccountTelephonyCallback: onServiceStateChanged: newState=0, mServiceState=0
09-26 10:33:20.534 I/Telephony( 2862): TelecomAccountRegistry$AccountEntry: isRttCurrentlySupported -- regular acct,, hasVoiceAvailability: false, isRttSupported: true, alwaysAllowWhileRoaming: false, isRoaming: false, isOnWfc: false
09-26 10:33:20.535 I/Telephony( 2862): TelecomAccountRegistry$AccountEntry: isRttCurrentlySupported -- regular acct,, hasVoiceAvailability: true, isRttSupported: true, alwaysAllowWhileRoaming: false, isRoaming: false, isOnWfc: false
09-26 10:33:20.535 V/PhoneGlobals( 2862): handleServiceStateChanged
09-26 10:33:20.535 D/NotificationMgr( 2862): updateNetworkSelection, Use Samsung codes instead of AOSP codes
09-26 10:33:20.535 V/PhoneGlobals( 2862): subId=4, mDefaultDataSubId=4, ss roaming=false
09-26 10:33:20.535 D/PhoneRestrictionPolicy( 1588): isOperationAllowed >>> slotNum: 1 function: 1
09-26 10:33:20.536 V/PhoneGlobals( 2862): updateDataRoamingStatus
09-26 10:33:20.536 V/PhoneGlobals( 2862): updateDataRoamingStatus dataAllowed=true, disallowReasons=[], dataIsNowRoaming=false, RoamingNumeric=310260, CallingReason=3
09-26 10:33:20.537 I/sensors-hal( 1209): handle_sns_std_sensor_event:132, [SSC_LIGHT] A: 2(2),m:100,c:0,b:217,cl:0,ls(r):0,hs(bl):0,16:0
09-26 10:33:20.537 I/sensors-hal( 1209): handle_sns_std_sensor_event:163, [SSC_PROX] r: 0 bl: 0, lux: 2, br: 217
09-26 10:33:20.537 I/sensors-hal( 1209): handle_indication_realtime:471,  SCHED_FIFO(10) for qmi_cbk
09-26 10:33:20.537 I/sensors-hal( 1209): handle_sns_std_sensor_event:90, light_cct: ts = 156953699932066 ns; value = [2.000000, 2.000000, 3.000000, 3.000000, 2.000000, 217.000000, 2.000000, 0.000000, 1.000000, 4096.000000]
09-26 10:33:20.537 I/sensors-hal( 1209): handle_indication_realtime:471,  SCHED_FIFO(10) for qmi_cbk
09-26 10:33:20.537 I/sensors-hal( 1209): handle_sns_client_event:45, light_seamless ts=156953702638733 ns, 2,200,2500, M:0,0, S:0,0
09-26 10:33:20.540 I/bauth_TLC_Communicator( 1874): Check the Trustlet return code is completed
09-26 10:33:20.540 I/bauth_FPBAuthService( 1874): adlg : [s] 261 82
09-26 10:33:20.540 I/bauth_FPBAuthService( 1874): adlg : [000] 3e 08 3e 00 35 f3 17 00 00 00 04 1e 00 00 00 01
09-26 10:33:20.540 I/bauth_FPBAuthService( 1874): adlg : [001] 09 46 00 f3 16 19 0a 22 19 18 19 18 0d 09 00 00
09-26 10:33:20.540 I/bauth_FPBAuthService( 1874): adlg : [002] 00 00 00 00 00 00 00 00 00 00 1e 0a 61 67 00 20
09-26 10:33:20.540 I/bauth_FPBAuthService( 1874): adlg : [003] 25 03 62 3d 00 56 04 00 51 03 00 00 00 01 00 00
09-26 10:33:20.540 I/bauth_FPBAuthService( 1874): adlg : [e] 261 82
09-26 10:33:20.540 D/RefreshRateModeManager( 1588): onBrightnessChangedLocked returned by powerMode, caller=com.android.server.display.mode.RefreshRateController.onBrightnessChangedLocked:10 com.android.server.display.mode.RefreshRateController.onBrightnessChangedLocked:1 com.android.server.display.mode.RefreshRateController$NullController.onBrightnessChangedLocked:6 
09-26 10:33:20.546 I/bauth_FPBAuthService( 1874): [261] done l:82 r:0
09-26 10:33:20.546 I/bauth_FPBAuthService( 1874): acsf 0
09-26 10:33:20.546 I/FingerprintRequestClient( 1588): request[34] FP_FINISH (132ms) RESULT: 0
09-26 10:33:20.551 I/SDM     ( 1288): DisplayBase::SetDisplayState: active 1-1 state 1-1 pending_power_state_ 0
09-26 10:33:20.552 D/SurfaceFlinger( 1389): Finished setting power mode 2 on display 4630947232161729154
09-26 10:33:20.552 D/SurfaceControl( 1588): Excessive delay in setPowerMode()
09-26 10:33:20.552 D/PowerManagerUtil( 1588): [103][T: 170]  [Caller: 6] [WMS:  0] [DSL: 1] [Panel:145] [Frame: -1]
09-26 10:33:20.552 W/LocalDisplayAdapter( 1588): !@display_state - 8459 : ON (MAIN) took 144 ms
09-26 10:33:20.553 D/SemInputDeviceManagerService( 1588): setDisplayState[1] LATE: ON(2) -> ON(2)
09-26 10:33:20.553 D/SemInputDevice:TSP( 1588): ActivateTask: 2,1 [09-26 10:33:20.553]
09-26 10:33:20.553 D/LocalDisplayAdapter( 1588): notifyStateChangeFinish: com.samsung.android.hardware.secinputdev.external.DisplayStateListenerWrapper$1@3a83f1d took 1 ms
09-26 10:33:20.553 D/LocalDisplayAdapter( 1588): notifyStateChangeFinish: com.android.server.biometrics.SemBiometricDisplayStateMonitor@62a0cb2 took 0 ms
09-26 10:33:20.553 D/RefreshRateModeManager( 1588): DisplayStateListener#onFinish, isPowerModeOn=true, displayType=1
09-26 10:33:20.553 D/LocalDisplayAdapter( 1588): notifyStateChangeFinish: com.android.server.display.mode.RefreshRateModeManager$1@1a0ff39 took 0 ms
09-26 10:33:20.553 E/FileReal( 1330): Exist:85, /sys/class/sec/tsp/enabled failed: 2, No such file or directory
09-26 10:33:20.554 I/SemBiometricDisplayStateMonitor( 1588): DisplayStateListener#onFinish : 2, 2
09-26 10:33:20.554 D/DisplayPowerController2[0]( 1588): setActualDisplayState: DOZE -> ON
09-26 10:33:20.554 D/DisplayPowerController2[0]( 1588): animateScreenStateChange: target=ON, mIsEnabled=true
09-26 10:33:20.554 I/SurfaceFlinger( 1389): Layer [WindowToken{49e3b3a type=2228 android.os.BinderProxy@82d4265}#13847] hidden!! flag(0)
09-26 10:33:20.554 D/SysinputHAL_V1_3(V1_2)( 1588): setTspEnable(TSP(1)),2,false ret=-12
09-26 10:33:20.554 I/SurfaceFlinger( 1389): Layer [3a4d106 KeyguardBiometricToastView#13848] hidden!! flag(0)
09-26 10:33:20.554 I/SurfaceFlinger( 1389): Layer [com.sec.android.app.launcher/com.sam[...]l.app.CocktailBarService$_3406#13849] hidden!! flag(0)
09-26 10:33:20.554 D/RefreshRateModeManager( 1588): onBrightnessChangedLocked, brightness=217, lux=2.0
09-26 10:33:20.554 I/SurfaceFlinger( 1389): [LayerHierarchy{RequestedLayerState{WindowToken{34e1052 type=2228 android.os.BinderProxy@a815cdd}#13835} 1 children}] reparent to OffscreenRoot
09-26 10:33:20.554 I/SurfaceFlinger( 1389): [LayerHierarchy{RequestedLayerState{WindowToken{34e1052 type=2228 android.os.BinderProxy@a815cdd}#13835} 1 children}] RelativeParent to null
09-26 10:33:20.554 I/SurfaceFlinger( 1389): [LayerHierarchy{RequestedLayerState{2a21f23 KeyguardBiometricToastView#13836} no children}] reparent to OffscreenRoot
09-26 10:33:20.555 I/SurfaceFlinger( 1389): [LayerHierarchy{RequestedLayerState{2a21f23 KeyguardBiometricToastView#13836} no children}] RelativeParent to null
09-26 10:33:20.555 I/SurfaceFlinger( 1389): [WindowToken{49e3b3a type=2228 android.os.BinderProxy@82d4265}#13847] attach to parent LayerHierarchy{RequestedLayerState{Leaf:26:27#35 parentId=34} 1 children}
09-26 10:33:20.555 I/SurfaceFlinger( 1389): [3a4d106 KeyguardBiometricToastView#13848] attach to parent LayerHierarchy{RequestedLayerState{WindowToken{49e3b3a type=2228 android.os.BinderProxy@82d4265}#13847 parentId=35} 1 children}
09-26 10:33:20.555 D/DisplayPowerController2[0]( 1588): animateScreenStateChange: target=ON, mIsEnabled=true
09-26 10:33:20.555 I/SurfaceFlinger( 1389): [com.sec.android.app.launcher/com.samsung.app.honeyspace.edge.edgepanel.app.CocktailBarService$_3406#13849] attach to parent LayerHierarchy{RequestedLayerState{a12e010 com.sec.android.app.launcher/com.samsung.app.honeyspace.edge.edgepanel.app.CocktailBarService#143 parentId=142} 1 children}
09-26 10:33:20.555 D/SGM:GameManager( 1588): onDisplayChanged. displyId: 0, state: 2
09-26 10:33:20.555 D/BrightnessThermalClamper( 1588): Thermal status observer already started
09-26 10:33:20.555 D/PowerManagerService( 1588): displayReady: true groupId=0
09-26 10:33:20.555 D/AODManagerService( 1588): requestReCalToTSP IsSingleTouchMode = falserequestedReCalToTSP = false / previousDisplayState = ON
09-26 10:33:20.555 D/PowerManagerService( 1588): Setting HAL interactive mode to true
09-26 10:33:20.556 I/WindowManager( 1588): Finished waking up... (groupId=0 why=ON_BECAUSE_OF_USER)
09-26 10:33:20.556 V/KeyguardServiceDelegate( 1588): onFinishedWakingUp()
09-26 10:33:20.556 D/LiftUpHandler( 1588): [LTW] Stopped already.
09-26 10:33:20.556 D/SGM:FgCheckThread( 1588): onLooperPrepared(), msg: MSG_LCD_ON
09-26 10:33:20.556 D/PowerManagerService( 1588): handleSandman : stopDream
09-26 10:33:20.556 I/DreamManagerService( 1588): Gently waking up from dream.
09-26 10:33:20.557 I/Sec MiscPowerHAL( 1316): !@sysfs_write +: /sys/class/sec/tsp/input/enabled: 1
09-26 10:33:20.557 I/KeyguardService( 2882): onFinishedWakingUp
09-26 10:33:20.557 I/Sec MiscPowerHAL( 1316): !@sysfs_write +: /sys/class/power_supply/battery/lcd: 1
09-26 10:33:20.557 I/VRI[ShellDropTarget]@48ebfe8( 2882): onDisplayChanged oldDisplayState=2 newDisplayState=2
09-26 10:33:20.557 I/Sec MiscPowerHAL( 1316): !@sysfs_write -: /sys/class/power_supply/battery/lcd: 1
09-26 10:33:20.557 W/Layer   ( 1389): gatherBufferInfo: Received unknown dataspace from gralloc
09-26 10:33:20.557 W/Layer   ( 1389): gatherBufferInfo: Received unknown dataspace from gralloc
09-26 10:33:20.557 D/StackScroller( 2882): onDisplayChanged for predraw skip to 2
09-26 10:33:20.557 W/Layer   ( 1389): gatherBufferInfo: Received unknown dataspace from gralloc
09-26 10:33:20.557 W/Layer   ( 1389): gatherBufferInfo: Received unknown dataspace from gralloc
09-26 10:33:20.558 W/Layer   ( 1389): gatherBufferInfo: Received unknown dataspace from gralloc
09-26 10:33:20.558 I/VRI[InputMethod]@22ac6dc( 6749): onDisplayChanged oldDisplayState=2 newDisplayState=2
09-26 10:33:20.558 D/AudioFlinger( 1360): setParameters: filtered dev setParameters keyvalue screen_state=on
09-26 10:33:20.558 I/SurfaceFlinger( 1389): id=13835 Removed WindowToken{34e1052 type=2228 android.os.BinderProxy@a815cdd}#13835 (172)
09-26 10:33:20.558 I/SurfaceFlinger( 1389): id=13836 Removed 2a21f23 KeyguardBiometricToastView#13836 (172)
09-26 10:33:20.559 I/VRI[RecentsTransitionOverlay]@52fb2c3( 3406): onDisplayChanged oldDisplayState=2 newDisplayState=2
09-26 10:33:20.558 D/audio_hw_primary( 1187): adev_set_parameters: enter: screen_state=on
09-26 10:33:20.559 V/audio_hw_sec( 1187): sec_set_parameters: enter
09-26 10:33:20.559 D/sound_trigger_hw( 1187): handle_screen_status_change: screen on
09-26 10:33:20.559 I/VRI[LauncherActivity]@5142f20( 3406): onDisplayChanged oldDisplayState=2 newDisplayState=2
09-26 10:33:20.559 I/VRI[CocktailBarService]@e62aa46( 3406): onDisplayChanged oldDisplayState=2 newDisplayState=2
09-26 10:33:20.559 D/audio_hw_primary( 1187): adev_set_parameters: exit with code(0)
09-26 10:33:20.559 W/ComposerExtn( 1389): DisplayExtnImpl::SetActiveConfig: HWC Display 0 is not registered!
09-26 10:33:20.559 I/VRI[RecentsActivity]@b57f468( 3406): onDisplayChanged oldDisplayState=2 newDisplayState=2
09-26 10:33:20.559 I/HoneySpace.Memory-Monitor( 3406): current state = 2, didTrim = false
09-26 10:33:20.560 I/LayerHistory( 1389): com.sec.android.app.launcher/com.samsung.app.honeyspace.edge.edgepanel.app.CocktailBarService$_3406#13849 Max (can't resolve refresh rate)
09-26 10:33:20.560 I/LayerHistory( 1389): StatusBar$_2882#95 Max (can't resolve refresh rate)
09-26 10:33:20.560 I/Audio_a2dpsink_hw( 1187): adev_set_parameters: kevpairs=[screen_state=on]
09-26 10:33:20.560 I/LayerHistory( 1389): FP Iconview$_26203#13846 Max (can't resolve refresh rate)
09-26 10:33:20.560 I/LayerHistory( 1389): NotificationShade$_2882#13837 Max (can't resolve refresh rate)
09-26 10:33:20.560 D/InputReader( 1588): Input event(3): value=1 when=92178.680375
09-26 10:33:20.560 I/SurfaceFlinger( 1389): Power On Imminent - choose 120.00 Hz
09-26 10:33:20.560 D/InputReader( 1588): Input event(3): value=0 when=92178.680498
09-26 10:33:20.560 D/SemInputDeviceManager( 1588): getProperty: TSP(1) SCRUB_POS
09-26 10:33:20.560 D/WifiDisplayAdapter( 1588): isFitToActiveDisplayLocked : false
09-26 10:33:20.560 D/SemInputDevice:TSP( 1588): GetPropertyTask: SCRUB_POS [09-26 10:33:20.560]
09-26 10:33:20.560 I/HWComposer( 1389): [4630947232161729154] ActiveConfigToHWC, ID : 0
09-26 10:33:20.561 D/RefreshRateModeManager( 1588): updateDefaultDisplayToken: android.os.BinderProxy@7a8d85e, isChanged: false
09-26 10:33:20.562 I/SDM     ( 1288): HWCDisplay::SubmitDisplayConfig: [DispConfigs] config 2 => 0, hs_mode 3 => 3
09-26 10:33:20.562 I/VRI[MainActivity]@e0e108( 2846): onDisplayChanged oldDisplayState=2 newDisplayState=2
09-26 10:33:20.562 I/SDM     ( 1288): DisplayBase::SetActiveConfig: [DispConfigs] 3 => 0 or hs mode is changed if same config
09-26 10:33:20.562 I/SDM     ( 1288): HWDeviceDRM::SetDisplaySwitchMode: POMS Switching to Mode	0
09-26 10:33:20.562 I/SDM     ( 1288): HWDeviceDRM::SetDisplaySwitchMode: [DispConfigs] check hs_mode 3
09-26 10:33:20.562 I/SDM     ( 1288): HWDeviceDRM::SetDisplaySwitchMode: [DispConfigs] Set mode index:0 1080x2400x120x227020cmdHS, hs_mode(3), found_mode(0)
09-26 10:33:20.562 I/sysinput:Touch( 1330): readInformation:223, scrub_pos: 225 0 0 OK
09-26 10:33:20.563 I/SDM     ( 1288): HWDeviceDRM::UpdateMixerAttributes: Mixer WxH 1080x2400-1 for Peripheral
09-26 10:33:20.563 D/SysinputHAL_V1_3( 1588): getProperty(TSP(1)): SCRUB_POS:225 0 0
09-26 10:33:20.563 D/InputManager( 1588): QuickAccess info: 225, (0.0, 0.0)
09-26 10:33:20.563 I/SDM     ( 1288): HWCDisplay::SubmitDisplayConfig: Active configuration changed to: 0
09-26 10:33:20.564 I/VRI[SearchActivity]@49eaafa( 4847): onDisplayChanged oldDisplayState=2 newDisplayState=2
09-26 10:33:20.566 I/bauth_FPBAuthService( 1874): pcf : 0x1012, 0 ,1 ,0 ,0 ,0 ,0, 8.0.0.0
09-26 10:33:20.566 I/bauth_FPBAuthService( 1874): thread id : 1, preenroll_flag : 0, nd cnt : 0, cso : 0, et : 0
09-26 10:33:20.566 I/bauth_FPBAuthService( 1874): FPBAuthService, 11426
09-26 10:33:20.566 D/SurfaceFlinger( 1389): Display 4630947232161729154 HWC layers:
09-26 10:33:20.566 D/SurfaceFlinger( 1389):        DEVICE |   0xb40000713e59a6f0 | 0001 | RGBA_8888    |    0.0    0.0 1080.0   80.0 |    0    0 1080   80 | StatusBar$_2882#95 (12623)
09-26 10:33:20.566 D/SurfaceFlinger( 1389):        DEVICE |   0xb40000713e5da1a0 | 0001 | RGBA_8888    |    0.0    0.0 1080.0 2400.0 |    0    0 1080 2400 | NotificationShade$_2882#13837 (27)
09-26 10:33:20.566 D/SurfaceFlinger( 1389):        DEVICE |   0xb40000713e5c8350 | 0001 | RGBA_8888    |    0.0    0.0   67.0  342.0 | 1013  920 1080 1262 | com.sec.android.app.launcher/com.sam[...]l.app.CocktailBarService$_3406#13849 (1)
09-26 10:33:20.566 D/SurfaceFlinger( 1389):        DEVICE |   0xb40000713e5c8d70 | 0041 | RGBA_8888    |    6.0    6.0 1086.0 2406.0 |    0    0 1080 2400 | FP Iconview$_26203#13846 (11)
09-26 10:33:20.566 D/SurfaceFlinger( 1389): 
09-26 10:33:20.567 I/SurfaceFlinger( 1389): destroyed WindowToken{34e1052 type=2228 android.os.BinderProxy@a815cdd}#13835
09-26 10:33:20.567 I/SurfaceFlinger( 1389): destroyed 2a21f23 KeyguardBiometricToastView#13836
09-26 10:33:20.567 D/LocalDisplayAdapter( 1588): updateActiveModeLocked for d=4630947232161729154, mActiveModeId=1, mActiveSfDisplayMode=DisplayMode{id=0, width=1080, height=2400, xDpi=422.03, yDpi=423.333, peakRefreshRate=120.00001, vsyncRate=120.00001, appVsyncOffsetNanos=100000, presentationDeadlineNanos=9233333, supportedHdrTypes=[2, 3, 4], group=1080}
09-26 10:33:20.568 I/DisplayDeviceRepository( 1588): Display device changed render timings: "Built-in Screen", renderFrameRate=120.00001, presentationDeadlineNanos=9233333, appVsyncOffsetNanos=100000
09-26 10:33:20.568 W/Layer   ( 1389): gatherBufferInfo: Received unknown dataspace from gralloc
09-26 10:33:20.568 W/Layer   ( 1389): gatherBufferInfo: Received unknown dataspace from gralloc
09-26 10:33:20.568 W/Layer   ( 1389): gatherBufferInfo: Received unknown dataspace from gralloc
09-26 10:33:20.568 I/Layer   ( 1389): id=13835 Destroyed WindowToken{34e1052 type=2228 android.os.BinderProxy@a815cdd}#13835
09-26 10:33:20.568 I/Layer   ( 1389): id=13836 Destroyed 2a21f23 KeyguardBiometricToastView#13836
09-26 10:33:20.568 W/ComposerExtn( 1389): DisplayExtnImpl::SetActiveConfig: HWC Display 0 is not registered!
09-26 10:33:20.568 I/VSyncReactor( 1389): Current= 60, Period= 120, hwcPeriod= 60
09-26 10:33:20.570 I/BSS_AodStatusMonitor(26203): updateValue: true, 0, true, 0, 0, true
09-26 10:33:20.570 I/BSS_UdfpsKeyguardClient(26203): handleOnAodStatusChanged
09-26 10:33:20.571 D/BrightnessThermalClamper( 1588): Thermal status observer already started
09-26 10:33:20.571 D/LiftUpHandler( 1588): [LTW] Stopped already.
09-26 10:33:20.572 I/VRI[ShellDropTarget]@48ebfe8( 2882): onDisplayChanged oldDisplayState=2 newDisplayState=2
09-26 10:33:20.572 D/AudioFlinger( 1360): setParameters: filtered dev setParameters keyvalue screen_state=on
09-26 10:33:20.573 I/VRI[InputMethod]@22ac6dc( 6749): onDisplayChanged oldDisplayState=2 newDisplayState=2
09-26 10:33:20.573 D/audio_hw_primary( 1187): adev_set_parameters: enter: screen_state=on
09-26 10:33:20.573 V/audio_hw_sec( 1187): sec_set_parameters: enter
09-26 10:33:20.573 D/SGM:GameManager( 1588): onDisplayChanged. displyId: 0, state: 2
09-26 10:33:20.573 D/sound_trigger_hw( 1187): handle_screen_status_change: screen on
09-26 10:33:20.573 D/audio_hw_primary( 1187): adev_set_parameters: exit with code(0)
09-26 10:33:20.573 I/Audio_a2dpsink_hw( 1187): adev_set_parameters: kevpairs=[screen_state=on]
09-26 10:33:20.574 D/AODManagerService( 1588): requestReCalToTSP IsSingleTouchMode = falserequestedReCalToTSP = false / previousDisplayState = ON
09-26 10:33:20.574 I/VRI[RecentsTransitionOverlay]@52fb2c3( 3406): onDisplayChanged oldDisplayState=2 newDisplayState=2
09-26 10:33:20.574 D/SGM:FgCheckThread( 1588): onLooperPrepared(), msg: MSG_LCD_ON
09-26 10:33:20.574 I/VRI[LauncherActivity]@5142f20( 3406): onDisplayChanged oldDisplayState=2 newDisplayState=2
09-26 10:33:20.574 I/VRI[CocktailBarService]@e62aa46( 3406): onDisplayChanged oldDisplayState=2 newDisplayState=2
09-26 10:33:20.574 I/VRI[RecentsActivity]@b57f468( 3406): onDisplayChanged oldDisplayState=2 newDisplayState=2
09-26 10:33:20.574 D/StackScroller( 2882): onDisplayChanged for predraw skip to 2
09-26 10:33:20.574 D/WifiDisplayAdapter( 1588): isFitToActiveDisplayLocked : false
09-26 10:33:20.575 I/VRI[MainActivity]@e0e108( 2846): onDisplayChanged oldDisplayState=2 newDisplayState=2
09-26 10:33:20.575 I/HoneySpace.Memory-Monitor( 3406): current state = 2, didTrim = false
09-26 10:33:20.575 I/HoneySpace.RefreshRateSource( 3406): singleFrameMs 8
09-26 10:33:20.575 I/BSS_AodStatusMonitor(26203): updateValue: true, 0, true, 0, 0, true
09-26 10:33:20.575 I/VRI[SearchActivity]@49eaafa( 4847): onDisplayChanged oldDisplayState=2 newDisplayState=2
09-26 10:33:20.575 I/BSS_UdfpsKeyguardClient(26203): handleOnAodStatusChanged
09-26 10:33:20.576 I/VSyncReactor( 1389): Current= 60, Period= 120, hwcPeriod= 120
09-26 10:33:20.576 D/RefreshRateModeManager( 1588): updateDefaultDisplayToken: android.os.BinderProxy@7a8d85e, isChanged: false
09-26 10:33:20.578 I/BSS_DisplayStateManager(26203): handleDisplayStateChanged: ON -> ON
09-26 10:33:20.578 D/MultiSIMController( 2882): onReceive() - action = android.intent.action.SERVICE_STATE
09-26 10:33:20.578 I/VRI[FP Iconview]@dbc95e0(26203): onDisplayChanged oldDisplayState=2 newDisplayState=2
09-26 10:33:20.578 I/BSS_UdfpsFodHandler(26203): com.samsung.android.fingerprint.action.FINGER_ON_DISPLAY, 225, true
09-26 10:33:20.578 I/AOD_MONITOR@BroadcastMonitor( 2882): onUpdate: BR : android.intent.action.SERVICE_STATE
09-26 10:33:20.578 W/Layer   ( 1389): gatherBufferInfo: Received unknown dataspace from gralloc
09-26 10:33:20.578 I/VRI[FP Iconview]@dbc95e0(26203): onDisplayChanged oldDisplayState=2 newDisplayState=2
09-26 10:33:20.578 W/Layer   ( 1389): gatherBufferInfo: Received unknown dataspace from gralloc
09-26 10:33:20.578 I/LocationAccessPolicy( 2862): checkLocationPermission - callingUid: 10039, callingPid: 2882, result: DENIED_SOFT
09-26 10:33:20.578 I/LocationAccessPolicy( 2862): checkLocationPermission - callingUid: 10039, callingPid: 2882, result: DENIED_SOFT
09-26 10:33:20.578 W/Layer   ( 1389): gatherBufferInfo: Received unknown dataspace from gralloc
09-26 10:33:20.579 I/CommonUtils( 2882): isNetworkRoaming id=4
09-26 10:33:20.579 I/CommonUtils( 2882): isNetworkRoaming: false
09-26 10:33:20.580 I/AOD_CONFIG@AODConfigurationController( 2882): onRoamingStateUpdated: enabled = false
09-26 10:33:20.580 I/AODClockContainer( 2882): updateContainer: onTick = true, r = 1, f = 0
09-26 10:33:20.580 I/DigitalVerticalClockView_LOCK_SCREEN_1@367( 2882): refresh : true
09-26 10:33:20.581 I/DigitalVerticalClockView_LOCK_SCREEN_1@367( 2882): onTimeChanged : [DateTimeInfo : date = Fri, September 26, hourMin = 10:33, hourMinSec = , hour = 10, minute = 33, amPm  = AM, colon = :, second = , timezone = null, isLeftOfAmPm = false, ttsDate = Friday, September 26], timeInMillis = 1758897200580
09-26 10:33:20.581 I/DigitalVerticalClockView_LOCK_SCREEN_1@367( 2882): updatePaletteItemTransition : paletteItem = SOLID color : FFCCCCCC, animation = false, dozeAmount = 1.0
09-26 10:33:20.581 D/PowerManagerService( 1588): [api] release WakeLock DRAW_WAKE_LOCK                    'AOD_DRAW_BY_LIVECLOCK' ACQ=-532ms (uid=10039 pid=2882 displayId=-1 lock=9a4ff5a)
09-26 10:33:20.581 I/DreamManagerService( 1588): Leaving dreamland.
09-26 10:33:20.581 D/PowerManagerService( 1588): [api] release WakeLock DOZE_WAKE_LOCK                    'dream:doze' ACQ=-51s444ms (uid=1000 pid=1588 displayId=-1 lock=e2595c1)
09-26 10:33:20.582 D/DisplayLifecycle( 2882): updateDisplay id = 0
09-26 10:33:20.582 D/SecLifecycle( 2882): wakefulness=2
09-26 10:33:20.582 D/SysUiState( 2882): SysUiState changed: old=0x702001c6 new=0x502001c6
09-26 10:33:20.582 I/DreamController( 1588): Stopping dream: name=ComponentInfo{com.android.systemui/com.android.systemui.doze.DozeService}, isPreviewMode=false, canDoze=true, userId=0, reason='finished self'(from 'power manager request')
09-26 10:33:20.582 D/FaceWidgetViewModel( 2882): onFinishedWakingUp()
09-26 10:33:20.582 D/FaceWidgetViewModel( 2882): updateInfoParameters(waking up) isAODState = true, clockSidePadding = (73, 73), musicSidePadding = (30, 30)
09-26 10:33:20.582 D/FaceWidgetWakefulnessLifecycle( 2882): onFinishedWakingUp
09-26 10:33:20.582 I/NowBarItemManager( 2882): notifyUpdateObservers size = 1 
09-26 10:33:20.582 I/NowBarCardViewModel( 2882): updateView isCollapsed = true screenOn=true
09-26 10:33:20.582 I/NowBarItemManager( 2882): getVisibleList isScreenTurnedOn = true / aodShowState false shouldControlScreenOff false visibleList size = 0
09-26 10:33:20.582 I/NowBarItemManager( 2882): getVisibleList isScreenTurnedOn = true / aodShowState false shouldControlScreenOff false visibleList size = 0
09-26 10:33:20.582 E/NowBarCardStackView( 2882): getTopCard topCard is null view size = 0
09-26 10:33:20.583 I/NowBarCardStackView( 2882): refreshAllViews topcard is null
09-26 10:33:20.583 I/NowBarCardStackView( 2882): refreshAllViews prev = 0 / new = 0   ==> 
09-26 10:33:20.583 E/NowBarCardStackView( 2882): getTopCard topCard is null view size = 0
09-26 10:33:20.583 I/HoneySpace.TaskbarEventTracker( 3406): invokeEvent() called with: event = SystemUiStateChanged(stateFlags=1344274886)
09-26 10:33:20.583 E/NowBarCardViewModel( 2882): updateExpandedClickPanelVisibility screen on = true expanded falseisTopCardSettingViewOpened = false
09-26 10:33:20.583 E/NowBarCardStackView( 2882): getTopCard topCard is null view size = 0
09-26 10:33:20.583 I/NowBarItemManager( 2882): getVisibleList isScreenTurnedOn = true / aodShowState false shouldControlScreenOff false visibleList size = 0
09-26 10:33:20.583 I/HoneySpace.SystemUiRepository( 3406): systemUiFlags: overview_disabled|home_disabled|navbar_hidden|notif_expanded|keygrd_visible|device_dozing|awake|notif_visible
09-26 10:33:20.583 E/NowBarCardStackView( 2882): getTopCard topCard is null view size = 0
09-26 10:33:20.583 D/FaceWidgetViewModel( 2882): shouldContainerVisible() reason = (onFinishedWakingUp) true
09-26 10:33:20.583 D/LockscreenNotificationIconsOnlyController( 2882): mWakefulnessObserver onFinishedWakingUp 
09-26 10:33:20.583 D/DozeServiceHost( 2882): stopDozing
09-26 10:33:20.583 D/DozeServiceHost( 2882): updateDozing dozing = false / dozingRequested = false / state = KEYGUARD mode = 0
09-26 10:33:20.583 I/AODUiController( 2882): setIsDozing dozing:false
09-26 10:33:20.583 I/AODUiController( 2882): detachAODView true
09-26 10:33:20.583 I/AODClockViewModel( 2882): clearAllreason LiveClockManager is not null
09-26 10:33:20.583 I/AODClockViewModel( 2882): setLiveClockVisibility: visible = false / reason = 0 disabled LiveClock
09-26 10:33:20.584 I/ChargingInfoManager( 2882): setShowBatteryInfo: false plugged: true
09-26 10:33:20.584 I/ChargingInfoManager( 2882): updateChargingInfo: newState = AOD ChargingInfo [mState=BATTERY_AND_REMAIN_TIME, mIsCharging=true, mIsPlugged=true, mIsFullyCharged=false, mIsBatteryProtectMode=false, mBetteryLevel=12, mBetteryProtectModeType0, mIsSlowChargingfalse], oldState = AOD ChargingInfo [mState=BATTERY_AND_REMAIN_TIME, mIsCharging=true, mIsPlugged=true, mIsFullyCharged=false, mIsBatteryProtectMode=false, mBetteryLevel=12, mBetteryProtectModeType0, mIsSlowChargingfalse]
09-26 10:33:20.584 D/FaceWidgetViewModel( 2882): requestAODState() true -> false,  isNeedToTransition = true
09-26 10:33:20.584 D/FaceWidgetViewModel( 2882): updateInfoParameters(aod) isAODState = true, clockSidePadding = (73, 73), musicSidePadding = (30, 30)
09-26 10:33:20.584 D/FaceWidgetMusicPageShownManager( 2882): mCurrentMediaData is NULL
09-26 10:33:20.584 D/FaceWidgetMusicPageShownManager( 2882): updateMusicPageShownState() show = false, reattach = false, reason = aod
09-26 10:33:20.584 D/FaceWidgetMusicPageShownManager( 2882): skip to show media panel
09-26 10:33:20.584 D/FaceWidgetViewModel( 2882): updatePageState() >> START >> LockscreenPageState=AOD, mReturningPageState=SMALL, mNotiCount=-1, mIsScreenTurnedOn=true, mIsNeedToForceUpdate=false
09-26 10:33:20.584 I/KeyguardService( 2882): onDreamingStopped
09-26 10:33:20.584 D/FaceWidgetPagesController( 2882): setPageState() pageState = AOD -> SMALL, forceUpdate = false
09-26 10:33:20.584 D/FaceWidgetRemoteViewsPage_com.samsung.android.forest#screenTime_( 2882): setPageState() pageType = SMALL  [ page state :AOD, orientation : 1] com.samsung.android.app.facewidget.pages.remoteview.FaceWidgetRemoteViewsPage{a8f251c VFE...... ......I. 0,0-0,0}
09-26 10:33:20.584 D/FaceWidgetRemoteViewsPage_com.samsung.android.app.routines#dashboard_( 2882): setPageState() pageType = SMALL  [ page state :AOD, orientation : 1] com.samsung.android.app.facewidget.pages.remoteview.FaceWidgetRemoteViewsPage{98659f0 VFE...... ......I. 0,0-0,0}
09-26 10:33:20.584 D/FaceWidgetMusicPage( 2882): setPageState() pageType = SMALL  [ page state :AOD, orientation : 1] com.samsung.android.app.facewidget.pages.music.FaceWidgetMusicPage{2f63731 VFE...C.. ......I. 0,0-0,0}
09-26 10:33:20.584 D/FaceWidgetMusicPage( 2882): updateContentsView()
09-26 10:33:20.584 D/FaceWidgetMusicPage( 2882): attachContentsView LOCKSCREEN SMALL false
09-26 10:33:20.584 D/FaceWidgetMusicPage( 2882): initViews, mPageState = SMALL isFullMode = false mIsExpandMode = true
09-26 10:33:20.584 D/FaceWidgetMusicViewModel( 2882): updateMusicPageColorForVisibility
09-26 10:33:20.584 D/FaceWidgetMusicViewModel( 2882): updateMusicPageColorForVisibility, useLightModeColor = false
09-26 10:33:20.584 D/FaceWidgetCalendarEventPage( 2882): setPageState() pageType = SMALL  [ page state :AOD, orientation : 1] com.samsung.android.app.facewidget.pages.calendar.FaceWidgetCalendarEventPage{70e3397 VFE...... ......I. 0,0-0,0}
09-26 10:33:20.584 D/FaceWidgetAlarmPage( 2882): setPageState() pageType = SMALL  [ page state :AOD, orientation : 1] com.samsung.android.app.facewidget.pages.alarm.FaceWidgetAlarmPage{e94354 VFE...... ......I. 0,0-0,0}
09-26 10:33:20.584 D/FaceWidgetRemoteViewsPage_com.samsung.android.oneconnect#ID_( 2882): setPageState() pageType = SMALL  [ page state :AOD, orientation : 1] com.samsung.android.app.facewidget.pages.remoteview.FaceWidgetRemoteViewsPage{2ac85a2 VFE...... ......I. 0,0-0,0}
09-26 10:33:20.584 D/FaceWidgetClockPage( 2882): setPageState() pageType = SMALL  [ page state :AOD, orientation : 1] com.samsung.android.app.facewidget.pages.clock.FaceWidgetClockPage{6b09b6f V.E...... ......ID 73,0-979,520 #7f0a0454 app:id/keyguard_clock_page}
09-26 10:33:20.585 D/SEP_UNION_SemDeviceInfoManagerService( 1588): onReceive : android.intent.action.DREAMING_STOPPED, userId = -10000 
09-26 10:33:20.585 D/PowerManagerService( 1588): [api] DreamReceiver: onReceive: android.intent.action.DREAMING_STOPPED
09-26 10:33:20.585 D/ActivityManager( 1588): Received BROADCAST intent 0xad7b256 Key{broadcastIntent pkg=com.sec.android.app.launcher intent=act=android.intent.action.DREAMING_STOPPED cmp=com.sec.android.app.launcher/com.samsung.app.honeyspace.edge.edgepanel.data.repository.visibility.ScreenStateBrReceiver flags=0x2000000 u=-1} requestCode=0 sent=0 from uid 1000
09-26 10:33:20.585 D/SEP_UNION_SemDeviceInfoManagerService( 1588): Send intent android.intent.action.DREAMING_STOPPED, userId: 0 by broadcast 
09-26 10:33:20.586 I/SysUIResourceUtils( 2882): isKeyguardThemeImageClockEnabled: false
09-26 10:33:20.586 I/FaceWidgetClockRoamManager( 2882): shouldShowDualClock() isRoamingClockEnabled=true, isEasyModeEnabled=false, mIsNetworkRoaming=false
09-26 10:33:20.586 I/HoneySpace.EdgePanel.ScreenStateBrReceiver( 3406): android.intent.action.DREAMING_STOPPED
09-26 10:33:20.586 I/HoneySpace.EdgePanel.ScreenStateObserver( 3406): sendScreenStateChanged android.intent.action.DREAMING_STOPPED android.intent.action.SCREEN_ON
09-26 10:33:20.586 I/OomAdjuster( 1588): Excessive Resource Usage detectd task: CEM  : 10391:com.zhiliaoapp.musically/u0a376
09-26 10:33:20.586 I/SysUIResourceUtils( 2882): isKeyguardThemeImageClockEnabled: false
09-26 10:33:20.586 D/FaceWidgetClockPage( 2882): getConsideredClockType() , isExpanded=false, isEmergencyMode=false, isMBU=false, isThemeClockEnabled=false, isThemeImageClock=false, shouldShowDualClock=false, shouldShowDefaultClock=false, shouldShowLockThemeClockToAOD=false, aodClockType=1, newClockType=1
09-26 10:33:20.586 D/FaceWidgetClockPage( 2882): updateContentsView() clock type changed : 1 -> 1, isAODStateChanging = true, reason = aod state changing
09-26 10:33:20.586 D/FaceWidgetClockPage( 2882): updateHourDigitChangeType() currentClockType =1 new=1
09-26 10:33:20.586 I/KeyguardClockProvider( 2882): updateClockScale: scale=1.0
09-26 10:33:20.587 I/FaceWidgetClockRoamManager( 2882): shouldShowDualClock() isRoamingClockEnabled=true, isEasyModeEnabled=false, mIsNetworkRoaming=false
09-26 10:33:20.587 I/UfClockProvider( 2882): getClockView = 1 category = 2, internal = false , com.samsung.android.uniform.plugins.UfClockProvider@f3318df
09-26 10:33:20.587 I/OomAdjuster( 1588): Excessive Resource Usage detectd task: CEM  : 10391:com.zhiliaoapp.musically/u0a376
09-26 10:33:20.587 W/Layer   ( 1389): gatherBufferInfo: Received unknown dataspace from gralloc
09-26 10:33:20.587 I/DigitalVerticalClockView( 2882): initAbsClock : mClockType = 1, formatDate = EEEMMMMd, dateType = 1, timezone = null, hasSeconds = false, tickInterval = 1000, format2DigitHour = true, suspend = false, mHasBatteryInfo = false, mScalable = true, mNoneScaleParam = [ScaleParam : scaleRatio = 1.0, bottomMargin = 0, minHeight = 0], mMediumScaleParam = [ScaleParam : scaleRatio = 0.92, bottomMargin = 40, minHeight = 684], mSmallScaleParam = [ScaleParam : scaleRatio = 0.58, bottomMargin = 0, minHeight = 258]
