09-26 10:33:20.607 I/KeyguardSecAffordanceView( 2882): getColorCurvePreset isTaskOn: false wallpaperBrightness: 65
09-26 10:33:20.607 D/View    ( 2882): semSetBlurInfo, blurInfo : android.view.SemBlurInfo@3b53509 {BLUR_MODE_WINDOW, mBlurRadius = 300, mBackgroundBlurColor = 0, mCornerRadiusTL = 75.0, mCornerRadiusTR = 75.0, mCornerRadiusBL = 75.0, mCornerRadiusBR = 75.0, mColorCurve = android.view.SemBlurInfo$ColorCurve@846830e {minX = 0.0, minY = 13.3, maxX = 255.0, maxY = 235.1, curveBias = -5.0, saturation = 0.35}}, com.android.systemui.statusbar.KeyguardSecAffordanceView{f3edbe3 V.ED..... ......ID 0,0-150,150 #7f0a040f app:id/end_button}
09-26 10:33:20.608 I/VRI[LockscreenShortcutBlur]@ce25f1a( 2882): onDisplayChanged oldDisplayState=2 newDisplayState=2
09-26 10:33:20.608 I/VRI[NavigationBar0]@30704b3( 2882): onDisplayChanged oldDisplayState=2 newDisplayState=2
09-26 10:33:20.608 I/VRI[NotificationShade]@1adb9d7( 2882): onDisplayChanged oldDisplayState=2 newDisplayState=2
09-26 10:33:20.608 I/VRI[StatusBar]@c9aa6eb( 2882): onDisplayChanged oldDisplayState=2 newDisplayState=2
09-26 10:33:20.608 I/VRI[Bouncer]@2948976( 2882): onDisplayChanged oldDisplayState=2 newDisplayState=2
09-26 10:33:20.608 I/AODTriggers( 2882): onAODEventDispatched = 4 / eventData = aod.e0@e7a433c
09-26 10:33:20.608 I/AOD_LIVE_CLOCK@LiveClockController( 2882): updateDisplayState: DISPLAY_STATE_ON
09-26 10:33:20.608 I/VRI[KeyguardBiometricToastView]@7f5e1c2( 2882): onDisplayChanged oldDisplayState=2 newDisplayState=2
09-26 10:33:20.608 D/PowerManagerService( 1588): [api] release WakeLock DRAW_WAKE_LOCK                    'AOD_TspUpdate' ACQ=-569ms (uid=10039 pid=2882 displayId=-1 lock=dec7700)
09-26 10:33:20.608 D/DisplayLifecycle( 2882): updateDisplay id = 0
09-26 10:33:20.609 I/VRI[LockscreenShortcutBlur]@ce25f1a( 2882): onDisplayChanged oldDisplayState=2 newDisplayState=2
09-26 10:33:20.609 I/VRI[NavigationBar0]@30704b3( 2882): onDisplayChanged oldDisplayState=2 newDisplayState=2
09-26 10:33:20.609 I/VRI[NotificationShade]@1adb9d7( 2882): onDisplayChanged oldDisplayState=2 newDisplayState=2
09-26 10:33:20.609 I/VRI[StatusBar]@c9aa6eb( 2882): onDisplayChanged oldDisplayState=2 newDisplayState=2
09-26 10:33:20.609 I/VRI[Bouncer]@2948976( 2882): onDisplayChanged oldDisplayState=2 newDisplayState=2
09-26 10:33:20.609 I/AODTriggers( 2882): onAODEventDispatched = 4 / eventData = aod.e0@6f318c5
09-26 10:33:20.609 I/AOD_LIVE_CLOCK@LiveClockController( 2882): updateDisplayState: DISPLAY_STATE_ON
09-26 10:33:20.609 I/VRI[KeyguardBiometricToastView]@7f5e1c2( 2882): onDisplayChanged oldDisplayState=2 newDisplayState=2
09-26 10:33:20.609 D/CarrierTextController( 2882): carrierTextForSimState(2)-(order: 0) : null
09-26 10:33:20.609 D/CarrierTextController( 2882): carrierTextForSimState(4)-(order: 1) : Mint
09-26 10:33:20.609 D/CarrierTextController( 2882): setCarrierText : Mint allSimsMissing : false anySimReady : true
09-26 10:33:20.609 D/CarrierTextController( 2882): carrierTextForSimState(2)-(order: 0) : null
09-26 10:33:20.609 D/CarrierTextController( 2882): carrierTextForSimState(4)-(order: 1) : Mint
09-26 10:33:20.609 D/CarrierTextController( 2882): setCarrierText : Mint allSimsMissing : false anySimReady : true
09-26 10:33:20.609 D/CarrierTextController( 2882): carrierTextForSimState(2)-(order: 0) : null
09-26 10:33:20.609 D/CarrierTextController( 2882): carrierTextForSimState(4)-(order: 1) : Mint
09-26 10:33:20.609 D/CarrierTextController( 2882): setCarrierText : Mint allSimsMissing : false anySimReady : true
09-26 10:33:20.609 D/FaceWidgetPagesController( 2882): onRefreshCarrierInfo()
09-26 10:33:20.609 I/LocationAccessPolicy( 2862): checkLocationPermission - callingUid: 10039, callingPid: 2882, result: DENIED_SOFT
09-26 10:33:20.609 I/LocationAccessPolicy( 2862): checkLocationPermission - callingUid: 10039, callingPid: 2882, result: DENIED_SOFT
09-26 10:33:20.610 D/FaceWidgetClockRoamManager( 2882): isNetworkRoamingState id=4
09-26 10:33:20.610 D/FaceWidgetClockRoamManager( 2882): isNetworkRoamingState false
09-26 10:33:20.610 D/FaceWidgetClockRoamManager( 2882): onRefreshCarrierInfo(pre, now): false, false
09-26 10:33:20.610 D/FaceWidgetClockPage( 2882): onRefreshCarrierInfo : isChanged false mIsRoaming false
09-26 10:33:20.610 I/Telecom ( 1588): SamsungTelecomServiceImpl : isInCall - callingPackage : com.android.systemui / callingUser : UserHandle{0} / hasCrossUserAccess : true
09-26 10:33:20.610 D/MultiSIMController( 2882): MESSAGE_UPDATE_SERVICE_STATE
09-26 10:33:20.612 W/Layer   ( 1389): gatherBufferInfo: Received unknown dataspace from gralloc
09-26 10:33:20.612 D/SecKeyguardStatusViewObserver( 2882): onChanged() FaceWidgetContainerLiveData{mIsContainerVisible=true, mClipLayoutVisibility=0, mRotation=0, mIsDashBoardVIRunning=false, mIsAdditionalInfoVisible=4, mAdditionalInfoGravity=17, mClockSideStartPadding=0, mClockSideEndPadding=0, mMusicSideStartPadding=30, mMusicSideEndPadding=30, mInfoSideStartPadding=0, mInfoSideEndPadding=0, mClipLayoutWidth = -1, mAdditionalInfoRemoteView=null, mIsAdditionalViewGoingToSleep=false, mConfig=CustomConfiguration{fontScale=1.0, screenLayout=268435810, orientation=1, screenWidthDp=360, screenHeightDp=800, smallestScreenWidthDp=360, densityDpi=480, uiMode=33, isRTL=false, mConfiguration={1.0 310mcc240mnc [en_US] ldltr sw360dp w360dp h800dp 480dpi nrml long port night finger -keyb/v/h -nav/h winConfig={ mBounds=Rect(0, 0 - 1080, 2400) mAppBounds=Rect(0, 0 - 1080, 2400) mMaxBounds=Rect(0, 0 - 1080, 2400) mDisplayRotation=ROTATION_0 mWindowingMode=fullscreen mActivityType=undefined mAlwaysOnTop=undefined mRotation=ROTATION_0 mStageConfig=undefined mPopOver=undefined mOverlappingWithCutout=false mCompatSandboxScale=-1.0 mDexTaskDockingState=none mFreeformTaskPinningState=undefined} s.350 fontWeightAdjustment=0 ff=0 bf=0 bts=0 cst=1.0 nightDim=0 desktop/d dm/n ?dc ?dcui themeSeq=0}}}
09-26 10:33:20.612 D/FaceWidgetPagesController( 2882): onGravityChanged()
09-26 10:33:20.612 D/FaceWidgetClockPage( 2882): setClockGravity() gravity = 49
09-26 10:33:20.612 D/FaceWidgetClockPage( 2882): updateClockPadding 
09-26 10:33:20.612 I/Sec MiscPowerHAL( 1316): !@sysfs_write -: /sys/class/sec/tsp/input/enabled: 1
09-26 10:33:20.613 I/BLASTBufferQueue_Java( 2882): update, w= 1080 h= 2400 mName = VRI[NotificationShade]@1adb9d7 mNativeObject= 0xb4000076c78c9ff0 sc.mNativeObject= 0xb4000077c7894bd0 format= -3 caller= android.view.ViewRootImpl.updateBlastSurfaceIfNeeded:3386 android.view.ViewRootImpl.relayoutWindow:11361 android.view.ViewRootImpl.performTraversals:4544 android.view.ViewRootImpl.doTraversal:3708 android.view.ViewRootImpl$TraversalRunnable.run:12542 android.view.Choreographer$CallbackRecord.run:1751 
09-26 10:33:20.613 I/VRI[NotificationShade]@1adb9d7( 2882): Relayout returned: old=(0,0,1080,2400) new=(0,0,1080,2400) relayoutAsync=true req=(1080,2400)0 dur=0 res=0x0 s={true 0xb400007667961c30} ch=false seqId=0
09-26 10:33:20.613 V/WindowManager( 1588): Relayout Window{af3d303 u0 NotificationShade}: viewVisibility=0 req=1080x2400 ty=2040 d0
09-26 10:33:20.614 V/WindowManager( 1588): Relayout hash=af3d303, pid=0, syncId=-1: mAttrs={(0,0)(fillxfill) gr=TOP CENTER_VERTICAL sim={adjust=pan} layoutInDisplayCutoutMode=always ty=NOTIFICATION_SHADE fmt=TRANSLUCENT or=SCREEN_ORIENTATION_NOSENSOR if=INPUT_FEATURE_DISABLE_USER_ACTIVITY userActivityTimeout=5000
09-26 10:33:20.614 V/WindowManager( 1588):   fl=81960040
09-26 10:33:20.614 V/WindowManager( 1588):   pfl=10000200
09-26 10:33:20.614 V/WindowManager( 1588):   bhv=2
09-26 10:33:20.614 V/WindowManager( 1588):   frameRateBoostOnTouch=true
09-26 10:33:20.614 V/WindowManager( 1588):   dvrrWindowFrameRateHint=true screenDimDuration=0 naviIconColor=0
09-26 10:33:20.614 V/WindowManager( 1588):   sfl=40000}
09-26 10:33:20.614 I/FaceWidgetRectManager( 2882): updateClockRectOnLayout:
09-26 10:33:20.614 I/FaceWidgetClockPage( 2882): updateClockRect onLayout
09-26 10:33:20.614 D/FaceWidgetViewModel( 2882): getClockContainerHeight : transition prepared 
09-26 10:33:20.614 D/FaceWidgetViewModel( 2882): getClockContainerHeight : transition prepared 
09-26 10:33:20.614 D/FaceWidgetViewModel( 2882): getClockContainerHeight : transition prepared 
09-26 10:33:20.614 D/FaceWidgetViewModel( 2882): getClockContainerHeight : transition prepared 
09-26 10:33:20.614 D/FaceWidgetViewModel( 2882): getClockContainerHeight : transition prepared 
09-26 10:33:20.614 D/FaceWidgetViewModel( 2882): getClockContainerHeight : transition prepared 
09-26 10:33:20.614 D/FaceWidgetViewModel( 2882): getClockContainerHeight : transition prepared 
09-26 10:33:20.614 I/FaceWidgetTransition(FaceWidgetClockPage)( 2882): 4255567/makeTargetData()
09-26 10:33:20.615 I/FaceWidgetTransition(FaceWidgetClockPage)( 2882): 4255567/  add transition name = common_clock_transition_hour, view = com.samsung.android.uniform.widget.ClockNonePaddingTextView{a187279 V.ED..... ......ID 0,0-318,195 #7f0a0238 app:id/common_hour}, params = (x=0.0, y=0.0, w=318.0, h=195.0, sx=380.0, sy=272.0)
09-26 10:33:20.615 I/FaceWidgetTransition(FaceWidgetClockPage)( 2882): 4255567/  add transition name = common_clock_transition_minute, view = com.samsung.android.uniform.widget.ClockNonePaddingTextView{1dfcbbe V.ED..... ......ID 0,231-318,426 #7f0a026c app:id/common_minute}, params = (x=0.0, y=231.0, w=318.0, h=195.0, sx=380.0, sy=503.0)
09-26 10:33:20.615 I/FaceWidgetTransition(FaceWidgetClockPage)( 2882): 4255567/  add transition name = common_clock_transition_date, view = com.samsung.android.uniform.widget.ClockTextView{f51d41f V.ED..... ......ID 0,0-391,64 #7f0a01ec app:id/common_date}, params = (x=0.0, y=0.0, w=391.0, h=64.0, sx=344.0, sy=716.0)
09-26 10:33:20.615 I/FaceWidgetTransition(FaceWidgetClockPage)( 2882): 4255567/  add transition name = common_clock_transition_weather, view = android.widget.LinearLayout{372f36c G.E...... ......I. 0,0-0,0 #7f0a02a6 app:id/common_weather_container}, params = (x=0.0, y=0.0, w=0.0, h=0.0, sx=344.0, sy=716.0)
09-26 10:33:20.615 I/FaceWidgetTransition(FaceWidgetClockPage)( 2882): 4255567/  add transition name = common_clock_transition_local_date, view = com.samsung.android.uniform.widget.ClockTextView{fa4bd35 G.ED..... ......I. 0,0-0,0 #7f0a025b app:id/common_local_date}, params = (x=0.0, y=0.0, w=0.0, h=0.0, sx=344.0, sy=716.0)
09-26 10:33:20.615 D/FaceWidgetViewModel( 2882): captureTargetContainerHeight() 532, 0
09-26 10:33:20.615 D/VRI[NotificationShade]@1adb9d7( 2882): Canceling draw. cancelDueToPreDrawListener=true cancelDueToSync=false
09-26 10:33:20.615 D/DozeService( 2882): onDreamingStopped: 
09-26 10:33:20.615 D/PowerManagerService( 1588): [api] acquire WakeLock DRAW_WAKE_LOCK                    'Doze' (uid=10039 pid=2882 displayId=-1 lock=48e57bb)
09-26 10:33:20.616 I/DozeMachine( 2882): transition: old=DOZE_AOD req=FINISH new=FINISH
09-26 10:33:20.616 D/PluginAODManager( 2882): enableTouch : true FaceWidgetContainerWrapper = com.android.systemui.facewidget.plugin.FaceWidgetContainerWrapper@aba73e1
09-26 10:33:20.616 D/DozeService( 2882): stopAlwaysOnDisplay: mAODPlugin=com.samsung.android.app.aodservice.plugin.PluginAODImpl@b527702
09-26 10:33:20.616 D/PluginAODManager( 2882): removeUpdateMonitor mWakefulness=2
09-26 10:33:20.616 D/PluginAODManager( 2882): removeNotiCollectionListener: 
09-26 10:33:20.616 I/PluginAODImpl( 2882): onDreamingStopped()
09-26 10:33:20.616 I/AlwaysOnDisplayEx( 2882): !@AlwaysOnDisplayEx: onDestroy hashCode=61981769
09-26 10:33:20.616 I/AOD_TSP@AODTspEventController( 2882): setTouchMode: return by interactive
09-26 10:33:20.616 I/AOD_TSP@AODTspEventMonitor( 2882): unregister
09-26 10:33:20.617 I/AODUiTimer( 2882): removeAODTimeTickTimerListener
09-26 10:33:20.617 W/AODAlarmTimer_AOD_CHARGING_INFO_TICK( 2882): stop : not yet started 
09-26 10:33:20.617 I/AODStateMachine( 2882): request : (RUN) --> (IDLE) : canTransition (true)
09-26 10:33:20.617 I/AODCommonUtils( 2882): isSupportLiveClockImageProcessing liveClockVersion = 7
09-26 10:33:20.617 I/AODCommonUtils( 2882): isSupportLiveClockImagePrecessing : live clock NOT work - old device
09-26 10:33:20.617 I/AlwaysOnDisplayEx( 2882): clearAODTspRect
09-26 10:33:20.617 I/AODManagerService( 1588): updateAODTspRectInternal union: key : com.samsung.android.app.aodservice rect : Rect(0, 0 - 0, 0)
09-26 10:33:20.617 D/SemInputDeviceManager( 1588): setProperty: (100) CMD,AOD_RECT,0,0,0,0
09-26 10:33:20.617 I/AODCommonUtils( 2882): isSupportLiveClock: false
09-26 10:33:20.617 I/AlwaysOnDisplayEx( 2882): clearLiveClock do not support liveclock
09-26 10:33:20.617 I/AODSettingsUtils( 2882): updateAODDisplayTime => interval : 0
09-26 10:33:20.617 I/SemInputCommandService( 1588): setPropertyAllTouch: AOD_RECT,0,0,0,0 retDefault=1 retExtra=-2
09-26 10:33:20.617 D/SemInputDevice:TSP( 1588): SetPropertyTask: CMD,set_aod_rect,0,0,0,0 [09-26 10:33:20.617]
09-26 10:33:20.618 I/sysinput:Touch( 1330): writeInformation:249, OK
09-26 10:33:20.619 I/AbsSettings( 2882): putStringInner: updated AODSettingsDBItem / display_time=84430
09-26 10:33:20.619 D/SysinputHAL_V1_3(V1_2)( 1588): runTspCmdNoRead(TSP(1)): set_aod_rect,0,0,0,0 ret=0
09-26 10:33:20.619 I/AbsSettings( 2882): putStringInner: updated AODSettingsDBItem / display_time_low_light=21247
09-26 10:33:20.619 V/WindowManager( 1588): Setting visibility of Window{47d3554 u0 com.android.systemui.wallpapers.ImageWallpaper}: true, caller=com.android.server.wm.WindowContainer.sendAppVisibilityToClients:19 com.android.server.wm.WindowToken.setClientVisible:49 com.android.server.wm.WallpaperWindowToken.setVisible$1:3 com.android.server.wm.WallpaperWindowToken.commitVisibility:49 com.android.server.wm.WallpaperWindowToken.setVisibility:111 
09-26 10:33:20.619 I/AbsSettings( 2882): putStringInner: updated AODSettingsDBItem / display_time_start=1758897200618
09-26 10:33:20.619 I/WallpaperService( 2882): dispatchAppVisibility: lock, visible=true , mLidState = -1
09-26 10:33:20.619 I/DozeMachine( 2882): transition: old=FINISH req=DOZE new=FINISH
09-26 10:33:20.619 I/MODManager( 2882): clearMODIfNeeded: finish MOD
09-26 10:33:20.619 I/AOD_CONFIG@AODConfigurationController( 2882): [transitionTo] RUN >> IDLE
09-26 10:33:20.619 I/AOD_CONFIG@AODConfigurationController( 2882): unregisterMonitor MONITOR_SEMCONTEXT
09-26 10:33:20.619 I/WallpaperService( 2882): reportVisibility: enforce redraw
09-26 10:33:20.619 I/AOD_CONFIG@AODConfigurationController( 2882): unregisterMonitor MONITOR_BROADCAST_PSM
09-26 10:33:20.619 I/WallpaperService( 2882): updateSurface lock forceRelayout=false forceReport=false redrawNeeded=true myWidth=-1 myHeight=-1 fixedSize=false x = 0 y = 0 mWidth=-1 mHeight=-1
09-26 10:33:20.619 I/WallpaperService( 2882): maxBounds : Rect(0, 0 - 1080, 2400) , mDeviceHeight : 2400, mDeviceWidth : 1080,mDeviceRotation  : 0
09-26 10:33:20.619 I/WallpaperService( 2882): updateSurface: invoke Session.relayout
09-26 10:33:20.619 E/AOD_CONFIG@AODConfigurationController( 2882): Skipping unregisterMonitor MONITOR_BROADCAST_WALLPAPER - no registered monitor
09-26 10:33:20.619 E/AOD_CONFIG@AODConfigurationController( 2882): Skipping unregisterMonitor MONITOR_FOLD_STATE - no registered monitor
09-26 10:33:20.619 I/AOD_CONFIG@AODConfigurationController( 2882): unregisterMonitor MONITOR_BROADCAST_ROAMING
09-26 10:33:20.619 I/AOD_CONFIG@AODConfigurationController( 2882): unregisterMonitor MONITOR_WEATHER_INFO_ENABLED
09-26 10:33:20.619 D/SemContextService( 1588): lock : unregisterCallback
09-26 10:33:20.619 D/SemContextService( 1588): Service.removeListenerLocked() : listener = com.samsung.android.hardware.context.SemContextService$Listener@ba14a66, service = Carrying Detection, used = 0
09-26 10:33:20.620 W/CAE     ( 1588): unregisterCallback(ContextAwareService.java:230) - [unregi 01] Mutex is locked for DEVICE_PHYSICAL_CONTEXT_MONITOR
09-26 10:33:20.620 W/CAE     ( 1588): getListener(ListenerListManager.java:127) - [getListener1]  com.samsung.android.contextaware.ContextAwareManager$CaListenerDelegate@22daf8f
09-26 10:33:20.620 W/CAE     ( 1588): getListener(ListenerListManager.java:128) - [getListener2]  com.samsung.android.contextaware.manager.ContextAwareService$Listener@8fd2eee
09-26 10:33:20.620 I/AOD_CONFIG@AODConfigurationController( 2882): unregisterMonitor MONITOR_BROADCAST_OMC
09-26 10:33:20.620 I/AODTapToShowTimer( 2882): stop()
09-26 10:33:20.620 V/CAE     ( 1588): stop(ContextProvider.java:155)
09-26 10:33:20.620 V/CAE     ( 1588): clear(DevicePhysicalContextMonitorRunner.java:680)
09-26 10:33:20.620 V/CAE     ( 1588): disable(DevicePhysicalContextMonitorRunner.java:669)
09-26 10:33:20.620 D/SensorService( 1588): setSContextDataLocked ints length 2 , byte length 4
09-26 10:33:20.620 V/WindowManager( 1588): Relayout Window{47d3554 u0 com.android.systemui.wallpapers.ImageWallpaper}: viewVisibility=0 req=-1x-1 ty=2013 d0
09-26 10:33:20.620 D/SensorService( 1588): setSContextDataLocked 38b2
09-26 10:33:20.621 I/sensors-hal( 1209): inject_sensor_data:562, handle 1501 send inject
09-26 10:33:20.621 I/sensors-hal( 1209): sendContextData:286, sensor hal 4, (0xb2, 0x38, 0x0, 0x0)
09-26 10:33:20.621 I/sensors-hal( 1209): sendContextData:344, enable:178, handle:19, algo:17498112
09-26 10:33:20.621 I/sensors-hal( 1209): sendContextData:195, AOD disable
09-26 10:33:20.621 I/AODUiController( 2882): removeBottomUI: 
09-26 10:33:20.621 I/AODTimeTickTimerEx( 2882): stop
09-26 10:33:20.621 V/WindowManager( 1588): Relayout hash=47d3554, pid=2882, syncId=-1: mAttrs={(0,0)(fillxfill) gr=TOP START CENTER layoutInDisplayCutoutMode=always ty=WALLPAPER fmt=RGBX_8888 wanim=0x1030323
09-26 10:33:20.621 V/WindowManager( 1588):   fl=10318
09-26 10:33:20.621 V/WindowManager( 1588):   pfl=14
09-26 10:33:20.621 V/WindowManager( 1588):   bhv=1
09-26 10:33:20.621 V/WindowManager( 1588):   frameRateBoostOnTouch=true
09-26 10:33:20.621 V/WindowManager( 1588):   dvrrWindowFrameRateHint=true naviIconColor=0
09-26 10:33:20.621 V/WindowManager( 1588):   sfl=8}
09-26 10:33:20.621 I/AOD_TSP@AODTspEventController( 2882): setTouchMode: return by interactive
09-26 10:33:20.622 I/ViewPositionControllerManager( 2882): unregisterListener: Clock
09-26 10:33:20.622 I/ViewPositionControllerManager( 2882): removePositionController: component=Clock, policy=TapToShow, count=1
09-26 10:33:20.622 E/minksocket( 1169): MinkIPC_QRTR_Service: client with node 1 port 6508 went down
09-26 10:33:20.622 I/AODBatteryManager( 2882): updateBatteryData: ACTION_BATTERY_CHANGED
09-26 10:33:20.622 W/Layer   ( 1389): gatherBufferInfo: Received unknown dataspace from gralloc
09-26 10:33:20.622 I/BLASTBufferQueue_Java( 2882): update, w= 1080 h= 2400 mName = Wallpaper mNativeObject= 0xb4000076c7875090 sc.mNativeObject= 0xb4000077c7854f10 format= 2 caller= android.service.wallpaper.WallpaperService$Engine.getOrCreateBLASTSurface:2887 android.service.wallpaper.WallpaperService$Engine.updateSurface:1643 android.service.wallpaper.WallpaperService$Engine.reportVisibility:2128 android.service.wallpaper.WallpaperService$Engine.doVisibilityChanged:2028 android.service.wallpaper.WallpaperService$IWallpaperEngineWrapper.executeMessage:3381 com.android.internal.os.HandlerCaller$MyHandler.handleMessage:44 
09-26 10:33:20.622 I/AODBatteryManager( 2882): saveBatteryData : AOD BatteryData [mBatteryLevel=12, mBatteryStatus=CHARGING, mBatteryPlugType=USB, mBatteryPlugged=true, mRemainingChargeTime=23294000, mBatteryChargingType=1, mBatteryChargerType=NORMAL, mBatteryOnline=USB, mBatterySwellingMode=NONE, mBatteryProtectMode=false, mBatteryProtectModeType=0, mSleepChargingEvent=null, mSleepChargingEventFinishTime=null, mBatteryHealth=2, mIsDirectPowerMode=false, mIsUsbRestriction=false]
09-26 10:33:20.622 I/ChargingInfoManager( 2882): updateChargingInfo: newState = AOD ChargingInfo [mState=BATTERY_AND_REMAIN_TIME, mIsCharging=true, mIsPlugged=true, mIsFullyCharged=false, mIsBatteryProtectMode=false, mBetteryLevel=12, mBetteryProtectModeType0, mIsSlowChargingfalse], oldState = AOD ChargingInfo [mState=BATTERY_AND_REMAIN_TIME, mIsCharging=true, mIsPlugged=true, mIsFullyCharged=false, mIsBatteryProtectMode=false, mBetteryLevel=12, mBetteryProtectModeType0, mIsSlowChargingfalse]
09-26 10:33:20.622 I/sensors-hal( 1209): deactivate:384, disconnect qmi to disable sensor
09-26 10:33:20.622 D/WallpaperService( 2882): Set redraw after visible because drawn on invisible state
09-26 10:33:20.622 I/WallpaperService( 2882): updateSurface: invoke Session.finishDrawing
09-26 10:33:20.622 I/AODCommonUtils( 2882): isStandAloneDesktopMode : desktopModeState = SemDesktopModeState(DISABLED, STATE_UNDEFINED, DISPLAY_TYPE_NONE)
09-26 10:33:20.622 I/WallpaperService( 2882): reportVisibility: visibility changed. visible=true
09-26 10:33:20.622 I/CommonUtils( 2882): isOnlyEmergencyMode: false/false
09-26 10:33:20.622 D/ImageWallpaper_6[Video]( 2882): onVisibilityChanged: engineVisible=true, windowVisible=true, displayState = ON
09-26 10:33:20.622 D/WindowManager( 1588): finishDrawingWindow: Window{47d3554 u0 com.android.systemui.wallpapers.ImageWallpaper} mDrawState=HAS_DRAWN seqId=2147483647
09-26 10:33:20.622 I/AODUiController( 2882): IDLE break by interactive
09-26 10:33:20.622 D/CAE     ( 1588): getFaultDetectionResult(DevicePhysicalContextMonitorRunner.java:704) - true
09-26 10:33:20.622 I/MODManager( 2882): unregister
09-26 10:33:20.622 I/CAE     ( 1588): notifyCmdProcessResultObserver(ContextProvider.java:627) - CheckResult = 0, Cause = Success
09-26 10:33:20.622 D/AODManagerService( 1588): unregisterAODDozeCallbackInternal
09-26 10:33:20.622 D/DARUtil ( 1588): Device owner status not updated yet...
09-26 10:33:20.622 D/DARUtil ( 1588): Not an enterprise user : 0
09-26 10:33:20.622 D/DARUtil ( 1588): Device owner status not updated yet...
09-26 10:33:20.622 D/DARUtil ( 1588): Not an enterprise user : 0
09-26 10:33:20.623 I/MODManager( 2882): unregisterFingerprintListener called
09-26 10:33:20.623 D/SyntheticPasswordManager.SDP( 1588): Inside fromBytes() - result.pinLength : -1
09-26 10:33:20.623 D/SyntheticPasswordManager.SDP( 1588): 1. result.secureMode : 0
09-26 10:33:20.623 D/FingerprintService.Ext( 1588): unregisterAodController: 2882
09-26 10:33:20.623 I/ImageWallpaper_6[Video]( 2882): updatePlayerState: which=6, disp=ON, visible(window=true, engine=true), goingToSleepFromNonKeyguard=false, unlockingFromOffOrAod=false, isKeyguard=true, bouncer=false, forcePause=false, customPack=false, lockDisabled=false
09-26 10:33:20.623 E/MODManager( 2882): hideSubUIChargingInfo skip because mAODChargingInfoSubUiPresenter is null
09-26 10:33:20.623 D/ScoverManager( 2882): unregisterListener
09-26 10:33:20.623 E/SQLiteLog( 2882): (10) POSIX Error : 11 SQLite Error : 3850
09-26 10:33:20.623 D/DARUtil ( 1588): Device owner status not updated yet...
09-26 10:33:20.623 E/SQLiteLog( 2882): (10) LOCK : Getting lock (4) failed due to (11). The current owner is (30756).
09-26 10:33:20.623 D/DARUtil ( 1588): Not an enterprise user : 0
09-26 10:33:20.623 D/DARUtil ( 1588): Device owner status not updated yet...
09-26 10:33:20.623 D/DARUtil ( 1588): Not an enterprise user : 0
09-26 10:33:20.623 D/SyntheticPasswordManager.SDP( 1588): Inside fromBytes() - result.pinLength : -1
09-26 10:33:20.623 D/SyntheticPasswordManager.SDP( 1588): 1. result.secureMode : 0
09-26 10:33:20.623 I/ImageWallpaper_6[VideoController]( 2882): play
09-26 10:33:20.623 I/ImageWallpaper_6[VideoController]( 2882): dispatchCommands: null, enqueued=[PLAY]
09-26 10:33:20.623 I/ImageWallpaper_6[VideoController]( 2882): createPlayerSession
09-26 10:33:20.623 I/ImageWallpaper_6[VideoController.Session#95]( 2882): createAndInitMediaPlayer
09-26 10:33:20.623 I/ChargingInfoManager( 2882): removeMessages: 
09-26 10:33:20.623 W/AODAlarmTimer_HIDE_CHARGING_INFO_TIMER( 2882): stop : not yet started 
09-26 10:33:20.623 I/APlayerWrapper( 2882): [96] APlayerWrapper
09-26 10:33:20.623 I/AODPreventBurnInMonitor( 2882): stopAlarm = false
09-26 10:33:20.624 D/PowerManagerService( 1588): [api] release WakeLock DRAW_WAKE_LOCK                    'AOD_EnsureWorkingTime' ACQ=-930ms (uid=10039 pid=2882 displayId=-1 lock=b9f9f8f)
09-26 10:33:20.624 I/APlayerWrapper( 2882): [96] setParameter key (35004)
09-26 10:33:20.624 I/APlayer ( 2882): setParameter EXCLUDE_AUDIO_TRACK (1)
09-26 10:33:20.624 I/APlayerWrapper( 2882): [96] setParameter key (37000)
09-26 10:33:20.624 I/APlayer ( 2882): setParameter USE_VIDEO_TEAR_DOWN (1)
09-26 10:33:20.624 D/ImageWallpaper_6[VideoController.Session#95]( 2882): setPlayerState: state changed. RELEASED -> INITIALIZING
09-26 10:33:20.624 D/ImageWallpaper[VideoResource]( 2882): setSourceToPlayer: asset type. com.samsung.android.wallpaper.res/O1_T2-Gray_Black.mp4
09-26 10:33:20.624 D/WallpaperUtils( 2882): getVideoFDFromPackage() pkgName = com.samsung.android.wallpaper.res
09-26 10:33:20.624 D/PluginActionManager( 2882): stopListening
09-26 10:33:20.624 I/ChargingInfoView( 2882): handleMessage: MSG_SHOW_CHARGING_INFO
09-26 10:33:20.624 I/BottomChargingInfoView( 2882): updateContents: BATTERY_AND_REMAIN_TIME
09-26 10:33:20.624 I/AOD_WAKELOCK@WakeLockManager( 2882): acquireIfExists: tag - charging_info, timeout - 1000, reason - Charging Info is updating, delay by 500, wakeLock = WakeLock{97a1569 held=true, refCount=2}
09-26 10:33:20.624 I/ChargingInfoManager( 2882): getDeviceRemainingTime: 6 h 28 m until full
09-26 10:33:20.624 I/AOD_WAKELOCK@WakeLockManager( 2882): acquireIfExists: tag - charging_info, timeout - 5500, reason - Charging Info is updating, delay by 5000, wakeLock = WakeLock{97a1569 held=true, refCount=3}
09-26 10:33:20.624 I/APlayerWrapper( 2882): [96] init fd(6) in state (STATE_IDLE)
09-26 10:33:20.624 I/AMediaMetricsWrapper( 2882): SNdkMediaMetricsWrapper
09-26 10:33:20.624 I/AbsChargingInfoComponent( 2882): setVisibilityWithAnim: skipped true
09-26 10:33:20.625 I/ImageWallpaper_6[VideoController]( 2882): dispatchCommands: head=PLAY -> will consume later
09-26 10:33:20.625 D/KeyguardUpdateMonitor( 2882): handleDreamingStateChanged() dreaming : true -> false
09-26 10:33:20.625 D/CAE     ( 1588): doCommendProcess(ContextAwareService.java:396) - complete notify the operation result.
09-26 10:33:20.625 I/OomAdjuster( 1588): Excessive Resource Usage detectd task: CEM  : 10391:com.zhiliaoapp.musically/u0a376
09-26 10:33:20.625 D/KeyguardFingerprint( 2882): shouldListenForFingerprint ( isFingerprintEnabled = true , mKeyguardIsVisible = true , mDeviceInteractive = true , mPrimaryBouncerIsOrWillBeShowing = false , mPrimaryBouncerFullyShown = false , mGoingToSleep = false , mSwitchingUser = false , mIsDreamingForBiometrics = false , mKeyguardUnlocking = false , mKeyguardGoingAway = false , mKeyguardShowing = true , mKeyguardOccluded = false , mSystemReady = true , mHasFocus = true
09-26 10:33:20.625 I/CAE     ( 1588): displayUsedCountForService(ContextAwareService.java:460) - totalCnt = 0, serviceCount = 0, subCollectionCount = 0
09-26 10:33:20.625 D/KeyguardFingerprint( 2882): updateFingerprintListeningState#mFingerprintRunningState=1 shouldListenForFingerprint=true isUdfpsEnrolled=false bioType : 1
09-26 10:33:20.625 D/CAE     ( 1588): showListenerList(ContextAwareService.java:325) - ===== Context Aware Service List =====
09-26 10:33:20.625 W/ProcessStats( 1588): Tracking association SourceState{93bf1a7 io.capsule.seal/10426 Top #121236} whose proc state 1 is better than process ProcessState{f9d4c9 com.google.android.gms.persistent/10235 pkg=com.google.android.gms} proc state 2 (16 skipped)
09-26 10:33:20.625 I/CAE     ( 1588): showListenerList(ContextAwareService.java:334) - Listener : com.samsung.android.contextaware.manager.ContextAwareService$Listener@8fd2eee, Service : ACTIVITY_TRACKER_INTERRUPT(1)
09-26 10:33:20.625 I/APlayer ( 2882): onInitFile fd : 400, offset : 102605868, length : 12176349
09-26 10:33:20.625 I/APlayer ( 2882): st_dev  = 64772
09-26 10:33:20.625 I/APlayer ( 2882): st_mode = 33188
09-26 10:33:20.625 I/APlayer ( 2882): st_uid  = 0
09-26 10:33:20.625 I/APlayer ( 2882): st_gid  = 0
09-26 10:33:20.625 I/APlayer ( 2882): st_size = 178200207
09-26 10:33:20.625 I/CAE     ( 1588): showListenerList(ContextAwareService.java:334) - Listener : com.samsung.android.contextaware.manager.ContextAwareService$Listener@8fd2eee, Service : SLOCATION_RUNNER(1)
09-26 10:33:20.625 I/CAE     ( 1588): showListenerList(ContextAwareService.java:334) - Listener : com.samsung.android.contextaware.manager.ContextAwareService$Listener@8fd2eee, Service : FREE_FALL_DETECTION(1)
09-26 10:33:20.625 I/CAE     ( 1588): showListenerList(ContextAwareService.java:334) - Listener : com.samsung.android.contextaware.manager.ContextAwareService$Listener@8fd2eee, Service : ACTIVITY_TRACKER(1)
09-26 10:33:20.625 I/KeyguardSecAffordanceView( 2882): getColorCurvePreset isTaskOn: false wallpaperBrightness: 65
09-26 10:33:20.625 W/CAE     ( 1588): unregisterCallback(ContextAwareService.java:251) - [unregi 02] Mutex is unlocked for DEVICE_PHYSICAL_CONTEXT_MONITOR
09-26 10:33:20.625 D/SemContextService( 1588): 	.unregisterCallback : 5, client= com.samsung.android.app.aodservice
09-26 10:33:20.625 D/View    ( 2882): semSetBlurInfo, blurInfo : android.view.SemBlurInfo@3ec5ded {BLUR_MODE_WINDOW, mBlurRadius = 300, mBackgroundBlurColor = 0, mCornerRadiusTL = 75.0, mCornerRadiusTR = 75.0, mCornerRadiusBL = 75.0, mCornerRadiusBR = 75.0, mColorCurve = android.view.SemBlurInfo$ColorCurve@2906422 {minX = 0.0, minY = 13.3, maxX = 255.0, maxY = 235.1, curveBias = -5.0, saturation = 0.35}}, com.android.systemui.statusbar.KeyguardSecAffordanceView{f3edbe3 V.ED..... ......ID 0,0-150,150 #7f0a040f app:id/end_button}
09-26 10:33:20.625 I/KeyguardSecAffordanceView( 2882): getColorCurvePreset isTaskOn: false wallpaperBrightness: 65
09-26 10:33:20.625 D/SemContextService( 1588): unlock : unregisterCallback
09-26 10:33:20.625 D/View    ( 2882): semSetBlurInfo, blurInfo : android.view.SemBlurInfo@a492eb3 {BLUR_MODE_WINDOW, mBlurRadius = 300, mBackgroundBlurColor = 0, mCornerRadiusTL = 75.0, mCornerRadiusTR = 75.0, mCornerRadiusBL = 75.0, mCornerRadiusBR = 75.0, mColorCurve = android.view.SemBlurInfo$ColorCurve@ed59c70 {minX = 0.0, minY = 13.3, maxX = 255.0, maxY = 235.1, curveBias = -5.0, saturation = 0.35}}, com.android.systemui.statusbar.KeyguardSecAffordanceView{5c7535e V.ED..... ......ID 0,0-150,150 #7f0a0c09 app:id/start_button}
09-26 10:33:20.625 D/SemContextManager( 2882):   .unregisterListener : listener = aod.xw0@82de0dc, service=Carrying Detection
09-26 10:33:20.625 W/ServiceManagerCppClient( 1637): Permission failure: com.oma.drm.permission.ACCESS_OMA_DRM from uid=10039 pid=2882
09-26 10:33:20.626 I/ADataSource( 2882): FileSource remote
09-26 10:33:20.626 D/EmergencyButton( 2882): updateEmergencyCallButton : secure
09-26 10:33:20.626 I/LockscreenNotificationIconsOnlyController( 2882): onNotificationInfoUpdated 9
09-26 10:33:20.626 I/AMediaMonitorWrapper( 2882): SNdkMediaMonitorWrapper
09-26 10:33:20.626 I/MediaMonitor( 2882): MediaMonitor()
09-26 10:33:20.628 I/MediaExtractorFactory( 1723): Created an extractor 'SECMPEG4Extractor' with confidence 0.41
09-26 10:33:20.628 I/SurfaceFlinger( 1389): Layer [com.android.systemui.wallpapers.ImageWallpaper$_2882#79] hidden!! flag(0)
09-26 10:33:20.628 I/SurfaceFlinger( 1389): Layer [WallpaperWindowToken{5a99437 token=android.os.Binder@12c9d36}#69] hidden!! flag(0)
09-26 10:33:20.629 I/SeekTable( 2882): Create
09-26 10:33:20.629 I/Loader  ( 2882): Loader
09-26 10:33:20.629 I/StaticLoader( 2882): StaticLoader
09-26 10:33:20.629 I/SeekTable( 2882): SeekTable
09-26 10:33:20.629 I/StaticLoader( 2882): load
09-26 10:33:20.629 I/APlayer ( 2882): width 1440, height 3200, framerate 60, i-frameinterval 500000, avgFrameDuration 16666
09-26 10:33:20.629 I/AClock  ( 2882): [FWD] setPlaybackRate rate (0.000000)
09-26 10:33:20.629 I/APlayerWrapper( 2882): [96] notifyDuration durationUs 10000000 us (10.00 secs)
09-26 10:33:20.629 I/MediaMonitor( 2882): setMediaInfo
09-26 10:33:20.629 I/APlayerWrapper( 2882): [96] notifyListener_l msg (200:INFO), ext1 (10972), ext2 (0)
09-26 10:33:20.630 I/APlayerWrapper( 2882): [96] notifyInitCompleted err : 0
09-26 10:33:20.630 I/APlayerWrapper( 2882): [96] notifyListener_l msg (1:INIT_COMPLETE), ext1 (0), ext2 (0)
09-26 10:33:20.630 I/TrackInfo( 2882): videotype mime : video/hevc, language : eng, rotation : 0, width : 1440, height : 3200, fps : 60
09-26 10:33:20.630 I/ImageWallpaper_6[VideoController.Session#95]( 2882): onInitComplete : #95, INITIALIZING, 5ms
09-26 10:33:20.630 D/ImageWallpaper_6[VideoController.Session#95]( 2882): setPlayerState: state changed. INITIALIZING -> PLAYER_READY
09-26 10:33:20.630 I/ImageWallpaper_6[Video]( 2882): onSurfaceAndPlayerReady: Point(1440, 3200), validSurface=true
09-26 10:33:20.630 D/ImageWallpaper_6[Video]( 2882): getVisibleRectOfSurface: mVideoSize = Point(1440, 3200), cropHint = Rect(0, 0 - 1440, 3200)
09-26 10:33:20.630 I/ImageWallpaper_6[Integrated]( 2882): setVisibleRectOfSurface: frame=Rect(0, 0 - 1080, 2400), visibleRect=Rect(0, 0 - 1080, 2400)
09-26 10:33:20.630 W/Layer   ( 1389): gatherBufferInfo: Received unknown dataspace from gralloc
09-26 10:33:20.630 I/BLASTBufferQueue_Java( 2882): syncNextTransaction, mName= Wallpaper acquireSingleBuffer= true mNativeObject= 0xb4000076c7875090 callback= com.android.systemui.wallpapers.ImageWallpaper$IntegratedEngine$2$$ExternalSyntheticLambda0@dc1c12b caller= android.graphics.BLASTBufferQueue.syncNextTransaction:151 com.android.systemui.wallpaper.engines.WallpaperEngine.setVisibleRectOfSurface:120 com.android.systemui.wallpaper.engines.video.VideoEngine$1.onSurfaceAndPlayerReady:91 com.android.systemui.wallpaper.engines.video.VideoController$PlayerSession.setPlayerState:129 com.android.systemui.wallpaper.engines.video.VideoController$PlayerSession$$ExternalSyntheticLambda2.onInitComplete:56 com.samsung.android.media.SemMediaPlayer$EventHandler.handleMessage:3136 
09-26 10:33:20.630 I/BLASTBufferQueue( 2882): [Wallpaper#1](f:0,a:1,s:0) syncNextTransaction callback: 1, acquireSingleBuffer: 1, mTransactionReadyCallback: 0
09-26 10:33:20.630 W/libc    ( 2882): Access denied finding property "vendor.display.enable_optimal_refresh_rate"
09-26 10:33:20.630 W/libc    ( 2882): Access denied finding property "vendor.gpp.create_frc_extension"
09-26 10:33:20.630 I/APlayerWrapper( 2882): [96] setVideoSurfaceTexture nww 0xb4000077d78e3af0
09-26 10:33:20.630 I/APlayer ( 2882): kWhatSetVideoSurface build action for surface
09-26 10:33:20.630 I/APlayer ( 2882): onSetVideoSurface
09-26 10:33:20.630 I/AClock  ( 2882): [FWD] getMediaTime_l - mAnchorTimeRealUs is '-1'
09-26 10:33:20.630 I/VideoInputReader( 2882): ForwardMode sdtp found, create VideoFrameFilter
09-26 10:33:20.630 I/VideoInputReader( 2882): durationUs (10000000)
09-26 10:33:20.630 I/VideoInputReader( 2882): framerate (60)
09-26 10:33:20.630 I/VideoInputReader( 2882): VideoInputReader
09-26 10:33:20.630 I/OutputGeneratorBuilder( 2882): OutputGeneratorBuilder
09-26 10:33:20.630 I/RendererBuilder( 2882): RendererBuilder
09-26 10:33:20.630 I/VideoRenderer( 2882): VideoRenderer
09-26 10:33:20.630 W/ComposerExtn( 1389): DisplayExtnImpl::SetActiveConfig: HWC Display 0 is not registered!
09-26 10:33:20.631 I/Renderer( 2882): [Video] init
09-26 10:33:20.631 I/VideoFrameReleaseHelper( 2882): init formatFrameRate 60.000000
09-26 10:33:20.631 I/VideoFrameReleaseHelper( 2882): VsyncSampler::init()
09-26 10:33:20.631 I/ASecImageConverterWrapper( 2882): SNdkSecImageConverterWrapper
09-26 10:33:20.631 I/SecImageConverter( 2882): SecImageConverter
09-26 10:33:20.631 I/SimgpResizer( 2882): Resizer
09-26 10:33:20.631 I/SimgpResizer( 2882): SimgpResizer
09-26 10:33:20.631 D/MediaBufferGroup( 1723): creating MemoryDealer
09-26 10:33:20.631 I/MediaCodecOutputGenerator( 2882): onInit
09-26 10:33:20.631 I/APlayer ( 2882): replace Video, positionUs 0 us (0.00 secs)
09-26 10:33:20.631 I/VideoRenderer( 2882): onSetAsAnchor (1)
09-26 10:33:20.631 I/Renderer( 2882): onSetAsAnchor (1)
09-26 10:33:20.631 E/BufferQueueProducer( 2882): [Wallpaper#1(BLAST Consumer)1](id:b4200000001,api:0,p:-1,c:2882) disconnect: not connected (req=3)
09-26 10:33:20.631 W/MediaCodecOutputGenerator( 2882): failed to disconnect from surface: -19
09-26 10:33:20.631 I/APlayerWrapper( 2882): [96] notifySetSurfaceCompleted
09-26 10:33:20.631 I/APlayerWrapper( 2882): [96] setVolume left (0.000000), right (0.000000)
09-26 10:33:20.631 I/AudioOutput( 2882): setVolume(0.000000, 0.000000)
09-26 10:33:20.631 I/APlayerWrapper( 2882): [96] setVideoScalingMode mode (2)
09-26 10:33:20.631 I/APlayerWrapper( 2882): [96] setLooping looping(1)
09-26 10:33:20.631 I/APlayerWrapper( 2882): [96] setParameter key (37001)
09-26 10:33:20.631 I/APlayer ( 2882): setParameter USE_VIDEO_SEAMLESS_LOOPING (1)
09-26 10:33:20.632 I/ImageWallpaper_6[VideoController]( 2882): dispatchCommands: #95, PLAYER_READY, enqueued=[PLAY]
09-26 10:33:20.632 I/ImageWallpaper_6[VideoController.Session#95]( 2882): play: SemMediaPlayer.start
09-26 10:33:20.632 I/APlayerWrapper( 2882): [96] start in state (STATE_INITIALIZED), eos (0)
09-26 10:33:20.632 I/ImageWallpaper_6[VideoController]( 2882): dispatchCommands: head=PLAY -> consumed
09-26 10:33:20.632 I/APlayer ( 2882): onStart
09-26 10:33:20.632 I/VideoInputReader( 2882): onSetParameters set video seamless looping 1
09-26 10:33:20.632 I/AClock  ( 2882): [FWD] getMediaTime_l - mAnchorTimeRealUs is '-1'
09-26 10:33:20.632 D/MediaCodecList( 2882): codecHandlesFormat: no format, so no extra checks
09-26 10:33:20.632 I/AODNotificationManager( 2882): updateNotification() 
09-26 10:33:20.633 D/ContrastColorUtil( 2882): GrayScale=false. Bitmap is not grayscale.
09-26 10:33:20.634 I/DigitalVerticalClockView_LOCK_SCREEN_1@584( 2882): updateShadowStyle: shadow : [ShadowStyle: shadowRadius = 6.0, shadowDx = 0.0, shadowDy = 0.0, shadowColor = 1A000000]
09-26 10:33:20.634 I/DigitalVerticalClockView_LOCK_SCREEN_1@584( 2882): updatePaletteItemTransition : paletteItem = SOLID color : FFCACACA, animation = false, dozeAmount = 0.9912432
09-26 10:33:20.634 I/ComplicationWidgetPluginController( 2882): clock color changed -3487030 , #ffcacaca 
09-26 10:33:20.634 D/PluginFaceWidgetManager( 2882): shouldControlScreenOff() : false
09-26 10:33:20.634 I/NotificationIconsOnlyContainer( 2882): updateIconColor() : B2FDFDFD, 
09-26 10:33:20.635 I/NowBarColorModel#9309397( 2882): notifyColorChanged isWhiteWallpaper false darkAmount 0.9912432  darkMode false nowBarMode LOCKSCREEN dozing false
09-26 10:33:20.635 D/MediaExpandStateObserver( 2882): onChanged MediaExpandStateModel(type=NONE, clockY=0.0, clockValidMaxScale=1.0, hasAnimation=true, isDozing=false, darkAmount=0.9912432, isMediaOutput=false)
09-26 10:33:20.635 D/MediaExpandStateObserver( 2882): animateClipContainer NONE NONE
09-26 10:33:20.635 I/SecKeyguardClockPositionAlgorithm( 2882): setup() mStatusBarHeight = 80, mDarkAmount = 0.9912432, mQsTopPadding = 828, notificationStackHeight = 80, mPanelExpansion = 0.0, mHeight = 2400, mFaceWidgetContainerHeight = 568, mCurrentClockType = 1, notificationType = 1, hasVisibleNotifs = false
09-26 10:33:20.635 D/FaceWidgetViewModel( 2882): getClockContainerHeight : transition prepared 
09-26 10:33:20.635 D/FaceWidgetViewModel( 2882): getClockContainerHeight : transition prepared 
09-26 10:33:20.635 D/FaceWidgetViewModel( 2882): getClockContainerHeight : transition prepared 
09-26 10:33:20.635 D/MediaCodecList( 2882): codecHandlesFormat: no format, so no extra checks
09-26 10:33:20.635 D/KeyguardStatusBarNioLayoutRepository( 2882):   * notifyNioUpdated() !!!  size[1]       [pL:54, pR:54, H:80, mT:20, mR:153, rtl?false, (x2:444 - x1:89 = avW:355), iconSize:39, ratio:0.88, callChip?false, settingsShow?true, settingNio?true, numberOfNio?9, KSBV(a:0.17-v:4)] 
09-26 10:33:20.635 I/FaceWidgetViewModel( 2882): onNioViewStateUpdated : alpha 0.1659647, visibility 4
09-26 10:33:20.635 D/KeyguardStatusBarViewExt( 2882): v:4, a:0.17, com.android.systemui.statusbar.phone.KeyguardStatusBarViewController.updateViewState:39 com.android.systemui.statusbar.phone.KeyguardStatusBarViewController$$ExternalSyntheticLambda9.onAnimationUpdate:20 androidx.core.animation.ValueAnimator.animateValue:42 androidx.core.animation.ValueAnimator.doAnimationFrame:195 androidx.core.animation.AnimationHandler$FrameCallbackProvider16.doFrame:28 
09-26 10:33:20.635 D/MediaCodecList( 2882): codecHandlesFormat: no format, so no extra checks
09-26 10:33:20.635 D/KeyguardStatusBarNioLayoutRepository( 2882):   * notifyNioUpdated() !!!  size[1]       [pL:54, pR:54, H:80, mT:20, mR:153, rtl?false, (x2:444 - x1:89 = avW:355), iconSize:39, ratio:0.88, callChip?false, settingsShow?true, settingNio?true, numberOfNio?9, KSBV(a:0.17-v:0)] 
09-26 10:33:20.635 I/FaceWidgetViewModel( 2882): onNioViewStateUpdated : alpha 0.1659647, visibility 0
09-26 10:33:20.635 D/KeyguardStatusBarViewExt( 2882): v:0, a:0.17, com.android.systemui.statusbar.phone.KeyguardStatusBarViewController.updateViewState:39 com.android.systemui.statusbar.phone.KeyguardStatusBarViewController$$ExternalSyntheticLambda9.onAnimationUpdate:20 androidx.core.animation.ValueAnimator.animateValue:42 androidx.core.animation.ValueAnimator.doAnimationFrame:195 androidx.core.animation.AnimationHandler$FrameCallbackProvider16.doFrame:28 
09-26 10:33:20.636 D/SurfaceFlinger( 1389): Display 4630947232161729154 HWC layers:
09-26 10:33:20.636 D/SurfaceFlinger( 1389):        DEVICE |   0xb40000713e5f34f0 | 0000 | 0x7fa30c06   |    0.0    0.0 1440.0 3200.0 |    0    0 1080 2400 | Wallpaper BBQ wrapper 6_lock#80 (10856)
09-26 10:33:20.636 D/SurfaceFlinger( 1389):        DEVICE |   0xb40000713e59a6f0 | 0001 | RGBA_8888    |    0.0    0.0 1080.0   80.0 |    0    0 1080   80 | StatusBar$_2882#95 (12623)
09-26 10:33:20.636 D/SurfaceFlinger( 1389):        DEVICE |   0xb40000713e5bce30 | 0001 | RGBA_8888    |    0.0    0.0 1080.0 2400.0 |    0    0 1080 2400 | NotificationShade$_2882#13837 (30)
09-26 10:33:20.636 D/SurfaceFlinger( 1389):        DEVICE |   0xb40000713e5c8350 | 0001 | RGBA_8888    |    0.0    0.0   67.0  342.0 | 1013  920 1080 1262 | com.sec.android.app.launcher/com.sam[...]l.app.CocktailBarService$_3406#13849 (1)
09-26 10:33:20.636 D/SurfaceFlinger( 1389):        DEVICE |   0xb40000713e5c8d70 | 0041 | RGBA_8888    |    6.0    6.0 1086.0 2406.0 |    0    0 1080 2400 | FP Iconview$_26203#13846 (19)
09-26 10:33:20.636 D/SurfaceFlinger( 1389): 
09-26 10:33:20.636 I/CCodec  ( 2882): state->set(ALLOCATING)
09-26 10:33:20.636 I/CCodec  ( 2882): allocate(c2.qti.hevc.decoder)
09-26 10:33:20.636 D/FaceWidgetViewModel( 2882): getClockContainerHeight : transition prepared 
09-26 10:33:20.636 D/FaceWidgetViewModel( 2882): getClockContainerHeight : transition prepared 
09-26 10:33:20.636 D/FaceWidgetViewModel( 2882): getClockContainerHeight : transition prepared 
09-26 10:33:20.636 D/FaceWidgetViewModel( 2882): getClockContainerHeight : transition prepared 
09-26 10:33:20.637 D/FaceWidgetViewModel( 2882): getClockContainerHeight : transition prepared 
09-26 10:33:20.637 D/FaceWidgetViewModel( 2882): getClockContainerHeight : transition prepared 
09-26 10:33:20.637 D/FaceWidgetViewModel( 2882): getClockContainerHeight : transition prepared 
09-26 10:33:20.637 I/FaceWidgetTransition(FaceWidgetClockPage)( 2882): 4255567/Root view observer removed Top@130532904
09-26 10:33:20.637 D/SecKeyguardStatusView( 2882): setClipChildren false, callers = aod.k4.M:71 aod.Bp0.V:16 com.samsung.android.app.facewidget.SecKeyguardStatusView.setClipChildren:17 aod.yH.m:142 aod.yH.o:4 aod.yH.o:22 aod.yH.o:22 aod.yH.o:22 aod.yH.o:22 aod.yH.o:22 
09-26 10:33:20.637 D/SecKeyguardStatusView( 2882): setClipToPadding false, callers = aod.k4.M:71 aod.Bp0.V:16 com.samsung.android.app.facewidget.SecKeyguardStatusView.setClipToPadding:17 aod.yH.m:145 aod.yH.o:4 aod.yH.o:22 aod.yH.o:22 aod.yH.o:22 aod.yH.o:22 aod.yH.o:22 
09-26 10:33:20.637 I/FaceWidgetTransition(FaceWidgetClockPage)( 2882): 4255567/1. matchingTransitionName()
09-26 10:33:20.637 I/FaceWidgetTransition(FaceWidgetClockPage)( 2882): 4255567/setAnimations() : common_clock_transition_minute
09-26 10:33:20.637 I/FaceWidgetTransition(FaceWidgetClockPage)( 2882): 4255567/    globalOption TransitionOption (ty=MSF,mp=BOTTOM,sp=BOTTOM,cl=,hs=,cb=true,du=300,de=0,this=aod.zH@800011e
09-26 10:33:20.637 I/FaceWidgetTransition(FaceWidgetClockPage)( 2882): 4255567/    addMoveAnimation(). false false
09-26 10:33:20.637 I/FaceWidgetTransition(FaceWidgetClockPage)( 2882): 4255567/        transition : common_clock_transition_minute
09-26 10:33:20.637 I/FaceWidgetTransition(FaceWidgetClockPage)( 2882): 4255567/        duration : 300
09-26 10:33:20.637 I/FaceWidgetTransition(FaceWidgetClockPage)( 2882): 4255567/        OSVP : (x=0.0, y=225.0, w=309.0, h=190.0, sx=370.0, sy=510.0)
09-26 10:33:20.637 I/FaceWidgetTransition(FaceWidgetClockPage)( 2882): 4255567/        NSVP : (x=0.0, y=225.0, w=309.0, h=190.0, sx=385.0, sy=497.0)
09-26 10:33:20.637 I/FaceWidgetTransition(FaceWidgetClockPage)( 2882): 4255567/        OSVL  : (524, 700, 833.0, 890.0)
09-26 10:33:20.637 I/FaceWidgetTransition(FaceWidgetClockPage)( 2882): 4255567/        NSVL  : (539, 687, 848.0, 877.0)
09-26 10:33:20.637 I/FaceWidgetTransition(FaceWidgetClockPage)( 2882): 4255567/        OTVP : (x=0.0, y=231.0, w=318.0, h=195.0, sx=380.0, sy=503.0)
09-26 10:33:20.637 I/FaceWidgetTransition(FaceWidgetClockPage)( 2882): 4255567/        NTVP : (x=0.0, y=231.0, w=318.0, h=195.0, sx=380.0, sy=503.0)
09-26 10:33:20.637 I/FaceWidgetTransition(FaceWidgetClockPage)( 2882): 4255567/        OTVL  : (539, 698, 857.0, 893.0)
09-26 10:33:20.637 I/FaceWidgetTransition(FaceWidgetClockPage)( 2882): 4255567/        NTVL  : (539, 698, 857.0, 893.0)
09-26 10:33:20.637 I/FaceWidgetTransition(FaceWidgetClockPage)( 2882): 4255567/        sourceView : (sx, sy -> ex, ey) = (-15.0, 238.0 -> 0.0, 236.0)
09-26 10:33:20.637 I/FaceWidgetTransition(FaceWidgetClockPage)( 2882): 4255567/        targetView : (sx, sy -> ex, ey) = (-15.0, 233.0 -> 0.0, 231.0)
09-26 10:33:20.637 I/FaceWidgetTransition(FaceWidgetClockPage)( 2882): 4255567/        move pivot : 10000(BOTTOM)
09-26 10:33:20.637 I/FaceWidgetTransition(FaceWidgetClockPage)( 2882): 4255567/    addScaleAnimation()
09-26 10:33:20.637 I/FaceWidgetTransition(FaceWidgetClockPage)( 2882): 4255567/        transition : common_clock_transition_minute
09-26 10:33:20.637 I/FaceWidgetTransition(FaceWidgetClockPage)( 2882): 4255567/        sourceView default scale = (1.0, 1.0)
09-26 10:33:20.637 I/FaceWidgetTransition(FaceWidgetClockPage)( 2882): 4255567/        targetView default scale = (1.0, 1.0)
09-26 10:33:20.637 I/FaceWidgetTransition(FaceWidgetClockPage)( 2882): 4255567/        half scale  = 0
09-26 10:33:20.637 W/Layer   ( 1389): gatherBufferInfo: Received unknown dataspace from gralloc
09-26 10:33:20.637 I/FaceWidgetTransition(FaceWidgetClockPage)( 2882): 4255567/        sourceView : (start -> end) = (1.0, 1.0 -> 1.0291262, 1.0263158)
09-26 10:33:20.637 I/FaceWidgetTransition(FaceWidgetClockPage)( 2882): 4255567/        targetView : (start -> end) = (0.97169816, 0.974359 -> 1.0, 1.0)
09-26 10:33:20.637 I/FaceWidgetTransition(FaceWidgetClockPage)( 2882): 4255567/        scale pivot : 10000(BOTTOM)
09-26 10:33:20.637 I/FaceWidgetTransition(FaceWidgetClockPage)( 2882): 4255567/    addFadeAnimation()
09-26 10:33:20.637 I/FaceWidgetTransition(FaceWidgetClockPage)( 2882): 4255567/        transition : common_clock_transition_minute
09-26 10:33:20.637 I/FaceWidgetTransition(FaceWidgetClockPage)( 2882): 4255567/        sourceView : (start -> end) = (1.0 -> 0.0)
09-26 10:33:20.637 I/FaceWidgetTransition(FaceWidgetClockPage)( 2882): 4255567/        targetView : (start -> end) = (0.0 -> 1.0)
09-26 10:33:20.637 I/FaceWidgetTransition(FaceWidgetClockPage)( 2882): 4255567/setAnimations() : common_clock_transition_local_date
09-26 10:33:20.637 I/FaceWidgetTransition(FaceWidgetClockPage)( 2882):   target view is invalid : v = 8, s = (0, 0)
09-26 10:33:20.637 I/FaceWidgetTransition(FaceWidgetClockPage)( 2882):   source view is invalid : v = 8, s = (0, 0)
09-26 10:33:20.637 I/FaceWidgetTransition(FaceWidgetClockPage)( 2882): 4255567/    globalOption TransitionOption (ty=MSF,mp=BOTTOM,sp=BOTTOM,cl=,hs=,cb=true,du=300,de=0,this=aod.zH@800011e
09-26 10:33:20.637 I/FaceWidgetTransition(FaceWidgetClockPage)( 2882): 4255567/    addMoveAnimation(). true true
09-26 10:33:20.637 I/FaceWidgetTransition(FaceWidgetClockPage)( 2882): 4255567/        transition : common_clock_transition_local_date
09-26 10:33:20.637 I/FaceWidgetTransition(FaceWidgetClockPage)( 2882): 4255567/        duration : 300
09-26 10:33:20.637 I/FaceWidgetTransition(FaceWidgetClockPage)( 2882): 4255567/        sourceView : (sx, sy -> ex, ey) = (0.0, 0.0 -> 0.0, 0.0)
09-26 10:33:20.638 I/FaceWidgetTransition(FaceWidgetClockPage)( 2882): 4255567/        targetView : (sx, sy -> ex, ey) = (0.0, 0.0 -> 0.0, 0.0)
09-26 10:33:20.638 I/FaceWidgetTransition(FaceWidgetClockPage)( 2882): 4255567/        move pivot : 10000(BOTTOM)
09-26 10:33:20.638 I/FaceWidgetTransition(FaceWidgetClockPage)( 2882): 4255567/    addFadeAnimation()
09-26 10:33:20.638 I/FaceWidgetTransition(FaceWidgetClockPage)( 2882): 4255567/        transition : common_clock_transition_local_date
09-26 10:33:20.638 I/FaceWidgetTransition(FaceWidgetClockPage)( 2882): 4255567/        sourceView : (start -> end) = (1.0 -> 0.0)
09-26 10:33:20.638 I/FaceWidgetTransition(FaceWidgetClockPage)( 2882): 4255567/        targetView : (start -> end) = (0.0 -> 0.0)
09-26 10:33:20.638 I/FaceWidgetTransition(FaceWidgetClockPage)( 2882): 4255567/setAnimations() : common_clock_transition_date
09-26 10:33:20.638 I/FaceWidgetTransition(FaceWidgetClockPage)( 2882): 4255567/    globalOption TransitionOption (ty=MSF,mp=BOTTOM,sp=BOTTOM,cl=,hs=,cb=true,du=300,de=0,this=aod.zH@800011e
09-26 10:33:20.638 I/FaceWidgetTransition(FaceWidgetClockPage)( 2882): 4255567/    addMoveAnimation(). false false
