09-26 10:33:20.026 I/NowBarColorModel#9309397( 2882): notifyColorChanged isWhiteWallpaper false darkAmount 1.0  darkMode false nowBarMode AOD dozing true
09-26 10:33:20.026 I/NowBarCardStackView( 2882): updateCardVisibilityByExpandState false / viewMode = AOD
09-26 10:33:20.027 I/NotificationIconsOnlyContainer( 2882): updateIconColor() : B2FFFFFF, 
09-26 10:33:20.027 I/AODDataSettings[7.0.4]:AODDataManager( 2882): refreshDisplay
09-26 10:33:20.027 I/AODDataSettings[7.0.4]:AODDataManager( 2882): changeDisplay=DisplayImpl(type=SingleDisplay, orientation=Portrait, aodState=AodOnly)
09-26 10:33:20.027 I/DataStoreState( 2882): setDisplay : DisplayImpl(type=SingleDisplay, orientation=Portrait, aodState=AodOnly)
09-26 10:33:20.027 I/AODDataSettings[7.0.4]:AODDataManager( 2882): getCurrentSize() from windowConfig = 1080.0x2400.0
09-26 10:33:20.027 I/DataStoreState( 2882): setRootSize : 1080.0x2400.0
09-26 10:33:20.027 I/FaceWidgetViewModel( 2882): onClockTransitionEnded() AOD, isKeyguardVisible= true
09-26 10:33:20.027 I/KeyguardClockProvider( 2882): getClockVisibility:0
09-26 10:33:20.027 D/FaceWidgetViewModel( 2882): setClipLayoutVisibility() currentState = AOD aod visibility = 0
09-26 10:33:20.027 I/ComplicationWidgetPluginController( 2882): animateBlur:255
09-26 10:33:20.028 D/SecKeyguardStatusViewObserver( 2882): onChanged() FaceWidgetContainerLiveData{mIsContainerVisible=true, mClipLayoutVisibility=0, mRotation=0, mIsDashBoardVIRunning=false, mIsAdditionalInfoVisible=8, mAdditionalInfoGravity=17, mClockSideStartPadding=73, mClockSideEndPadding=73, mMusicSideStartPadding=30, mMusicSideEndPadding=30, mInfoSideStartPadding=73, mInfoSideEndPadding=73, mClipLayoutWidth = 1052, mAdditionalInfoRemoteView=null, mIsAdditionalViewGoingToSleep=false, mConfig=CustomConfiguration{fontScale=1.0, screenLayout=268435810, orientation=1, screenWidthDp=360, screenHeightDp=800, smallestScreenWidthDp=360, densityDpi=480, uiMode=33, isRTL=false, mConfiguration={1.0 310mcc240mnc [en_US] ldltr sw360dp w360dp h800dp 480dpi nrml long port night finger -keyb/v/h -nav/h winConfig={ mBounds=Rect(0, 0 - 1080, 2400) mAppBounds=Rect(0, 0 - 1080, 2400) mMaxBounds=Rect(0, 0 - 1080, 2400) mDisplayRotation=ROTATION_0 mWindowingMode=fullscreen mActivityType=undefined mAlwaysOnTop=undefined mRotation=ROTATION_0 mStageConfig=undefined mPopOver=undefined mOverlappingWithCutout=false mCompatSandboxScale=-1.0 mDexTaskDockingState=none mFreeformTaskPinningState=undefined} s.350 fontWeightAdjustment=0 ff=0 bf=0 bts=0 cst=1.0 nightDim=0 desktop/d dm/n ?dc ?dcui themeSeq=0}}}
09-26 10:33:20.028 D/FaceWidgetPagesController( 2882): onGravityChanged()
09-26 10:33:20.028 D/FaceWidgetClockPage( 2882): setClockGravity() gravity = 49
09-26 10:33:20.028 D/FaceWidgetClockPage( 2882): updateClockPadding 
09-26 10:33:20.029 I/SecKeyguardClockPositionAlgorithm( 2882): setup() mStatusBarHeight = 80, mDarkAmount = 1.0, mQsTopPadding = 853, notificationStackHeight = 80, mPanelExpansion = 0.0, mHeight = 2400, mFaceWidgetContainerHeight = 580, mCurrentClockType = 1, notificationType = 1, hasVisibleNotifs = false
09-26 10:33:20.029 D/FaceWidgetViewModel( 2882): shouldContainerVisible() reason = (aod) true
09-26 10:33:20.029 D/AODUiController( 2882): attachAODView() call dozeTimeTick
09-26 10:33:20.030 W/KeyguardSliceViewCtrl( 2882): Keyguard slice not bound yet?
09-26 10:33:20.030 I/FaceWidgetViewModel( 2882): dozeTimeTick: 
09-26 10:33:20.030 D/FaceWidgetPagesController( 2882): refreshViews() reason = DEFAULT, force = false
09-26 10:33:20.030 D/FaceWidgetMusicViewModel( 2882): updateMusicPageColorForVisibility
09-26 10:33:20.030 D/FaceWidgetMusicViewModel( 2882): updateMusicPageColorForVisibility, useLightModeColor = false
09-26 10:33:20.032 I/AODUiController( 2882): setTspRect: req = LAYOUT_ATTACHED
09-26 10:33:20.032 I/AODPinContentViewModel( 2882): AODPinnedContentController: 
09-26 10:33:20.032 I/AODSmartAlertViewModel( 2882): AODSmartAlertViewModel: 
09-26 10:33:20.032 I/AODUiController( 2882): attachBottomUI
09-26 10:33:20.032 I/AODBottomUIContainer( 2882): updateAODUIPolicy: 
09-26 10:33:20.032 I/AODBottomUIContainer( 2882): updateChargingInfoVisibility: isChargingInfoDisabled = false, isAODChargingInfoDisabled =  false
09-26 10:33:20.032 I/AODBottomUIContainer( 2882): updateBatteryInfoVisibility: isAODActive = true, isAODBatteryInfoEnabled =  true
09-26 10:33:20.032 I/ChargingInfoView( 2882): setBatteryInfoEnabled: true
09-26 10:33:20.032 I/AlwaysOnDisplayEx( 2882): setBottomArea: 
09-26 10:33:20.032 D/PluginAODManager( 2882): setBottomArea() 
09-26 10:33:20.032 I/AODBatteryManager( 2882): updateBatteryData: ACTION_BATTERY_CHANGED
09-26 10:33:20.032 I/AODBatteryManager( 2882): saveBatteryData : AOD BatteryData [mBatteryLevel=12, mBatteryStatus=CHARGING, mBatteryPlugType=USB, mBatteryPlugged=true, mRemainingChargeTime=23294000, mBatteryChargingType=1, mBatteryChargerType=NORMAL, mBatteryOnline=USB, mBatterySwellingMode=NONE, mBatteryProtectMode=false, mBatteryProtectModeType=0, mSleepChargingEvent=null, mSleepChargingEventFinishTime=null, mBatteryHealth=2, mIsDirectPowerMode=false, mIsUsbRestriction=false]
09-26 10:33:20.033 I/ChargingInfoManager( 2882): updateChargingInfo: newState = AOD ChargingInfo [mState=BATTERY_AND_REMAIN_TIME, mIsCharging=true, mIsPlugged=true, mIsFullyCharged=false, mIsBatteryProtectMode=false, mBetteryLevel=12, mBetteryProtectModeType0, mIsSlowChargingfalse], oldState = AOD ChargingInfo [mState=BATTERY_AND_REMAIN_TIME, mIsCharging=true, mIsPlugged=true, mIsFullyCharged=false, mIsBatteryProtectMode=false, mBetteryLevel=12, mBetteryProtectModeType0, mIsSlowChargingfalse]
09-26 10:33:20.033 I/AODBatteryManager( 2882): updateBatteryData: ACTION_BATTERY_CHANGED
09-26 10:33:20.033 I/AODBatteryManager( 2882): saveBatteryData : AOD BatteryData [mBatteryLevel=12, mBatteryStatus=CHARGING, mBatteryPlugType=USB, mBatteryPlugged=true, mRemainingChargeTime=23294000, mBatteryChargingType=1, mBatteryChargerType=NORMAL, mBatteryOnline=USB, mBatterySwellingMode=NONE, mBatteryProtectMode=false, mBatteryProtectModeType=0, mSleepChargingEvent=null, mSleepChargingEventFinishTime=null, mBatteryHealth=2, mIsDirectPowerMode=false, mIsUsbRestriction=false]
09-26 10:33:20.034 I/ChargingInfoManager( 2882): setShowBatteryInfo: true plugged: true
09-26 10:33:20.034 I/ChargingInfoManager( 2882): updateChargingInfo: newState = AOD ChargingInfo [mState=BATTERY_AND_REMAIN_TIME, mIsCharging=true, mIsPlugged=true, mIsFullyCharged=false, mIsBatteryProtectMode=false, mBetteryLevel=12, mBetteryProtectModeType0, mIsSlowChargingfalse], oldState = AOD ChargingInfo [mState=BATTERY_AND_REMAIN_TIME, mIsCharging=true, mIsPlugged=true, mIsFullyCharged=false, mIsBatteryProtectMode=false, mBetteryLevel=12, mBetteryProtectModeType0, mIsSlowChargingfalse]
09-26 10:33:20.034 I/AODClockViewModel( 2882): setLiveClockVisibility: visible = true / reason = 0 disabled LiveClock
09-26 10:33:20.037 I/AODBottomUIContainer( 2882): getCalculatedBottomLimit: [port-init:2128, set to finger:1708]
09-26 10:33:20.037 I/FaceWidgetPositionControllerImpl[TapToShow]( 2882): updatePositionIfNeeded contentWidth=1052 contentHeight=520 contentStart=72 contentBottom=80 contentEnd=978 musicHeight=0 nioBottom= 80, contentLocation=[-1, 273] isLandscape=false
09-26 10:33:20.037 I/AODFaceWidgetManager( 2882): getLockClockGravity: clip layout gravity = 17
09-26 10:33:20.037 I/AODFaceWidgetManager( 2882): getLockClockGravity: clip layout gravity = 17
09-26 10:33:20.037 D/AODFaceWidgetManager( 2882): getPositionOffsetY: lockY = 260, keepPosition =true
09-26 10:33:20.037 I/AODFaceWidgetManager( 2882): getPositionOffset: (0, 0)
09-26 10:33:20.037 I/AODUiController( 2882): updatePosition: isPositionChanged:false,isOffsetChanged:false
09-26 10:33:20.037 I/SecKeyguardClockPositionAlgorithm( 2882): getClockContainerHeightWithoutDozeUI() height = 520, clock = 520, dozeui = 0, complication = 0
09-26 10:33:20.037 I/SecKeyguardClockPositionAlgorithm( 2882): getClockContainerHeight() supplier = 520, bottom margin = 48, real height = 580
09-26 10:33:20.037 I/SecKeyguardClockPositionAlgorithm( 2882): getMinStackScrollerPadding() padding = 828, topMargin = 260, containerHeight = 568, mediaHeight = 0, complicationHeight = 0
09-26 10:33:20.037 I/SecKeyguardClockPositionAlgorithm( 2882): getClockContainerHeight() supplier = 520, bottom margin = 0, real height = 580
09-26 10:33:20.037 I/SecKeyguardClockPositionAlgorithm( 2882): getMediaPanelPosition() clockX=-15, clockY=273, facewidgetHeight=568, mediaX=-15, mediaY=841
09-26 10:33:20.037 I/SecKeyguardClockPositionAlgorithm( 2882): run() clockX = -15, clockY = 273, clockAlpha = 1.0, stackScrollerPadding(expand=false) = 841, centerAlignClockType = true, iconTypeTranslationY = 841, position List = [Point(-15, 273), Point(-15, 841), Point(0, 0)], clockContainerHeight = 568, mediaContainerHeight = 0, diffMarginBetweenDetailAndNIO = 0, dozeUIContainerHeight = 0
09-26 10:33:20.037 D/PluginAODManager( 2882): onFaceWidgetPositionChanged
09-26 10:33:20.037 I/AODUiController( 2882): setTspRect: req = LAYOUT_CHANGED
09-26 10:33:20.039 D/PowerManagerService( 1588): [api] acquire WakeLock DRAW_WAKE_LOCK                    'AOD_TspUpdate' (uid=10039 pid=2882 displayId=-1 lock=dec7700)
09-26 10:33:20.039 I/SecKeyguardClockPositionAlgorithm( 2882): setup() mStatusBarHeight = 80, mDarkAmount = 1.0, mQsTopPadding = 841, notificationStackHeight = 80, mPanelExpansion = 0.0, mHeight = 2400, mFaceWidgetContainerHeight = 568, mCurrentClockType = 1, notificationType = 1, hasVisibleNotifs = false
09-26 10:33:20.039 I/SecKeyguardClockPositionAlgorithm( 2882): getClockContainerHeight() supplier = 520, bottom margin = 48, real height = 568
09-26 10:33:20.039 I/SecKeyguardClockPositionAlgorithm( 2882): getClockContainerHeight() supplier = 520, bottom margin = 0, real height = 568
09-26 10:33:20.042 D/SecKeyguardStatusViewObserver( 2882): onChanged() FaceWidgetContainerLiveData{mIsContainerVisible=true, mClipLayoutVisibility=0, mRotation=0, mIsDashBoardVIRunning=false, mIsAdditionalInfoVisible=8, mAdditionalInfoGravity=17, mClockSideStartPadding=73, mClockSideEndPadding=73, mMusicSideStartPadding=30, mMusicSideEndPadding=30, mInfoSideStartPadding=73, mInfoSideEndPadding=73, mClipLayoutWidth = 1052, mAdditionalInfoRemoteView=null, mIsAdditionalViewGoingToSleep=false, mConfig=CustomConfiguration{fontScale=1.0, screenLayout=268435810, orientation=1, screenWidthDp=360, screenHeightDp=800, smallestScreenWidthDp=360, densityDpi=480, uiMode=33, isRTL=false, mConfiguration={1.0 310mcc240mnc [en_US] ldltr sw360dp w360dp h800dp 480dpi nrml long port night finger -keyb/v/h -nav/h winConfig={ mBounds=Rect(0, 0 - 1080, 2400) mAppBounds=Rect(0, 0 - 1080, 2400) mMaxBounds=Rect(0, 0 - 1080, 2400) mDisplayRotation=ROTATION_0 mWindowingMode=fullscreen mActivityType=undefined mAlwaysOnTop=undefined mRotation=ROTATION_0 mStageConfig=undefined mPopOver=undefined mOverlappingWithCutout=false mCompatSandboxScale=-1.0 mDexTaskDockingState=none mFreeformTaskPinningState=undefined} s.350 fontWeightAdjustment=0 ff=0 bf=0 bts=0 cst=1.0 nightDim=0 desktop/d dm/n ?dc ?dcui themeSeq=0}}}
09-26 10:33:20.042 D/FaceWidgetPagesController( 2882): onGravityChanged()
09-26 10:33:20.042 D/FaceWidgetClockPage( 2882): setClockGravity() gravity = 49
09-26 10:33:20.042 D/FaceWidgetClockPage( 2882): updateClockPadding 
09-26 10:33:20.042 D/SemContextManager( 2882): onSemContextChanged() : event = Carrying Detection
09-26 10:33:20.042 I/AOD_MONITOR@SemContextMonitor( 2882): onUpdate: status : 101 reason : 12
09-26 10:33:20.042 I/AOD_CONFIG@AODConfigurationController( 2882): onSemContextCarryingStateChanged - status : 101 reason : 12 lastBrightnessState = 2 lux = -1
09-26 10:33:20.042 I/AODTriggers( 2882): onAODEventDispatched = 128 / eventData = aod.e0@d07ca47
09-26 10:33:20.042 I/AOD_BRIGHTNESS@AODTriggers( 2882): REASON_SEMCONTEXT_BRIGHTNESS_CHANGE [SensorEvent] 12, brightness : 101
09-26 10:33:20.043 I/AODSettingsUtils( 2882): updateAODDisplayTime => interval : 115
09-26 10:33:20.044 I/AbsSettings( 2882): putStringInner: updated AODSettingsDBItem / display_time=84430
09-26 10:33:20.044 I/AbsSettings( 2882): putStringInner: updated AODSettingsDBItem / display_time_start=1758897200043
09-26 10:33:20.044 I/AOD_BRIGHTNESS@BrightnessManager( 2882): setSensorBrightnessIndex: 0
09-26 10:33:20.044 I/AbsSettings( 2882): putStringInner: updated AODSettingsDBItem / aod_brightness_value=0
09-26 10:33:20.044 I/AODStarSettingsUtil( 2882): isAutoBrightnessEnabledtrue
09-26 10:33:20.045 I/AOD_BRIGHTNESS@BrightnessManager( 2882): mCurrentBrightness : HighNit[true], NitMode[2NIT], isForceState[0, ForceStateReason[[], ], mAppliedBrightness[-1]
09-26 10:33:20.045 I/AOD_BRIGHTNESS@AlwaysOnDisplayEx( 2882): updateDozeBrightness: doze [65538] last [null] change to [2NIT]
09-26 10:33:20.045 I/AOD_WAKELOCK@WakeLockManager( 2882): acquireIfExists: tag - AOD_DRAW, timeout - 100, reason - set Doze Brightness updateDozeBrightness, wakeLock = WakeLock{5762667 held=false, refCount=0}
09-26 10:33:20.045 D/PowerManagerService( 1588): [api] acquire WakeLock DRAW_WAKE_LOCK                    'AOD_DRAW' (uid=10039 pid=2882 displayId=-1 lock=9528dbd)
09-26 10:33:20.045 I/AODUiController( 2882): MSG = 10
09-26 10:33:20.045 I/NowBarItemManager( 2882): getVisibleList isScreenTurnedOn = false / aodShowState true shouldControlScreenOff false visibleList size = 0
09-26 10:33:20.046 I/ResourceUtils( 2882): getPositionCorrectionRatio screenSizeRatio = 1.0 baseWidthPixels = 1080 currentWidthPixels = 1080
09-26 10:33:20.046 I/AODManagerService( 1588): getAodActiveArea isSubDisplay=false devid=1
09-26 10:33:20.046 D/SemInputDeviceManager( 1588): getProperty: TSP(1) AOD_ACTIVE_AREA
09-26 10:33:20.046 D/SemInputDevice:TSP( 1588): GetPropertyTask: AOD_ACTIVE_AREA [09-26 10:33:20.046]
09-26 10:33:20.047 I/sysinput:Touch( 1330): readInformation:223, aod_active_area: 199,132,199 OK
09-26 10:33:20.047 D/SysinputHAL_V1_3( 1588): getProperty(TSP(1)): AOD_ACTIVE_AREA:199,132,199
09-26 10:33:20.047 I/AODTspEventController( 2882): updateAODTspRect : Rect(132, 199 - 948, 2201) , nowBarRect : Rect(0, 0 - 0, 0) , isShowingNowBar : false[[LAYOUT_ATTACHED]]
09-26 10:33:20.047 I/AODManagerService( 1588): updateAODTspRectInternal union: key : com.samsung.android.app.aodservice rect : Rect(132, 199 - 948, 2201)
09-26 10:33:20.047 D/SemInputDeviceManager( 1588): setProperty: (100) CMD,AOD_RECT,816,2002,132,199
09-26 10:33:20.047 I/SemInputCommandService( 1588): setPropertyAllTouch: AOD_RECT,816,2002,132,199 retDefault=1 retExtra=-2
09-26 10:33:20.047 D/SemInputDevice:TSP( 1588): SetPropertyTask: CMD,set_aod_rect,816,2002,132,199 [09-26 10:33:20.047]
09-26 10:33:20.047 I/AODUiController( 2882): onUpdatedTspRect
09-26 10:33:20.048 I/AODClockViewModel( 2882): setLiveClockVisibility: visible = true / reason = 0 disabled LiveClock
09-26 10:33:20.048 I/ChargingInfoView( 2882): handleMessage: MSG_SHOW_CHARGING_INFO
09-26 10:33:20.048 I/BottomChargingInfoView( 2882): updateContents: BATTERY_AND_REMAIN_TIME
09-26 10:33:20.048 I/AOD_WAKELOCK@WakeLockManager( 2882): acquireIfExists: tag - charging_info, timeout - 1000, reason - Charging Info is updating, delay by 500, wakeLock = WakeLock{97a1569 held=false, refCount=0}
09-26 10:33:20.048 D/PowerManagerService( 1588): [api] acquire WakeLock DRAW_WAKE_LOCK                    'charging_info' (uid=10039 pid=2882 displayId=-1 lock=3a56e7c)
09-26 10:33:20.048 I/ChargingInfoManager( 2882): getDeviceRemainingTime: 6 h 28 m until full
09-26 10:33:20.048 I/AOD_WAKELOCK@WakeLockManager( 2882): acquireIfExists: tag - charging_info, timeout - 5500, reason - Charging Info is updating, delay by 5000, wakeLock = WakeLock{97a1569 held=true, refCount=1}
09-26 10:33:20.048 I/AbsChargingInfoComponent( 2882): setVisibilityWithAnim: skipped true
09-26 10:33:20.048 I/AODStateMachine( 2882): request : (PRE_PROCESSING) --> (STARTING) : canTransition (true)
09-26 10:33:20.048 I/AOD_BRIGHTNESS@BrightnessManager( 2882): releaseForceState: COVER
09-26 10:33:20.048 I/AODStarSettingsUtil( 2882): isAutoBrightnessEnabledtrue
09-26 10:33:20.048 I/AODStarSettingsUtil( 2882): isAutoBrightnessEnabledtrue
09-26 10:33:20.048 I/AODStarSettingsUtil( 2882): isAutoBrightnessEnabledtrue
09-26 10:33:20.048 I/AOD_BRIGHTNESS@BrightnessManager( 2882): mCurrentBrightness : HighNit[true], NitMode[2NIT], isForceState[0, ForceStateReason[[], ], mAppliedBrightness[0]
09-26 10:33:20.048 I/AOD_BRIGHTNESS@AlwaysOnDisplayEx( 2882): updateDozeBrightness (STARTING) : dozeMode [65538] brightness [0]
09-26 10:33:20.049 I/AlwaysOnDisplayEx( 2882): controlAODDisplayState: enterDozeDelay=0
09-26 10:33:20.049 I/AlwaysOnDisplayEx( 2882): onRequestDozeAOD
09-26 10:33:20.049 I/DozeMachine( 2882): transition: old=DOZE_AOD req=DOZE_AOD new=DOZE_AOD
09-26 10:33:20.049 I/AOD_PARTIAL_HLPM@PartialHLPMGramScanController( 2882): turnOffPartialGramScanByForce reason = clear partial area PartialHLPMOffReason : 0 / partialHLPMEnabled = false
09-26 10:33:20.049 I/Gi0     ( 2882): PartialHLPMGramScanCommand aodRect Rect(0, 0 - 0, 0)chargingInfoRect = null en = 0
09-26 10:33:20.049 I/AOD_LIVE_CLOCK@LiveClockController( 2882): !@AOD setCommand: PartialHLPMGramScanCommand{en = 0 mode_sel = 11 area_1 = 0 area_2 = 0 area_3 = 0 area_4 = 0} / DisplayState DISPLAY_STATE_DOZE
09-26 10:33:20.049 D/PowerManagerService( 1588): [api] acquire WakeLock DRAW_WAKE_LOCK                    'AOD_DRAW_BY_LIVECLOCK' (uid=10039 pid=2882 displayId=-1 lock=9a4ff5a)
09-26 10:33:20.049 I/sysinput:Touch( 1330): writeInformation:249, OK
09-26 10:33:20.049 I/AOD_LIVE_CLOCK@LiveClockController( 2882): !@AOD setCommand: isDozeState =true executableDisplayState =true sOccurredErrorFromDriver =false sPendingCommands=[]
09-26 10:33:20.049 I/AOD_CONFIG@AODConfigurationController( 2882): [transitionTo] PRE_PROCESSING >> STARTING
09-26 10:33:20.049 I/AODLightSensorModel( 2882): registerLightSensor - need not register light sensor because of SUPPORT_BRIGHTNESS_CONTROL
09-26 10:33:20.049 I/AODUiTimer( 2882): onTapToShowTimerStart = 5000 / aod.A2@5dcf274
09-26 10:33:20.049 I/AODTapToShowTimer( 2882): start()
09-26 10:33:20.049 D/SysinputHAL_V1_3(V1_2)( 1588): runTspCmdNoRead(TSP(1)): set_aod_rect,816,2002,132,199 ret=0
09-26 10:33:20.050 I/AODTimeTickTimerEx( 2882): start : false
09-26 10:33:20.051 I/AODTimeTickTimerEx( 2882): setAlarm : TICK, next alarm [1758897240000 ms], [09-26 10:34:00.000], LiveClockState: Unknown, [Reason: TimeTick, Flag:None, mCount: -1]
09-26 10:33:20.051 I/AODUiState( 2882): isAbleToAttachAODView: already attached
09-26 10:33:20.051 D/KNOX_MDM_SettingsProvider( 1588): isChangeAllowed() : name = aod_show_state
09-26 10:33:20.051 D/KNOX_MDM_SettingsProvider( 1588): edmUri: content://com.sec.knox.provider/RestrictionPolicy3
09-26 10:33:20.051 D/KNOX_MDM_SettingsProvider( 1588): projectionArgs: isSettingsChangesAllowed
09-26 10:33:20.051 D/KNOX_MDM_SettingsProvider( 1588): selectionArgs: false
09-26 10:33:20.051 D/KNOX_MDM_SettingsProvider( 1588): selectionArgs: 10039
09-26 10:33:20.051 D/SecContentProvider( 1588): query(), uri = 17 selection = isSettingsChangesAllowed
09-26 10:33:20.052 D/SecContentProvider( 1588): called from android.uid.systemui:10039
09-26 10:33:20.052 D/RestrictionPolicy( 1588): isSettingsChangesAllowedAsUser, userId 0 : true
09-26 10:33:20.052 D/KNOX_MDM_SettingsProvider( 1588): ret = 1
09-26 10:33:20.052 D/SettingsProvider( 1588): PUT_ret(/system/aod_show_state), callingPackage:com.android.systemui
09-26 10:33:20.052 W/AODSettingsHelper( 2882): setAODShowState  AOD shown(AODShowState)? true
09-26 10:33:20.052 I/AOD_TSP@AODTspEventController( 2882): setTouchMode: skipped
09-26 10:33:20.052 I/AOD_TSP@AODTspEventMonitor( 2882): register
09-26 10:33:20.053 I/AODStateMachine( 2882): request : (STARTING) --> (STARTED) : canTransition (true)
09-26 10:33:20.053 I/AOD_CONFIG@AODConfigurationController( 2882): [transitionTo] STARTING >> STARTED
09-26 10:33:20.053 I/AODUiController( 2882): setTspRect: req = STARTING
09-26 10:33:20.053 I/AbsSettings( 2882): putStringInner: updated AODSettingsDBItem / display_time_start=1758897200052
09-26 10:33:20.054 I/DeviceBatteryInfoService( 1588): onChange : content://settings/system/aod_show_state
09-26 10:33:20.054 I/WatchBatteryManager( 1588): checkSyncStart() / mSyncState:0 / mRegistered: false / mScreenOn:false / mAodShowState:1 / mConnected:false
09-26 10:33:20.054 I/DeviceBatteryInfoService( 1588): aod_show_state : 1
09-26 10:33:20.054 I/SemMdnieManagerService( 1588): AOD_SHOW_STATE_SETTINGS onChange. mAlwaysOnDisplayEnabled : true , mDisplayOn : false , mDisplayState : 1
09-26 10:33:20.056 I/BSS_AodStatusMonitor(26203): updateValue: true, 1, true, 0, 0, true
09-26 10:33:20.056 I/BSS_UdfpsKeyguardClient(26203): handleOnAodStatusChanged
09-26 10:33:20.056 I/BSS_UdfpsKeyguardClient(26203): showSensorIconDueToAodWhenScreenIsOff
09-26 10:33:20.058 D/PowerManagerService( 1588): [api] acquire WakeLock DRAW_WAKE_LOCK                    'BiometricUI:D' (uid=1000 pid=26203 displayId=-1 lock=f422618)
09-26 10:33:20.059 D/FingerprintService.Ext( 1588): handleBioSysUiRequest: 2, 1, 0, null
09-26 10:33:20.059 D/FingerprintService.Ext( 1588): handleBioSysUiRequest: 3, 1, 0, null
09-26 10:33:20.060 I/SemMdnieManagerService( 1588): DDI setNightDimOffMode : false, index : 0, str : (0 0)
09-26 10:33:20.061 I/BSS_AodStatusMonitor(26203): updateValue: true, 1, true, 0, 0, true
09-26 10:33:20.061 D/FingerprintService.Ext( 1588): handleBioSysUiRequest: 4, 1, 0, null
09-26 10:33:20.061 I/BSS_UdfpsSensorWindow(26203): setVisibility: [0]
09-26 10:33:20.063 I/SemInputCommandService( 1588): setPropertyAllTouch: FOD,1,1,0,0 retDefault=1 retExtra=-2
09-26 10:33:20.063 I/FingerprintService( 1588): setTspMode: [2] done
09-26 10:33:20.063 D/SemInputDevice:TSP( 1588): SetPropertyTask: CMD,fod_enable,1,1,0,0 [09-26 10:33:20.062]
09-26 10:33:20.065 I/sysinput:Touch( 1330): writeInformation:249, OK
09-26 10:33:20.066 D/SysinputHAL_V1_3(V1_2)( 1588): runTspCmdNoRead(TSP(1)): fod_enable,1,1,0,0 ret=0
09-26 10:33:20.066 I/AODSettingsHelper(30756): onChange() COMPLETED elapsed= 2
09-26 10:33:20.068 V/WindowManager( 1588): Relayout Window{bdb7342 u0 FP Iconview}: viewVisibility=0 req=1080x2400 ty=2619 d0
09-26 10:33:20.069 I/SurfaceFlinger( 1389): id=13846 createSurf, flag=44044, FP Iconview$_26203#13846
09-26 10:33:20.070 D/WindowManager( 1588): makeSurface duration=1 name=FP Iconview$_26203
09-26 10:33:20.072 V/WindowManager( 1588): Relayout hash=bdb7342, pid=26203, syncId=-1: mAttrs={(0,0)(1080x2400) sim={adjust=pan} layoutInDisplayCutoutMode=always ty=2619 fmt=TRANSLUCENT surfaceInsets=Rect(6, 6 - 6, 6)
09-26 10:33:20.072 V/WindowManager( 1588):   fl=1000018
09-26 10:33:20.072 V/WindowManager( 1588):   pfl=30102050
09-26 10:33:20.072 V/WindowManager( 1588):   bhv=1
09-26 10:33:20.072 V/WindowManager( 1588):   frameRateBoostOnTouch=true
09-26 10:33:20.072 V/WindowManager( 1588):   dvrrWindowFrameRateHint=true naviIconColor=0
09-26 10:33:20.072 V/WindowManager( 1588):   sfl=60008
09-26 10:33:20.072 V/WindowManager( 1588):   surfaceType=FP_ICON_VIEW}
09-26 10:33:20.074 I/BufferQueueProducer(26203): [](id:665b00000004,api:0,p:2,c:26203) setDequeueTimeout:2077252342
09-26 10:33:20.074 I/BLASTBufferQueue_Java(26203): new BLASTBufferQueue, mName= VRI[FP Iconview]@dbc95e0 mNativeObject= 0xb4000076c7866630 sc.mNativeObject= 0xb4000077c784fed0 caller= android.view.ViewRootImpl.updateBlastSurfaceIfNeeded:3397 android.view.ViewRootImpl.relayoutWindow:11361 android.view.ViewRootImpl.performTraversals:4544 android.view.ViewRootImpl.doTraversal:3708 android.view.ViewRootImpl$TraversalRunnable.run:12542 android.view.Choreographer$CallbackRecord.run:1751 android.view.Choreographer$CallbackRecord.run:1760 android.view.Choreographer.doCallbacks:1216 android.view.Choreographer.doFrame:1142 android.view.Choreographer$FrameDisplayEventReceiver.run:1707 
09-26 10:33:20.074 I/BLASTBufferQueue_Java(26203): update, w= 1092 h= 2412 mName = VRI[FP Iconview]@dbc95e0 mNativeObject= 0xb4000076c7866630 sc.mNativeObject= 0xb4000077c784fed0 format= -3 caller= android.graphics.BLASTBufferQueue.<init>:88 android.view.ViewRootImpl.updateBlastSurfaceIfNeeded:3397 android.view.ViewRootImpl.relayoutWindow:11361 android.view.ViewRootImpl.performTraversals:4544 android.view.ViewRootImpl.doTraversal:3708 android.view.ViewRootImpl$TraversalRunnable.run:12542 
09-26 10:33:20.075 W/libc    (26203): Access denied finding property "vendor.display.enable_optimal_refresh_rate"
09-26 10:33:20.076 W/libc    (26203): Access denied finding property "vendor.gpp.create_frc_extension"
09-26 10:33:20.076 I/VRI[FP Iconview]@dbc95e0(26203): Relayout returned: old=(0,0,1080,2400) new=(0,0,1080,2400) relayoutAsync=false req=(1080,2400)0 dur=5 res=0x3 s={true 0xb40000766786f110} ch=true seqId=0
09-26 10:33:20.076 I/VRI[FP Iconview]@dbc95e0(26203): performConfigurationChange setNightDimText nightDimLevel=0
09-26 10:33:20.077 I/AdrenoGLES-0(26203): QUALCOMM build                   : 9ad1b67875, Ib48d2dada6
09-26 10:33:20.077 I/AdrenoGLES-0(26203): Build Date                       : 05/11/25
09-26 10:33:20.077 I/AdrenoGLES-0(26203): OpenGL ES Shader Compiler Version: EV031.35.01.12
09-26 10:33:20.077 I/AdrenoGLES-0(26203): Local Branch                     : 
09-26 10:33:20.077 I/AdrenoGLES-0(26203): Remote Branch                    : refs/tags/AU_LINUX_ANDROID_LA.UM.9.14.11.00.00.571.148
09-26 10:33:20.077 I/AdrenoGLES-0(26203): Remote Branch                    : NONE
09-26 10:33:20.077 I/AdrenoGLES-0(26203): Reconstruct Branch               : NOTHING
09-26 10:33:20.077 I/AdrenoGLES-0(26203): Build Config                     : S P 10.0.7 AArch64
09-26 10:33:20.077 I/AdrenoGLES-0(26203): Driver Path                      : /vendor/lib64/egl/libGLESv2_adreno.so
09-26 10:33:20.078 I/VRI[FP Iconview]@dbc95e0(26203): Creating new active sync group VRI[FP Iconview]@dbc95e0#9
09-26 10:33:20.084 I/AODUiController( 2882): onUIEvent : unknown component : 1202/0/0
09-26 10:33:20.084 I/AODStarSettingsUtil( 2882): isAutoBrightnessEnabledtrue
09-26 10:33:20.084 I/AOD_BRIGHTNESS@BrightnessManager( 2882): mCurrentBrightness : HighNit[true], NitMode[2NIT], isForceState[0, ForceStateReason[[], ], mAppliedBrightness[0]
09-26 10:33:20.084 I/AOD_BRIGHTNESS@AlwaysOnDisplayEx( 2882): updateDozeBrightness: doze [65538] last [2NIT] change to [2NIT]
09-26 10:33:20.084 I/AOD_WAKELOCK@WakeLockManager( 2882): acquireIfExists: tag - AOD_DRAW, timeout - 100, reason - set Doze Brightness updateDozeBrightness, wakeLock = WakeLock{5762667 held=true, refCount=1}
09-26 10:33:20.085 I/SurfaceFlinger( 1389): [FP Iconview$_26203#13846] attach to parent LayerHierarchy{RequestedLayerState{bdb7342 FP Iconview#13834 parentId=13833} 1 children}
09-26 10:33:20.085 I/FaceWidgetPositionControllerImpl[TapToShow]( 2882): updatePositionIfNeeded contentWidth=1052 contentHeight=520 contentStart=72 contentBottom=80 contentEnd=978 musicHeight=0 nioBottom= 80, contentLocation=[-1, 273] isLandscape=false
09-26 10:33:20.085 I/AOD_WAKELOCK@WakeLockManager( 2882): acquireIfExists: tag - AOD_EnsureWorkingTime, reason - REASON_MSG_CHANGE_NEXT_STATE, wakeLock = WakeLock{4232ec7 held=true, refCount=4}
09-26 10:33:20.086 I/AODStateMachine( 2882): request : (STARTED) --> (RUN) : canTransition (true)
09-26 10:33:20.086 I/AOD_CONFIG@AODConfigurationController( 2882): [transitionTo] STARTED >> RUN
09-26 10:33:20.086 W/Layer   ( 1389): gatherBufferInfo: Received unknown dataspace from gralloc
09-26 10:33:20.086 I/AODSettingsHelper( 2882): onChange() COMPLETED elapsed= 1
09-26 10:33:20.086 I/NowBarItemManager( 2882): aodShowStateChanged false -> true
09-26 10:33:20.086 I/NowBarItemManager( 2882): notifyUpdateObservers size = 1 
09-26 10:33:20.086 I/NowBarCardViewModel( 2882): updateView isCollapsed = true screenOn=false
09-26 10:33:20.086 I/NowBarItemManager( 2882): getVisibleList isScreenTurnedOn = false / aodShowState true shouldControlScreenOff false visibleList size = 0
09-26 10:33:20.087 I/NowBarItemManager( 2882): getVisibleList isScreenTurnedOn = false / aodShowState true shouldControlScreenOff false visibleList size = 0
09-26 10:33:20.087 E/NowBarCardStackView( 2882): getTopCard topCard is null view size = 0
09-26 10:33:20.087 I/NowBarCardStackView( 2882): refreshAllViews topcard is null
09-26 10:33:20.087 I/NowBarCardStackView( 2882): refreshAllViews prev = 0 / new = 0   ==> 
09-26 10:33:20.087 E/NowBarCardStackView( 2882): getTopCard topCard is null view size = 0
09-26 10:33:20.087 E/NowBarCardViewModel( 2882): updateExpandedClickPanelVisibility screen on = false expanded falseisTopCardSettingViewOpened = false
09-26 10:33:20.087 I/NowBarItemManager( 2882): getVisibleList isScreenTurnedOn = false / aodShowState true shouldControlScreenOff false visibleList size = 0
09-26 10:33:20.087 I/SurfaceFlinger( 1389): id=13820 Removed Surface(name=6149c05 com.capsule/com.capsule.MainActivity)/@0x64099fe - animation-leash of starting_reveal#13820 (171)
09-26 10:33:20.087 D/SettingsHelper( 2882): onChange() COMPLETED elapsed= 1
09-26 10:33:20.088 D/KeyguardViewMediator( 2882): onAODShowStateChanged: true
09-26 10:33:20.088 I/AODSettingsHelper( 2882): onChange() COMPLETED elapsed= 0
09-26 10:33:20.088 I/FingerprintManager( 2882): deliver event to AOD: turnOnDozeMode
09-26 10:33:20.088 I/MODManager( 2882): onStarted Finger Started mState = 4
09-26 10:33:20.088 I/MODManager( 2882): onStarted() do not call in AOD running state
09-26 10:33:20.088 I/FingerprintManager( 2882): deliver event to AOD: turnOnDozeHlpmMode
09-26 10:33:20.088 I/MODManager( 2882): onShow Fingerprint icon
09-26 10:33:20.089 I/AOD_PARTIAL_HLPM@PartialHLPMGramScanController( 2882): turnOffPartialGramScan reason = Fingerprint show PartialHLPMOffReason : 4 / partialHLPMEnabled = false
09-26 10:33:20.089 I/ImageWallpaper_5[Image]( 2882): onDisplayStateChanged: OFF -> AOD_WITHOUT_WALLPAPER
09-26 10:33:20.089 I/AdrenoGLES-0(26203): PFP: 0x016dc094, ME: 0x00000000
09-26 10:33:20.089 D/DARUtil ( 1588): Device owner status not updated yet...
09-26 10:33:20.090 D/DARUtil ( 1588): Not an enterprise user : 0
09-26 10:33:20.090 D/DARUtil ( 1588): Device owner status not updated yet...
09-26 10:33:20.090 D/DARUtil ( 1588): Not an enterprise user : 0
09-26 10:33:20.091 D/SyntheticPasswordManager.SDP( 1588): Inside fromBytes() - result.pinLength : -1
09-26 10:33:20.091 D/SyntheticPasswordManager.SDP( 1588): 1. result.secureMode : 0
09-26 10:33:20.091 I/SurfaceFlinger( 1389): id=13780 Removed Surface(name=8098258 io.capsule.seal/com.capsule.MainActivity)/@0x87ed1db - animation-leash of starting_reveal#13780 (171)
09-26 10:33:20.091 I/ImageWallpaper_6[Video]( 2882): onDisplayStateChanged: OFF -> AOD_WITHOUT_WALLPAPER
09-26 10:33:20.092 D/DARUtil ( 1588): Device owner status not updated yet...
09-26 10:33:20.092 D/DARUtil ( 1588): Not an enterprise user : 0
09-26 10:33:20.092 D/DARUtil ( 1588): Device owner status not updated yet...
09-26 10:33:20.092 D/DARUtil ( 1588): Not an enterprise user : 0
09-26 10:33:20.092 D/SyntheticPasswordManager.SDP( 1588): Inside fromBytes() - result.pinLength : -1
09-26 10:33:20.092 D/SyntheticPasswordManager.SDP( 1588): 1. result.secureMode : 0
09-26 10:33:20.092 I/ImageWallpaper_6[Video]( 2882): updatePlayerState: which=6, disp=AOD_WITHOUT_WALLPAPER, visible(window=false, engine=false), goingToSleepFromNonKeyguard=false, unlockingFromOffOrAod=false, isKeyguard=true, bouncer=false, forcePause=false, customPack=false, lockDisabled=false
09-26 10:33:20.092 I/ImageWallpaper_6[VideoController]( 2882): pauseAndSeekToFirstFrame
09-26 10:33:20.092 I/ImageWallpaper_6[VideoController]( 2882): dispatchCommands: null, enqueued=[PAUSE_N_SEEK_TO_0]
09-26 10:33:20.092 I/ImageWallpaper_6[VideoController]( 2882): dispatchCommands: no active session to pause & seek to first frame
09-26 10:33:20.092 I/ImageWallpaper_6[VideoController]( 2882): dispatchCommands: head=PAUSE_N_SEEK_TO_0(releasable=true) -> consumed
09-26 10:33:20.101 I/SurfaceFlinger( 1389): destroyed Surface(name=8098258 io.capsule.seal/com.capsule.MainActivity)/@0x87ed1db - animation-leash of starting_reveal#13780
09-26 10:33:20.101 I/SurfaceFlinger( 1389): destroyed Surface(name=6149c05 com.capsule/com.capsule.MainActivity)/@0x64099fe - animation-leash of starting_reveal#13820
09-26 10:33:20.102 W/System  ( 2882): A resource failed to call release. 
09-26 10:33:20.102 W/System  ( 2882): A resource failed to call release. 
09-26 10:33:20.102 W/System  ( 2882): A resource failed to call release. 
09-26 10:33:20.103 W/Layer   ( 1389): gatherBufferInfo: Received unknown dataspace from gralloc
09-26 10:33:20.103 I/Layer   ( 1389): id=13780 Destroyed Surface(name=8098258 io.capsule.seal/com.capsule.MainActivity)/@0x87ed1db - animation-leash of starting_reveal#13780
09-26 10:33:20.103 W/System  ( 2882): A resource failed to call release. 
09-26 10:33:20.103 W/System  ( 2882): A resource failed to call release. 
09-26 10:33:20.103 W/System  ( 2882): A resource failed to call release. 
09-26 10:33:20.103 W/System  ( 2882): A resource failed to call release. 
09-26 10:33:20.103 I/Layer   ( 1389): id=13820 Destroyed Surface(name=6149c05 com.capsule/com.capsule.MainActivity)/@0x64099fe - animation-leash of starting_reveal#13820
09-26 10:33:20.105 W/System  ( 2882): A resource failed to call release. 
09-26 10:33:20.105 W/System  ( 2882): A resource failed to call release. 
09-26 10:33:20.105 I/VRI[FP Iconview]@dbc95e0(26203): mWNT: t=0xb400007687870a90 mBlastBufferQueue=0xb4000076c7866630 fn= 1 HdrRenderState mRenderHdrSdrRatio=1.0 caller= android.view.ViewRootImpl$11.onFrameDraw:15016 android.view.ThreadedRenderer$1.onFrameDraw:761 <bottom of call stack> 
09-26 10:33:20.105 W/System  ( 2882): A resource failed to call HardwareBuffer.close. 
09-26 10:33:20.105 I/VRI[FP Iconview]@dbc95e0(26203): Setting up sync and frameCommitCallback
09-26 10:33:20.106 W/System  ( 2882): A resource failed to call release. 
09-26 10:33:20.106 W/System  ( 2882): A resource failed to call release. 
09-26 10:33:20.106 W/System  ( 2882): A resource failed to call release. 
09-26 10:33:20.107 W/System  ( 2882): A resource failed to call release. 
09-26 10:33:20.108 W/System  ( 2882): A resource failed to call release. 
09-26 10:33:20.108 W/System  ( 2882): A resource failed to call release. 
09-26 10:33:20.117 I/BLASTBufferQueue(26203): [VRI[FP Iconview]@dbc95e0#4](f:0,a:0,s:0) onFrameAvailable the first frame is available
09-26 10:33:20.117 I/SurfaceComposerClient(26203): apply transaction with the first frame. layerId: 13846, bufferData(ID: 112541028057107, frameNumber: 1)
09-26 10:33:20.118 I/SurfaceFlinger( 1389): [FP Iconview$_26203#13846] setTransactionState with the first frame. bufferData(ID: 112541028057107, frameNumber: 1)
09-26 10:33:20.119 W/System  ( 2882): A resource failed to call release. 
09-26 10:33:20.119 W/System  ( 2882): A resource failed to call release. 
09-26 10:33:20.119 W/System  ( 2882): A resource failed to call release. 
09-26 10:33:20.119 W/System  ( 2882): A resource failed to call release. 
09-26 10:33:20.119 W/System  ( 2882): A resource failed to call release. 
09-26 10:33:20.120 I/VRI[FP Iconview]@dbc95e0(26203): Received frameCommittedCallback lastAttemptedDrawFrameNum=1 didProduceBuffer=true
09-26 10:33:20.121 W/Layer   ( 1389): gatherBufferInfo: Received unknown dataspace from gralloc
09-26 10:33:20.121 W/Layer   ( 1389): gatherBufferInfo: Received unknown dataspace from gralloc
09-26 10:33:20.121 D/WindowManager( 1588): finishDrawingWindow: Window{bdb7342 u0 FP Iconview} mDrawState=DRAW_PENDING seqId=0
09-26 10:33:20.122 I/BLASTBufferQueue_Java(26203): update, w= 1092 h= 2412 mName = VRI[FP Iconview]@dbc95e0 mNativeObject= 0xb4000076c7866630 sc.mNativeObject= 0xb4000077c784fed0 format= -3 caller= android.view.ViewRootImpl.updateBlastSurfaceIfNeeded:3386 android.view.ViewRootImpl.relayoutWindow:11361 android.view.ViewRootImpl.performTraversals:4544 android.view.ViewRootImpl.doTraversal:3708 android.view.ViewRootImpl$TraversalRunnable.run:12542 android.view.Choreographer$CallbackRecord.run:1751 
09-26 10:33:20.122 V/WindowManager( 1588): Relayout Window{bdb7342 u0 FP Iconview}: viewVisibility=0 req=1080x2400 ty=2619 d0
09-26 10:33:20.122 I/VRI[FP Iconview]@dbc95e0(26203): Relayout returned: old=(0,0,1080,2400) new=(0,0,1080,2400) relayoutAsync=true req=(1080,2400)0 dur=0 res=0x0 s={true 0xb40000766786f110} ch=false seqId=0
09-26 10:33:20.122 I/VRI[FP Iconview]@dbc95e0(26203): registerCallbackForPendingTransactions
09-26 10:33:20.122 I/SemInputCommandService( 1588): setPropertyAllTouch: FOD_ICON_VISIBLE,1 retDefault=1 retExtra=-2
09-26 10:33:20.123 D/SemInputDevice:TSP( 1588): SetPropertyTask: CMD,fod_icon_visible,1 [09-26 10:33:20.122]
09-26 10:33:20.123 V/WindowManager( 1588): performShowLocked: mDrawState=HAS_DRAWN in Window{bdb7342 u0 FP Iconview}
09-26 10:33:20.123 I/sysinput:Touch( 1330): writeInformation:249, OK
09-26 10:33:20.123 D/SysinputHAL_V1_3(V1_2)( 1588): runTspCmdNoRead(TSP(1)): fod_icon_visible,1 ret=0
09-26 10:33:20.124 V/WindowManager( 1588): Relayout hash=bdb7342, pid=0, syncId=-1: mAttrs={(0,0)(1080x2400) sim={adjust=pan} layoutInDisplayCutoutMode=always ty=2619 fmt=TRANSLUCENT surfaceInsets=Rect(6, 6 - 6, 6)
09-26 10:33:20.124 V/WindowManager( 1588):   fl=1000018
09-26 10:33:20.124 V/WindowManager( 1588):   pfl=30102050
09-26 10:33:20.124 V/WindowManager( 1588):   bhv=1
09-26 10:33:20.124 V/WindowManager( 1588):   frameRateBoostOnTouch=true
09-26 10:33:20.124 V/WindowManager( 1588):   dvrrWindowFrameRateHint=true naviIconColor=0
09-26 10:33:20.124 V/WindowManager( 1588):   sfl=60008
09-26 10:33:20.124 V/WindowManager( 1588):   surfaceType=FP_ICON_VIEW}
09-26 10:33:20.124 I/VRI[FP Iconview]@dbc95e0(26203): mWNT: t=0xb400007687873490 mBlastBufferQueue=0xb4000076c7866630 fn= 2 HdrRenderState mRenderHdrSdrRatio=1.0 caller= android.view.ViewRootImpl$9.onFrameDraw:6276 android.view.ViewRootImpl$3.onFrameDraw:2440 android.view.ThreadedRenderer$1.onFrameDraw:761 
09-26 10:33:20.149 I/AODUiState( 2882): isExecutableStateOfPartialHLPM isTapToShow
09-26 10:33:20.149 D/PowerManagerService( 1588): [api] release WakeLock DRAW_WAKE_LOCK                    'Doze' ACQ=-235ms (uid=10039 pid=2882 displayId=-1 lock=48e57bb)
09-26 10:33:20.149 I/AOD_LIVE_CLOCK@LiveClockController( 2882): getLiveclockCommandNode = 0
09-26 10:33:20.150 I/LiveClock( 1588): setLiveClockCommand : nodeType = 0 cmd = 8 dataSize = 9
09-26 10:33:20.150 I/LiveClock( 1588): setSelfPartialHLPMScan_inner : en 0 mode_sel 0
09-26 10:33:20.150 I/LiveClock( 1588): setSelfPartialHLPMScan_inner : hlpm_area_1 0, pos1_y 0, pos2_x 0, pos2_y 0
09-26 10:33:20.150 I/LiveClock( 1588): setSelfPartialHLPMScan_inner : scan_en 0, scan_sl 0, scan_el 3039
09-26 10:33:20.154 I/SurfaceFlinger( 1389): Layer [FP Iconview$_26203#13846] hidden!! flag(0)
09-26 10:33:20.156 W/Layer   ( 1389): gatherBufferInfo: Received unknown dataspace from gralloc
09-26 10:33:20.157 W/ComposerExtn( 1389): DisplayExtnImpl::SetActiveConfig: HWC Display 0 is not registered!
09-26 10:33:20.160 I/LiveClock( 1588): setSelfPartialHLPMScan_inner : ret = 0
09-26 10:33:20.162 I/Gi0     ( 2882): !@AOD executeCommand:  cmd=PartialHLPMGramScanCommand{en = 0 mode_sel = 0 area_1 = 0 area_2 = 0 area_3 = 0 area_4 = 0} result=0
09-26 10:33:20.162 I/AOD_LIVE_CLOCK@LiveClockController( 2882): !@AOD setCommandInternal: [0] : displayState=DISPLAY_STATE_DOZE cmd=PartialHLPMGramScanCommand{en = 0 mode_sel = 0 area_1 = 0 area_2 = 0 area_3 = 0 area_4 = 0} result=0
09-26 10:33:20.185 D/SurfaceFlinger( 1389): Display 4630947232161729154 HWC layers:
09-26 10:33:20.185 D/SurfaceFlinger( 1389):        DEVICE |   0xb40000713e5d8730 | 0001 | RGBA_8888    |    0.0    0.0 1080.0   80.0 |    0    0 1080   80 | StatusBar$_2882#95 (12622)
09-26 10:33:20.185 D/SurfaceFlinger( 1389):        DEVICE |   0xb40000713e5bce30 | 0001 | RGBA_8888    |    0.0    0.0 1080.0 2400.0 |    0    0 1080 2400 | NotificationShade$_2882#13837 (26)
09-26 10:33:20.185 D/SurfaceFlinger( 1389):        DEVICE |   0xb40000713e59eb00 | 0041 | RGBA_8888    |    6.0    6.0 1086.0 2406.0 |    0    0 1080 2400 | FP Iconview$_26203#13846 (2)
09-26 10:33:20.185 D/SurfaceFlinger( 1389): 
09-26 10:33:20.186 D/PowerManagerService( 1588): [api] release WakeLock DRAW_WAKE_LOCK                    'AOD_DRAW' ACQ=-142ms (uid=10039 pid=2882 displayId=-1 lock=9528dbd)
09-26 10:33:20.188 W/Layer   ( 1389): gatherBufferInfo: Received unknown dataspace from gralloc
09-26 10:33:20.209 D/io_stats(  794): !@   8,0 r 6854614 183452340 w 2341534 38474004 d 762072 36955728 f 0 0 iot 3366816 0 th 0 0 0 pt 0 inp 0 0 92178.330
09-26 10:33:20.221 W/Layer   ( 1389): gatherBufferInfo: Received unknown dataspace from gralloc
09-26 10:33:20.255 W/Layer   ( 1389): gatherBufferInfo: Received unknown dataspace from gralloc
09-26 10:33:20.286 W/Layer   ( 1389): gatherBufferInfo: Received unknown dataspace from gralloc
09-26 10:33:20.321 W/Layer   ( 1389): gatherBufferInfo: Received unknown dataspace from gralloc
09-26 10:33:20.327 I/AlwaysOnDisplayEx( 2882): showChargingInfo: true
09-26 10:33:20.353 I/AODUiController( 2882): MSG = 11
09-26 10:33:20.354 I/NowBarItemManager( 2882): getVisibleList isScreenTurnedOn = false / aodShowState true shouldControlScreenOff false visibleList size = 0
09-26 10:33:20.354 W/Layer   ( 1389): gatherBufferInfo: Received unknown dataspace from gralloc
09-26 10:33:20.355 I/ResourceUtils( 2882): getPositionCorrectionRatio screenSizeRatio = 1.0 baseWidthPixels = 1080 currentWidthPixels = 1080
09-26 10:33:20.357 I/AODManagerService( 1588): getAodActiveArea isSubDisplay=false devid=1
09-26 10:33:20.357 D/SemInputDeviceManager( 1588): getProperty: TSP(1) AOD_ACTIVE_AREA
09-26 10:33:20.359 D/SemInputDevice:TSP( 1588): GetPropertyTask: AOD_ACTIVE_AREA [09-26 10:33:20.358]
09-26 10:33:20.360 I/sysinput:Touch( 1330): readInformation:223, aod_active_area: 199,132,199 OK
09-26 10:33:20.360 D/SysinputHAL_V1_3( 1588): getProperty(TSP(1)): AOD_ACTIVE_AREA:199,132,199
09-26 10:33:20.361 I/AODTspEventController( 2882): updateAODTspRect : Rect(132, 199 - 948, 2201) , nowBarRect : Rect(0, 0 - 0, 0) , isShowingNowBar : false[[STARTING]]
09-26 10:33:20.361 I/AODManagerService( 1588): updateAODTspRectInternal union: key : com.samsung.android.app.aodservice rect : Rect(132, 199 - 948, 2201)
09-26 10:33:20.361 D/SemInputDeviceManager( 1588): setProperty: (100) CMD,AOD_RECT,816,2002,132,199
09-26 10:33:20.362 I/SemInputCommandService( 1588): setPropertyAllTouch: AOD_RECT,816,2002,132,199 retDefault=1 retExtra=-2
09-26 10:33:20.362 D/SemInputDevice:TSP( 1588): SetPropertyTask: CMD,set_aod_rect,816,2002,132,199 [09-26 10:33:20.362]
09-26 10:33:20.363 I/AODUiController( 2882): onUpdatedTspRect
09-26 10:33:20.363 I/AODClockViewModel( 2882): setLiveClockVisibility: visible = true / reason = 0 disabled LiveClock
09-26 10:33:20.364 I/sysinput:Touch( 1330): writeInformation:249, OK
09-26 10:33:20.364 D/SysinputHAL_V1_3(V1_2)( 1588): runTspCmdNoRead(TSP(1)): set_aod_rect,816,2002,132,199 ret=0
09-26 10:33:20.383 D/InputReader( 1588): Input event(8): value=1 when=92178.503069
09-26 10:33:20.383 D/InputReader( 1588): !@notifyKey(116), action=0
09-26 10:33:20.383 D/InputManager-JNI( 1588): !@interceptKeyBeforeQueueing(116), action=0, interactive=false
09-26 10:33:20.383 D/WindowManager( 1588): interceptKeyTq keycode=26 interactive=false keyguardActive=true policyFlags=2000000
09-26 10:33:20.384 D/SingleKeyGesture( 1588): interceptKeyDown, info : KeyCode=KEYCODE_UNKNOWN, size=0
09-26 10:33:20.385 D/PhoneWindowManagerExt( 1588): interceptKeyTq code=26 down=true repeatCount=0 displayId=-1 interactive=false
09-26 10:33:20.385 D/PhoneWindowManagerExt( 1588): systemKeyEventRequested REMOVE_PASS
09-26 10:33:20.385 D/WindowManager( 1588): interceptKeyTq interceptKeyResult=8
09-26 10:33:20.387 W/Layer   ( 1389): gatherBufferInfo: Received unknown dataspace from gralloc
09-26 10:33:20.387 D/WindowWakeUpPolicy( 1588): HINT_DEVICE_WAKEUP acquire()
09-26 10:33:20.387 I/SemDvfsHyPerManager( 1588): acquire hyper - DEVICE_WAKEUP/1588@17, type = -999
09-26 10:33:20.388 I/HYPER-HAL( 1218): [RequestManager.cpp]acquire(): Acquired ID : 1288832  [1588 / 17]    HINT : DEVICE_WAKEUP    list : 
09-26 10:33:20.388 D/PowerManagerService( 1588): [api] wakeUp (uid: 1000 pid: 1588) eventTime = 92178503
09-26 10:33:20.389 W/PowerManagerService( 1588): !@Screen__On  - 103 :  wakeUp:  (uid: 1000 pid: 1588) (power_button) (6ms) groupId=0
09-26 10:33:20.390 I/HYPER-HAL( 1218): [ResourceManager.cpp]updateResource(): [CPUMinFreq] UpdateResource Request ID : 1288832    Value : 1670400
09-26 10:33:20.390 I/PowerGroup( 1588): Waking up power group from Dozing (groupId=0, uid=1000, reason=power_button, details=android.policy:POWER)...
09-26 10:33:20.390 D/InputManager-JNI( 1588): setInteractiveForInternalDisplay(true)
09-26 10:33:20.390 D/PowerManagerNotifier( 1588): startedEarlyWakingUp: interactive: true reason: 1
09-26 10:33:20.390 V/KeyguardServiceDelegate( 1588): startedEarlyWakingUp reason=1
09-26 10:33:20.390 I/PowerManagerService( 1588): Waking up from Dozing (uid=1000, reason=power_button, details=android.policy:POWER)...
09-26 10:33:20.390 D/KeyguardViewMediator( 2882): startedEarlyWakingUp
09-26 10:33:20.393 I/WindowManager( 1588): Started waking up... (groupId=0 why=ON_BECAUSE_OF_USER)
09-26 10:33:20.394 D/InputManager-JNI( 1588): setInteractive(true)
09-26 10:33:20.395 D/PowerManagerService( 1588): [PWL] sb acquire: PowerManagerService.Broadcasts
09-26 10:33:20.398 D/PowerManagerService( 1588): UserActivityState : 4 -> 1 groupId=0
09-26 10:33:20.398 D/PowerManagerService( 1588): displayReady: false groupId=0
09-26 10:33:20.398 D/DisplayPowerController2[0]( 1588): animateScreenStateChange: target=ON, mIsEnabled=true
09-26 10:33:20.398 D/DisplayPowerController2[0]( 1588): setScreenState(): mSeamlessAodReady : false AOD
09-26 10:33:20.398 D/AODManagerService( 1588): screenTurningOn directly
09-26 10:33:20.398 D/DisplayPowerController2[0]( 1588): [api] AODManager.AODChangeListener : Received readyToScreenTurningOn().
09-26 10:33:20.399 I/DisplayBrightnessStrategySelector( 1588): Changing the DisplayBrightnessStrategy from DozeBrightnessStrategy to InvalidBrightnessStrategy for display 0
09-26 10:33:20.399 V/DisplayPowerController2[0]( 1588): Brightness [0.0] reason changing to: 'last_target', previous reason: 'doze'.
09-26 10:33:20.399 I/DisplayPowerController2[0]( 1588): BrightnessEvent: disp=0, physDisp=local:4630947232161729154, displayState=DOZE, displayPolicy=BRIGHT, brt=0.0, initBrt=0.0, rcmdBrt=NaN, preBrt=NaN, lux=0.0, preLux=0.0, hbmMax=1.0, hbmMode=off, rbcStrength=-1, thrmMax=1.0, powerFactor=1.0, wasShortTermModelActive=false, flags=, reason=last_target, autoBrightness=false, strategy=InvalidBrightnessStrategy, autoBrightnessMode=default
09-26 10:33:20.399 D/PowerManagerService( 1588): [PWL] sb acquire: PowerManagerService.Display
09-26 10:33:20.400 D/DisplayPowerController2[0]( 1588): animateScreenStateChange: target=ON, mIsEnabled=true
09-26 10:33:20.400 D/InputManager-JNI( 1588): !@handleInterceptActions(116), action=0, wmActions=0
09-26 10:33:20.401 D/PowerManagerService( 1588): [api] acquire WakeLock DRAW_WAKE_LOCK                    'AOD_DRAW' (uid=10039 pid=2882 displayId=-1 lock=9528dbd)
09-26 10:33:20.401 W/DisplayPowerController2[0]( 1588): Animating brightness: target=217(0.85), rate=0.000, reason=manual[217] -> 0x0[217]
09-26 10:33:20.401 D/BatteryExternalStatsWorker( 1588): update stats : screen-state (1)
09-26 10:33:20.402 I/AODClockContainer( 2882): updateContainer: onTick = true, r = 1, f = 0
09-26 10:33:20.402 I/DigitalVerticalClockView_LOCK_SCREEN_1@367( 2882): refresh : true
09-26 10:33:20.402 D/BatteryExternalStatsWorker( 1588): Update CPU state
09-26 10:33:20.402 D/BatteryExternalStatsWorker( 1588): mStats lock released
09-26 10:33:20.402 D/BatteryExternalStatsWorker( 1588): done updateExternalStatsLocked
09-26 10:33:20.402 V/KeyguardServiceDelegate( 1588): onStartedWakingUp()
09-26 10:33:20.402 I/KeyguardService( 2882): onStartedWakingUp pmWakeReason=1 cameraGestureTriggered=false
09-26 10:33:20.402 D/KeyguardViewMediator( 2882): onStartedWakingUp, seq = 206, mPowerGestureIntercepted = false
09-26 10:33:20.402 D/KeyguardViewMediator( 2882): notifyStartedWakingUp
09-26 10:33:20.403 D/PowerManagerNotifier( 1588): handleEarlyInteractiveChange: groupId=0 reason=1
09-26 10:33:20.403 D/SemInputDeviceManager( 1588): setProperty: (100) CMD,NOTE_APP,0
09-26 10:33:20.403 I/SemInputMotionHelper( 1588): setMotionControl: ALL: 12, client=com.samsung.android.hardware.secinputdev.SemInputDeviceManager, ret=-1
09-26 10:33:20.403 D/DisplayPowerController2[0]( 1588): saveBrightnessInfo: brt:0.85098034 adjBrt:0.85098034 min:0.0 max:1.0 hbm:0 tp:1.0 throttler:0 isAnimating:false
09-26 10:33:20.403 I/DigitalVerticalClockView_LOCK_SCREEN_1@367( 2882): onTimeChanged : [DateTimeInfo : date = Fri, September 26, hourMin = 10:33, hourMinSec = , hour = 10, minute = 33, amPm  = AM, colon = :, second = , timezone = null, isLeftOfAmPm = false, ttsDate = Friday, September 26], timeInMillis = 1758897200402
09-26 10:33:20.403 I/DigitalVerticalClockView_LOCK_SCREEN_1@367( 2882): updatePaletteItemTransition : paletteItem = SOLID color : FFCCCCCC, animation = false, dozeAmount = 1.0
09-26 10:33:20.403 V/DisplayPowerController2[0]( 1588): Brightness [0.85098034] reason changing to: 'manual', previous reason: 'last_target'.
09-26 10:33:20.403 I/SemInputCommandService( 1588): setPropertyAllTouch: NOTE_APP,0 retDefault=1 retExtra=-2
09-26 10:33:20.403 D/TspStateManager( 1588): wrote command: cmd=0, type=6
09-26 10:33:20.403 I/sensors-hal( 1209): set_config:71, sample_period_ns is adjusted to 0 based on min/max delay_ns
09-26 10:33:20.404 I/sensors-hal( 1209): batch:518, android.sensor.device_orientation/271, period=20000000, max_latency=0 request completed
