{"synthetic": false,
 "outputs":
 {"o": ["13777394190511757260"],
  "i": "8775573367548862030",
  "c": "6905008175432431984"},
 "log":
 [{"message":
   ".> LEAN_PATH=C:\\Users\\Cody\\Desktop\\tau_crystal\\tau_crystal\\.lake\\packages\\Cli\\.lake\\build\\lib\\lean;C:\\Users\\Cody\\Desktop\\tau_crystal\\tau_crystal\\.lake\\packages\\batteries\\.lake\\build\\lib\\lean;C:\\Users\\Cody\\Desktop\\tau_crystal\\tau_crystal\\.lake\\packages\\Qq\\.lake\\build\\lib\\lean;C:\\Users\\Cody\\Desktop\\tau_crystal\\tau_crystal\\.lake\\packages\\aesop\\.lake\\build\\lib\\lean;C:\\Users\\Cody\\Desktop\\tau_crystal\\tau_crystal\\.lake\\packages\\proofwidgets\\.lake\\build\\lib\\lean;C:\\Users\\Cody\\Desktop\\tau_crystal\\tau_crystal\\.lake\\packages\\importGraph\\.lake\\build\\lib\\lean;C:\\Users\\Cody\\Desktop\\tau_crystal\\tau_crystal\\.lake\\packages\\LeanSearchClient\\.lake\\build\\lib\\lean;C:\\Users\\Cody\\Desktop\\tau_crystal\\tau_crystal\\.lake\\packages\\plausible\\.lake\\build\\lib\\lean;C:\\Users\\Cody\\Desktop\\tau_crystal\\tau_crystal\\.lake\\packages\\mathlib\\.lake\\build\\lib\\lean;C:\\Users\\Cody\\Desktop\\tau_crystal\\tau_crystal\\.lake\\build\\lib\\lean c:\\Users\\Cody\\.elan\\toolchains\\leanprover--lean4---v4.22.0\\bin\\lean.exe C:\\Users\\Cody\\Desktop\\tau_crystal\\tau_crystal\\TauProofs\\Leaf.lean -o C:\\Users\\Cody\\Desktop\\tau_crystal\\tau_crystal\\.lake\\build\\lib\\lean\\TauProofs\\Leaf.olean -i C:\\Users\\Cody\\Desktop\\tau_crystal\\tau_crystal\\.lake\\build\\lib\\lean\\TauProofs\\Leaf.ilean -c C:\\Users\\Cody\\Desktop\\tau_crystal\\tau_crystal\\.lake\\build\\ir\\TauProofs\\Leaf.c --setup C:\\Users\\Cody\\Desktop\\tau_crystal\\tau_crystal\\.lake\\build\\ir\\TauProofs\\Leaf.setup.json --json",
   "level": "trace"}],
 "inputs":
 [["TauProofs.Leaf:deps",
   [["deps",
     [["tau/TauProofs:extraDep", [["@tau:extraDep", "1723"]]],
      ["import oleans",
       [["Mathlib.GroupTheory.FreeAbelianGroup:olean",
         [["Mathlib.GroupTheory.FreeAbelianGroup:deps", "16968854953205866008"],
          ["C:\\Users\\Cody\\Desktop\\tau_crystal\\tau_crystal\\.lake\\packages\\mathlib\\.lake\\build\\lib\\lean\\Mathlib\\GroupTheory\\FreeAbelianGroup.olean",
           "1360087986395971689"]]],
        ["Mathlib.Data.List.Basic:olean",
         [["Mathlib.Data.List.Basic:deps", "8290250976016127095"],
          ["C:\\Users\\Cody\\Desktop\\tau_crystal\\tau_crystal\\.lake\\packages\\mathlib\\.lake\\build\\lib\\lean\\Mathlib\\Data\\List\\Basic.olean",
           "14923095729803178720"]]]]]]],
    ["libs",
     [["import dynlibs", "1723"],
      ["package external libraries", "1723"],
      ["module dynlibs", "1723"],
      ["module plugins", "1723"]]]]],
  ["Lean 4.22.0, commit ba2cbbf09d4978f416e0ebd1fceeebc2c4138c05",
   "8739116525927611134"],
  ["C:\\Users\\Cody\\Desktop\\tau_crystal\\tau_crystal\\TauProofs\\Leaf.lean",
   "1609470352069895456"],
  ["options", "1723"],
  ["Module.leanArgs: #[]", "1723"]],
 "depHash": "11089798494396196293"}