{"synthetic": false,
 "outputs":
 {"o": ["1295836094502475436"],
  "i": "4301928324773093403",
  "c": "17825893388758819113"},
 "log":
 [{"message":
   ".> LEAN_PATH=C:\\Users\\Cody\\Desktop\\tau_crystal\\tau_crystal\\.lake\\packages\\Cli\\.lake\\build\\lib\\lean;C:\\Users\\Cody\\Desktop\\tau_crystal\\tau_crystal\\.lake\\packages\\batteries\\.lake\\build\\lib\\lean;C:\\Users\\Cody\\Desktop\\tau_crystal\\tau_crystal\\.lake\\packages\\Qq\\.lake\\build\\lib\\lean;C:\\Users\\Cody\\Desktop\\tau_crystal\\tau_crystal\\.lake\\packages\\aesop\\.lake\\build\\lib\\lean;C:\\Users\\Cody\\Desktop\\tau_crystal\\tau_crystal\\.lake\\packages\\proofwidgets\\.lake\\build\\lib\\lean;C:\\Users\\Cody\\Desktop\\tau_crystal\\tau_crystal\\.lake\\packages\\importGraph\\.lake\\build\\lib\\lean;C:\\Users\\Cody\\Desktop\\tau_crystal\\tau_crystal\\.lake\\packages\\LeanSearchClient\\.lake\\build\\lib\\lean;C:\\Users\\Cody\\Desktop\\tau_crystal\\tau_crystal\\.lake\\packages\\plausible\\.lake\\build\\lib\\lean;C:\\Users\\Cody\\Desktop\\tau_crystal\\tau_crystal\\.lake\\packages\\mathlib\\.lake\\build\\lib\\lean;C:\\Users\\Cody\\Desktop\\tau_crystal\\tau_crystal\\.lake\\build\\lib\\lean c:\\Users\\Cody\\.elan\\toolchains\\leanprover--lean4---v4.22.0\\bin\\lean.exe C:\\Users\\Cody\\Desktop\\tau_crystal\\tau_crystal\\TauProofs\\TauBounds.lean -o C:\\Users\\Cody\\Desktop\\tau_crystal\\tau_crystal\\.lake\\build\\lib\\lean\\TauProofs\\TauBounds.olean -i C:\\Users\\Cody\\Desktop\\tau_crystal\\tau_crystal\\.lake\\build\\lib\\lean\\TauProofs\\TauBounds.ilean -c C:\\Users\\Cody\\Desktop\\tau_crystal\\tau_crystal\\.lake\\build\\ir\\TauProofs\\TauBounds.c --setup C:\\Users\\Cody\\Desktop\\tau_crystal\\tau_crystal\\.lake\\build\\ir\\TauProofs\\TauBounds.setup.json --json",
   "level": "trace"}],
 "inputs":
 [["TauProofs.TauBounds:deps",
   [["deps",
     [["tau/TauProofs:extraDep", [["@tau:extraDep", "1723"]]],
      ["import oleans",
       [["TauProofs.Leaf:olean",
         [["TauProofs.Leaf:deps", "10067002906060008313"],
          ["C:\\Users\\Cody\\Desktop\\tau_crystal\\tau_crystal\\.lake\\build\\lib\\lean\\TauProofs\\Leaf.olean",
           "2252853247182220061"]]],
        ["Mathlib.Data.Int.Basic:olean",
         [["Mathlib.Data.Int.Basic:deps", "17406803173713518310"],
          ["C:\\Users\\Cody\\Desktop\\tau_crystal\\tau_crystal\\.lake\\packages\\mathlib\\.lake\\build\\lib\\lean\\Mathlib\\Data\\Int\\Basic.olean",
           "2797708971813783302"]]]]]]],
    ["libs",
     [["import dynlibs", "1723"],
      ["package external libraries", "1723"],
      ["module dynlibs", "1723"],
      ["module plugins", "1723"]]]]],
  ["Lean 4.22.0, commit ba2cbbf09d4978f416e0ebd1fceeebc2c4138c05",
   "8739116525927611134"],
  ["C:\\Users\\Cody\\Desktop\\tau_crystal\\tau_crystal\\TauProofs\\TauBounds.lean",
   "5244088171933364077"],
  ["options", "1723"],
  ["Module.leanArgs: #[]", "1723"]],
 "depHash": "13583624855275018989"}