=== toolchain ===
=== layout ===
pwd=/c/Users/Cody/Desktop/tau_crystal/tau_crystal
-- top Cargo.toml:
[workspace]
members = ["crates/core","crates/cli"]
resolver = "2"
-- crates/core/Cargo.toml:
[package]
name = "tau_core"
version = "0.1.0"
edition = "2021"

[dependencies]
serde = { version = "1", features = ["derive"] }
serde_json = "1"
sha2 = "0.10"
hex = "0.4"
num-integer = "0.1"
-- crates/cli/Cargo.toml:
[package]
name = "tau_cli"
version = "0.1.0"
edition = "2021"

[dependencies]
clap = { version = "4", features = ["derive"] }
=== cargo metadata ===
=== cargo build -vv ===
=== summary ===
[fail] binary missing; showing tail of build_err.log
