+ source scripts/ops/seed_init.sh
++ set -euo pipefail
++ umask 022
++ '[' 0 = 1 ']'
+++ date +%s%N
+++ sha256sum
+++ cut -c1-16
++ SEED=0325fcc653e27e14
++ export SEED PYTHONHASHSEED=0325fcc653e27e14
++ PYTHONHASHSEED=0325fcc653e27e14
++ mkdir -p .tau_ledger/seeds
++ echo 0325fcc653e27e14
+++ date -u +%Y%m%dT%H%M%SZ
++ export SEED_INIT=1
++ SEED_INIT=1
++ echo '[SEED] 0325fcc653e27e14'
[SEED] 0325fcc653e27e14
+ set -euo pipefail
+ umask 022
+++ dirname scripts/ops/next_hammer.sh
++ cd scripts/ops/../..
++ pwd
+ ROOT=/c/Users/Cody/Desktop/tau_crystal/tau_crystal
+ cd /c/Users/Cody/Desktop/tau_crystal/tau_crystal
+ export LC_ALL=C
+ LC_ALL=C
+ export PYTHONHASHSEED=0
+ PYTHONHASHSEED=0
+ '[' -f .tau_env ']'
+ NEXT_TIMEOUT=900
++ date -u +%Y-%m-%dT%H:%M:%SZ
+ echo '=== OPS hammer start (2025-09-22T20:35:52Z) ==='
=== OPS hammer start (2025-09-22T20:35:52Z) ===
+ run_canon vows bash scripts/gates/vows_gate.sh
+ local organ=vows
+ shift
++ date -u +%Y-%m-%dT%H:%M:%SZ
+ local ts=2025-09-22T20:35:52Z
+ local buf rc
++ mktemp
+ buf=/tmp/tmp.yMMHCLFtd6
+ rc=0
+ set +e
+ bash scripts/meta/timeout_run.sh 900 bash scripts/gates/vows_gate.sh
+ rc=0
+ set -e
+ local status=ok
+ local err=-
+ '[' 0 -ne 0 ']'
+ echo 'vows	ok	2025-09-22T20:35:52Z	-'
vows	ok	2025-09-22T20:35:52Z	-
+ cat /tmp/tmp.yMMHCLFtd6
vows	ok	2025-09-22T20:35:52Z	-
+ rm -f /tmp/tmp.yMMHCLFtd6
+ bash scripts/meta/progress_update.sh vows ok -
[PROGRESS] vows -> ok
+ '[' ok = ok ']'
+ return 0
+ run_canon vows_age bash scripts/gates/vows_age_gate.sh
+ local organ=vows_age
+ shift
++ date -u +%Y-%m-%dT%H:%M:%SZ
+ local ts=2025-09-22T20:35:52Z
+ local buf rc
++ mktemp
+ buf=/tmp/tmp.dBCSWdYh8z
+ rc=0
+ set +e
+ bash scripts/meta/timeout_run.sh 900 bash scripts/gates/vows_age_gate.sh
+ rc=0
+ set -e
+ local status=ok
+ local err=-
+ '[' 0 -ne 0 ']'
+ echo 'vows_age	ok	2025-09-22T20:35:52Z	-'
vows_age	ok	2025-09-22T20:35:52Z	-
+ cat /tmp/tmp.dBCSWdYh8z
[VOWS] ok (all open vows within 30d)
+ rm -f /tmp/tmp.dBCSWdYh8z
+ bash scripts/meta/progress_update.sh vows_age ok -
[PROGRESS] vows_age -> ok
+ '[' ok = ok ']'
+ return 0
+ run_canon phasehead bash scripts/gates/phase_head_gate.sh
+ local organ=phasehead
+ shift
++ date -u +%Y-%m-%dT%H:%M:%SZ
+ local ts=2025-09-22T20:35:53Z
+ local buf rc
++ mktemp
+ buf=/tmp/tmp.WUxV9Q3h6g
+ rc=0
+ set +e
+ bash scripts/meta/timeout_run.sh 900 bash scripts/gates/phase_head_gate.sh
+ rc=0
+ set -e
+ local status=ok
+ local err=-
+ '[' 0 -ne 0 ']'
+ echo 'phasehead	ok	2025-09-22T20:35:53Z	-'
phasehead	ok	2025-09-22T20:35:53Z	-
+ cat /tmp/tmp.WUxV9Q3h6g
[PHASE] ok latest points to phase_next_20250915_232012Z.sha
+ rm -f /tmp/tmp.WUxV9Q3h6g
+ bash scripts/meta/progress_update.sh phasehead ok -
[PROGRESS] phasehead -> ok
+ '[' ok = ok ']'
+ return 0
+ run_canon ckm bash scripts/gates/ckm_unitary_gate.sh
+ local organ=ckm
+ shift
++ date -u +%Y-%m-%dT%H:%M:%SZ
+ local ts=2025-09-22T20:35:54Z
+ local buf rc
++ mktemp
+ buf=/tmp/tmp.eol1bK8Que
+ rc=0
+ set +e
+ bash scripts/meta/timeout_run.sh 900 bash scripts/gates/ckm_unitary_gate.sh
+ rc=3
+ set -e
+ local status=ok
+ local err=-
+ '[' 3 -ne 0 ']'
+ status=fail
++ grep -m1 -E .+ /tmp/tmp.eol1bK8Que
++ head -c 180
++ tr '\t' ' '
+ err='[CKM] need 3 numeric rows with 3 columns'
+ '[' -z '[CKM] need 3 numeric rows with 3 columns' ']'
+ echo 'ckm	fail	2025-09-22T20:35:54Z	[CKM] need 3 numeric rows with 3 columns'
ckm	fail	2025-09-22T20:35:54Z	[CKM] need 3 numeric rows with 3 columns
+ cat /tmp/tmp.eol1bK8Que
[CKM] need 3 numeric rows with 3 columns
+ rm -f /tmp/tmp.eol1bK8Que
+ bash scripts/meta/progress_update.sh ckm fail '[CKM] need 3 numeric rows with 3 columns'
[PROGRESS] ckm -> fail
+ '[' fail = ok ']'
+ echo '[HAMMER] ckm failed'
[HAMMER] ckm failed
+ return 0
++ date -u +%Y%m%dT%H%M%SZ
+ run_canon capsules bash scripts/meta/capsule_families.sh auto-20250922T203554Z
+ local organ=capsules
+ shift
++ date -u +%Y-%m-%dT%H:%M:%SZ
+ local ts=2025-09-22T20:35:54Z
+ local buf rc
++ mktemp
+ buf=/tmp/tmp.cR2A2tu8Jd
+ rc=0
+ set +e
+ bash scripts/meta/timeout_run.sh 900 bash scripts/meta/capsule_families.sh auto-20250922T203554Z
+ rc=0
+ set -e
+ local status=ok
+ local err=-
+ '[' 0 -ne 0 ']'
+ echo 'capsules	ok	2025-09-22T20:35:54Z	-'
capsules	ok	2025-09-22T20:35:54Z	-
+ cat /tmp/tmp.cR2A2tu8Jd
[CAP] double_zero.json
[CAP] confirm_double_zero_stable.json
[CAP] atlas_11a1_ap.tsv
[CAP] ledger_ap.json
[CAP] geom_proof.dot
[CAP] tanh_lineage.json
merkle_root=f7260593fef7001f2cee453880461a170b7cf4b57260cd443af2c5cb552d429e
[CAPSEAL] indexed auto auto-20250922T203554Z
[CAP] wrote /c/Users/Cody/Desktop/tau_crystal/tau_crystal/analysis/capsules/auto-20250922T203554Z
[CAP] wrote analysis/capsules/auto-20250922T203554Z
+ rm -f /tmp/tmp.cR2A2tu8Jd
+ bash scripts/meta/progress_update.sh capsules ok -
[PROGRESS] capsules -> ok
+ '[' ok = ok ']'
+ return 0
+ run_canon morpho bash scripts/morpho/enforce_all_boundaries.sh
+ local organ=morpho
+ shift
++ date -u +%Y-%m-%dT%H:%M:%SZ
+ local ts=2025-09-22T20:35:57Z
+ local buf rc
++ mktemp
+ buf=/tmp/tmp.rhG8sI0Nip
+ rc=0
+ set +e
+ bash scripts/meta/timeout_run.sh 900 bash scripts/morpho/enforce_all_boundaries.sh
+ rc=0
+ set -e
+ local status=ok
+ local err=-
+ '[' 0 -ne 0 ']'
+ echo 'morpho	ok	2025-09-22T20:35:57Z	-'
morpho	ok	2025-09-22T20:35:57Z	-
+ cat /tmp/tmp.rhG8sI0Nip
[BOUNDARY] ok run_20250919T203332Z_02e43a2b71
[BOUNDARY] ok run_20250919T211551Z_02e43a2b71
[BOUNDARY] ok run_20250919T212153Z_02e43a2b71
[BOUNDARY] ok run_20250919T212957Z_02e43a2b71
[BOUNDARY] ok run_20250919T213158Z_02e43a2b71
[BOUNDARY] ok run_20250919T220649Z_42dce71f7c
[BOUNDARY] ok run_20250919T221330Z_51118aba6e
+ rm -f /tmp/tmp.rhG8sI0Nip
+ bash scripts/meta/progress_update.sh morpho ok -
[PROGRESS] morpho -> ok
+ '[' ok = ok ']'
+ return 0
+ '[' -x scripts/meta/build_provenance_map.sh ']'
+ run_canon provenance bash scripts/meta/build_provenance_map.sh
+ local organ=provenance
+ shift
++ date -u +%Y-%m-%dT%H:%M:%SZ
+ local ts=2025-09-22T20:35:58Z
+ local buf rc
++ mktemp
+ buf=/tmp/tmp.nQi2mQkrX9
+ rc=0
+ set +e
+ bash scripts/meta/timeout_run.sh 900 bash scripts/meta/build_provenance_map.sh
+ rc=0
+ set -e
+ local status=ok
+ local err=-
+ '[' 0 -ne 0 ']'
+ echo 'provenance	ok	2025-09-22T20:35:58Z	-'
provenance	ok	2025-09-22T20:35:58Z	-
+ cat /tmp/tmp.nQi2mQkrX9
+ rm -f /tmp/tmp.nQi2mQkrX9
+ bash scripts/meta/progress_update.sh provenance ok -
[PROGRESS] provenance -> ok
+ '[' ok = ok ']'
+ return 0
+ '[' -x scripts/gates/gen_gates_report.sh ']'
+ run_canon gates bash scripts/gates/gen_gates_report.sh
+ local organ=gates
+ shift
++ date -u +%Y-%m-%dT%H:%M:%SZ
+ local ts=2025-09-22T20:37:05Z
+ local buf rc
++ mktemp
+ buf=/tmp/tmp.q5mSJKl0XI
+ rc=0
+ set +e
+ bash scripts/meta/timeout_run.sh 900 bash scripts/gates/gen_gates_report.sh
+ rc=0
+ set -e
+ local status=ok
+ local err=-
+ '[' 0 -ne 0 ']'
+ echo 'gates	ok	2025-09-22T20:37:05Z	-'
gates	ok	2025-09-22T20:37:05Z	-
+ cat /tmp/tmp.q5mSJKl0XI
[GATES] wrote .tau_ledger/gates/report.20250922T203705Z.txt
+ rm -f /tmp/tmp.q5mSJKl0XI
+ bash scripts/meta/progress_update.sh gates ok -
[PROGRESS] gates -> ok
+ '[' ok = ok ']'
+ return 0
++ date -u +%Y-%m-%dT%H:%M:%SZ
+ echo '=== OPS hammer end (2025-09-22T20:37:05Z) ==='
=== OPS hammer end (2025-09-22T20:37:05Z) ===
+ echo

+ echo '=== Progress table ==='
=== Progress table ===
+ bash scripts/meta/progress_print.sh
organ            status  last_ok_utc           last_error
vows             ok      2025-09-22T20:35:52Z  -
phasehead        ok      2025-09-22T20:35:54Z  -
ckm              fail    2025-09-22T19:04:32Z  [CKM]
capsules         ok      2025-09-22T20:35:57Z  -
morpho           ok      2025-09-22T20:35:58Z  -
provenance       ok      2025-09-22T20:37:05Z  -
gates            ok      2025-09-22T20:37:05Z  -
vows_age         ok      2025-09-22T20:35:53Z  -
capsules_verify  fail    [CAPVERIFY]           mismatch
+ grep -q -E '	fail	' analysis/progress.tsv
+ echo '[OPS] one or more organs are red; exiting 1'
[OPS] one or more organs are red; exiting 1
+ exit 1
