+ source scripts/ops/seed_init.sh
++ set -euo pipefail
++ umask 022
++ '[' 0 = 1 ']'
+++ date +%s%N
+++ sha256sum
+++ cut -c1-16
++ SEED=22a39332309d971e
++ export SEED PYTHONHASHSEED=22a39332309d971e
++ PYTHONHASHSEED=22a39332309d971e
++ mkdir -p .tau_ledger/seeds
++ echo 22a39332309d971e
+++ date -u +%Y%m%dT%H%M%SZ
++ export SEED_INIT=1
++ SEED_INIT=1
++ echo '[SEED] 22a39332309d971e'
[SEED] 22a39332309d971e
+ set -euo pipefail
+ umask 022
+++ dirname scripts/ops/next_hammer.sh
++ cd scripts/ops/../..
++ pwd
+ ROOT=/c/Users/Cody/Desktop/tau_crystal/tau_crystal
+ cd /c/Users/Cody/Desktop/tau_crystal/tau_crystal
+ export LC_ALL=C
+ LC_ALL=C
+ export PYTHONHASHSEED=0
+ PYTHONHASHSEED=0
+ '[' -f .tau_env ']'
+ NEXT_TIMEOUT=900
++ date -u +%Y-%m-%dT%H:%M:%SZ
+ echo '=== OPS hammer start (2025-09-22T21:16:17Z) ==='
=== OPS hammer start (2025-09-22T21:16:17Z) ===
+ run_canon vows bash scripts/gates/vows_gate.sh
+ local organ=vows
+ shift
++ date -u +%Y-%m-%dT%H:%M:%SZ
+ local ts=2025-09-22T21:16:17Z
+ local buf rc
++ mktemp
+ buf=/tmp/tmp.0L47rfUdcO
+ rc=0
+ set +e
+ bash scripts/meta/timeout_run.sh 900 bash scripts/gates/vows_gate.sh
+ rc=0
+ set -e
+ local status=ok
+ local err=-
+ '[' 0 -ne 0 ']'
+ echo 'vows	ok	2025-09-22T21:16:17Z	-'
vows	ok	2025-09-22T21:16:17Z	-
+ cat /tmp/tmp.0L47rfUdcO
vows	ok	2025-09-22T21:16:17Z	-
+ rm -f /tmp/tmp.0L47rfUdcO
+ bash scripts/meta/progress_update.sh vows ok -
[PROGRESS] vows -> ok
+ '[' ok = ok ']'
+ return 0
+ run_canon vows_age bash scripts/gates/vows_age_gate.sh
+ local organ=vows_age
+ shift
++ date -u +%Y-%m-%dT%H:%M:%SZ
+ local ts=2025-09-22T21:16:17Z
+ local buf rc
++ mktemp
+ buf=/tmp/tmp.CYmRIUNMvX
+ rc=0
+ set +e
+ bash scripts/meta/timeout_run.sh 900 bash scripts/gates/vows_age_gate.sh
+ rc=0
+ set -e
+ local status=ok
+ local err=-
+ '[' 0 -ne 0 ']'
+ echo 'vows_age	ok	2025-09-22T21:16:17Z	-'
vows_age	ok	2025-09-22T21:16:17Z	-
+ cat /tmp/tmp.CYmRIUNMvX
[VOWS] ok (all open vows within 30d)
+ rm -f /tmp/tmp.CYmRIUNMvX
+ bash scripts/meta/progress_update.sh vows_age ok -
[PROGRESS] vows_age -> ok
+ '[' ok = ok ']'
+ return 0
+ run_canon phasehead bash scripts/gates/phase_head_gate.sh
+ local organ=phasehead
+ shift
++ date -u +%Y-%m-%dT%H:%M:%SZ
+ local ts=2025-09-22T21:16:18Z
+ local buf rc
++ mktemp
+ buf=/tmp/tmp.9fFcPs8Xgu
+ rc=0
+ set +e
+ bash scripts/meta/timeout_run.sh 900 bash scripts/gates/phase_head_gate.sh
+ rc=0
+ set -e
+ local status=ok
+ local err=-
+ '[' 0 -ne 0 ']'
+ echo 'phasehead	ok	2025-09-22T21:16:18Z	-'
phasehead	ok	2025-09-22T21:16:18Z	-
+ cat /tmp/tmp.9fFcPs8Xgu
[PHASE] ok latest points to phase_next_20250915_232012Z.sha
+ rm -f /tmp/tmp.9fFcPs8Xgu
+ bash scripts/meta/progress_update.sh phasehead ok -
[PROGRESS] phasehead -> ok
+ '[' ok = ok ']'
+ return 0
+ run_canon ckm bash scripts/gates/ckm_unitary_gate.sh
+ local organ=ckm
+ shift
++ date -u +%Y-%m-%dT%H:%M:%SZ
+ local ts=2025-09-22T21:16:19Z
+ local buf rc
++ mktemp
+ buf=/tmp/tmp.8ZStw1PC2j
+ rc=0
+ set +e
+ bash scripts/meta/timeout_run.sh 900 bash scripts/gates/ckm_unitary_gate.sh
+ rc=0
+ set -e
+ local status=ok
+ local err=-
+ '[' 0 -ne 0 ']'
+ echo 'ckm	ok	2025-09-22T21:16:19Z	-'
ckm	ok	2025-09-22T21:16:19Z	-
+ cat /tmp/tmp.8ZStw1PC2j
[CKM] ok unitary within tol=1e-6
+ rm -f /tmp/tmp.8ZStw1PC2j
+ bash scripts/meta/progress_update.sh ckm ok -
[PROGRESS] ckm -> ok
+ '[' ok = ok ']'
+ return 0
++ date -u +%Y%m%dT%H%M%SZ
+ run_canon capsules bash scripts/meta/capsule_families.sh auto-20250922T211619Z
+ local organ=capsules
+ shift
++ date -u +%Y-%m-%dT%H:%M:%SZ
+ local ts=2025-09-22T21:16:19Z
+ local buf rc
++ mktemp
+ buf=/tmp/tmp.9opoo4zZDn
+ rc=0
+ set +e
+ bash scripts/meta/timeout_run.sh 900 bash scripts/meta/capsule_families.sh auto-20250922T211619Z
+ rc=0
+ set -e
+ local status=ok
+ local err=-
+ '[' 0 -ne 0 ']'
+ echo 'capsules	ok	2025-09-22T21:16:19Z	-'
capsules	ok	2025-09-22T21:16:19Z	-
+ cat /tmp/tmp.9opoo4zZDn
[CAP] double_zero.json
[CAP] confirm_double_zero_stable.json
[CAP] atlas_11a1_ap.tsv
[CAP] ledger_ap.json
[CAP] geom_proof.dot
[CAP] tanh_lineage.json
merkle_root=c6c465137d65ba2d6f6aceda1f2688259695304bd172037ee7ac71113c79726c
[CAPSEAL] indexed auto auto-20250922T211619Z
[CAP] wrote /c/Users/Cody/Desktop/tau_crystal/tau_crystal/analysis/capsules/auto-20250922T211619Z
[CAP] wrote analysis/capsules/auto-20250922T211619Z
+ rm -f /tmp/tmp.9opoo4zZDn
+ bash scripts/meta/progress_update.sh capsules ok -
[PROGRESS] capsules -> ok
+ '[' ok = ok ']'
+ return 0
+ run_canon morpho bash scripts/morpho/enforce_all_boundaries.sh
+ local organ=morpho
+ shift
++ date -u +%Y-%m-%dT%H:%M:%SZ
+ local ts=2025-09-22T21:16:22Z
+ local buf rc
++ mktemp
+ buf=/tmp/tmp.OqHe0AWuhy
+ rc=0
+ set +e
+ bash scripts/meta/timeout_run.sh 900 bash scripts/morpho/enforce_all_boundaries.sh
+ rc=0
+ set -e
+ local status=ok
+ local err=-
+ '[' 0 -ne 0 ']'
+ echo 'morpho	ok	2025-09-22T21:16:22Z	-'
morpho	ok	2025-09-22T21:16:22Z	-
+ cat /tmp/tmp.OqHe0AWuhy
[BOUNDARY] ok run_20250919T203332Z_02e43a2b71
[BOUNDARY] ok run_20250919T211551Z_02e43a2b71
[BOUNDARY] ok run_20250919T212153Z_02e43a2b71
[BOUNDARY] ok run_20250919T212957Z_02e43a2b71
[BOUNDARY] ok run_20250919T213158Z_02e43a2b71
[BOUNDARY] ok run_20250919T220649Z_42dce71f7c
[BOUNDARY] ok run_20250919T221330Z_51118aba6e
+ rm -f /tmp/tmp.OqHe0AWuhy
+ bash scripts/meta/progress_update.sh morpho ok -
[PROGRESS] morpho -> ok
+ '[' ok = ok ']'
+ return 0
+ '[' -x scripts/meta/build_provenance_map.sh ']'
+ run_canon provenance bash scripts/meta/build_provenance_map.sh
+ local organ=provenance
+ shift
++ date -u +%Y-%m-%dT%H:%M:%SZ
+ local ts=2025-09-22T21:16:23Z
+ local buf rc
++ mktemp
+ buf=/tmp/tmp.B7Jkr4XeVk
+ rc=0
+ set +e
+ bash scripts/meta/timeout_run.sh 900 bash scripts/meta/build_provenance_map.sh
+ rc=0
+ set -e
+ local status=ok
+ local err=-
+ '[' 0 -ne 0 ']'
+ echo 'provenance	ok	2025-09-22T21:16:23Z	-'
provenance	ok	2025-09-22T21:16:23Z	-
+ cat /tmp/tmp.B7Jkr4XeVk
+ rm -f /tmp/tmp.B7Jkr4XeVk
+ bash scripts/meta/progress_update.sh provenance ok -
[PROGRESS] provenance -> ok
+ '[' ok = ok ']'
+ return 0
+ '[' -x scripts/gates/gen_gates_report.sh ']'
+ run_canon gates bash scripts/gates/gen_gates_report.sh
+ local organ=gates
+ shift
++ date -u +%Y-%m-%dT%H:%M:%SZ
+ local ts=2025-09-22T21:17:32Z
+ local buf rc
++ mktemp
+ buf=/tmp/tmp.sRwijEXxka
+ rc=0
+ set +e
+ bash scripts/meta/timeout_run.sh 900 bash scripts/gates/gen_gates_report.sh
+ rc=0
+ set -e
+ local status=ok
+ local err=-
+ '[' 0 -ne 0 ']'
+ echo 'gates	ok	2025-09-22T21:17:32Z	-'
gates	ok	2025-09-22T21:17:32Z	-
+ cat /tmp/tmp.sRwijEXxka
[GATES] wrote .tau_ledger/gates/report.20250922T211732Z.txt
+ rm -f /tmp/tmp.sRwijEXxka
+ bash scripts/meta/progress_update.sh gates ok -
[PROGRESS] gates -> ok
+ '[' ok = ok ']'
+ return 0
++ date -u +%Y-%m-%dT%H:%M:%SZ
+ echo '=== OPS hammer end (2025-09-22T21:17:33Z) ==='
=== OPS hammer end (2025-09-22T21:17:33Z) ===
+ echo

+ echo '=== Progress table ==='
=== Progress table ===
+ bash scripts/meta/progress_print.sh
organ            status  last_ok_utc           last_error
vows             ok      2025-09-22T21:16:17Z  -
phasehead        ok      2025-09-22T21:16:19Z  -
ckm              ok      2025-09-22T21:16:19Z  -
capsules         ok      2025-09-22T21:16:22Z  -
morpho           ok      2025-09-22T21:16:23Z  -
provenance       ok      2025-09-22T21:17:32Z  -
gates            ok      2025-09-22T21:17:33Z  -
vows_age         ok      2025-09-22T21:16:18Z  -
capsules_verify  fail    [CAPVERIFY]           mismatch
+ grep -q -E '	fail	' analysis/progress.tsv
+ echo '[OPS] one or more organs are red; exiting 1'
[OPS] one or more organs are red; exiting 1
+ exit 1
