+ source scripts/ops/seed_init.sh
++ set -euo pipefail
++ umask 022
++ '[' 0 = 1 ']'
+++ date +%s%N
+++ sha256sum
+++ cut -c1-16
++ SEED=26b52c6ac29fc199
++ export SEED PYTHONHASHSEED=26b52c6ac29fc199
++ PYTHONHASHSEED=26b52c6ac29fc199
++ mkdir -p .tau_ledger/seeds
++ echo 26b52c6ac29fc199
+++ date -u +%Y%m%dT%H%M%SZ
++ export SEED_INIT=1
++ SEED_INIT=1
++ echo '[SEED] 26b52c6ac29fc199'
[SEED] 26b52c6ac29fc199
+ set -euo pipefail
+ umask 022
+++ dirname scripts/ops/next_hammer.sh
++ cd scripts/ops/../..
++ pwd
+ ROOT=/c/Users/Cody/Desktop/tau_crystal/tau_crystal
+ cd /c/Users/Cody/Desktop/tau_crystal/tau_crystal
+ export LC_ALL=C
+ LC_ALL=C
+ export PYTHONHASHSEED=0
+ PYTHONHASHSEED=0
+ '[' -f .tau_env ']'
+ NEXT_TIMEOUT=900
++ date -u +%Y-%m-%dT%H:%M:%SZ
+ echo '=== OPS hammer start (2025-09-22T21:39:46Z) ==='
=== OPS hammer start (2025-09-22T21:39:46Z) ===
+ run_canon vows bash scripts/gates/vows_gate.sh
+ local organ=vows
+ shift
++ date -u +%Y-%m-%dT%H:%M:%SZ
+ local ts=2025-09-22T21:39:46Z
+ local buf rc
++ mktemp
+ buf=/tmp/tmp.PSoKhjPQpf
+ rc=0
+ set +e
+ bash scripts/meta/timeout_run.sh 900 bash scripts/gates/vows_gate.sh
+ rc=0
+ set -e
+ local status=ok
+ local err=-
+ '[' 0 -ne 0 ']'
+ echo 'vows	ok	2025-09-22T21:39:46Z	-'
vows	ok	2025-09-22T21:39:46Z	-
+ cat /tmp/tmp.PSoKhjPQpf
vows	ok	2025-09-22T21:39:47Z	-
+ rm -f /tmp/tmp.PSoKhjPQpf
+ bash scripts/meta/progress_update.sh vows ok -
[PROGRESS] vows -> ok
+ '[' ok = ok ']'
+ return 0
+ run_canon vows_age bash scripts/gates/vows_age_gate.sh
+ local organ=vows_age
+ shift
++ date -u +%Y-%m-%dT%H:%M:%SZ
+ local ts=2025-09-22T21:39:47Z
+ local buf rc
++ mktemp
+ buf=/tmp/tmp.IuWtGZPC1p
+ rc=0
+ set +e
+ bash scripts/meta/timeout_run.sh 900 bash scripts/gates/vows_age_gate.sh
+ rc=0
+ set -e
+ local status=ok
+ local err=-
+ '[' 0 -ne 0 ']'
+ echo 'vows_age	ok	2025-09-22T21:39:47Z	-'
vows_age	ok	2025-09-22T21:39:47Z	-
+ cat /tmp/tmp.IuWtGZPC1p
[VOWS] ok (all open vows within 30d)
+ rm -f /tmp/tmp.IuWtGZPC1p
+ bash scripts/meta/progress_update.sh vows_age ok -
[PROGRESS] vows_age -> ok
+ '[' ok = ok ']'
+ return 0
+ run_canon phasehead bash scripts/gates/phase_head_gate.sh
+ local organ=phasehead
+ shift
++ date -u +%Y-%m-%dT%H:%M:%SZ
+ local ts=2025-09-22T21:39:48Z
+ local buf rc
++ mktemp
+ buf=/tmp/tmp.yZqClQLKQV
+ rc=0
+ set +e
+ bash scripts/meta/timeout_run.sh 900 bash scripts/gates/phase_head_gate.sh
+ rc=0
+ set -e
+ local status=ok
+ local err=-
+ '[' 0 -ne 0 ']'
+ echo 'phasehead	ok	2025-09-22T21:39:48Z	-'
phasehead	ok	2025-09-22T21:39:48Z	-
+ cat /tmp/tmp.yZqClQLKQV
[PHASE] ok latest points to phase_next_20250915_232012Z.sha
+ rm -f /tmp/tmp.yZqClQLKQV
+ bash scripts/meta/progress_update.sh phasehead ok -
[PROGRESS] phasehead -> ok
+ '[' ok = ok ']'
+ return 0
+ run_canon ckm bash scripts/gates/ckm_unitary_gate.sh
+ local organ=ckm
+ shift
++ date -u +%Y-%m-%dT%H:%M:%SZ
+ local ts=2025-09-22T21:39:48Z
+ local buf rc
++ mktemp
+ buf=/tmp/tmp.SoPD9xzcay
+ rc=0
+ set +e
+ bash scripts/meta/timeout_run.sh 900 bash scripts/gates/ckm_unitary_gate.sh
+ rc=0
+ set -e
+ local status=ok
+ local err=-
+ '[' 0 -ne 0 ']'
+ echo 'ckm	ok	2025-09-22T21:39:48Z	-'
ckm	ok	2025-09-22T21:39:48Z	-
+ cat /tmp/tmp.SoPD9xzcay
[CKM] ok unitary within tol=1e-6
+ rm -f /tmp/tmp.SoPD9xzcay
+ bash scripts/meta/progress_update.sh ckm ok -
[PROGRESS] ckm -> ok
+ '[' ok = ok ']'
+ return 0
++ date -u +%Y%m%dT%H%M%SZ
+ run_canon capsules bash scripts/meta/capsule_families.sh auto-20250922T213949Z
+ local organ=capsules
+ shift
++ date -u +%Y-%m-%dT%H:%M:%SZ
+ local ts=2025-09-22T21:39:49Z
+ local buf rc
++ mktemp
+ buf=/tmp/tmp.GuAc7m3SCt
+ rc=0
+ set +e
+ bash scripts/meta/timeout_run.sh 900 bash scripts/meta/capsule_families.sh auto-20250922T213949Z
+ rc=0
+ set -e
+ local status=ok
+ local err=-
+ '[' 0 -ne 0 ']'
+ echo 'capsules	ok	2025-09-22T21:39:49Z	-'
capsules	ok	2025-09-22T21:39:49Z	-
+ cat /tmp/tmp.GuAc7m3SCt
[CAP] double_zero.json
[CAP] confirm_double_zero_stable.json
[CAP] atlas_11a1_ap.tsv
[CAP] ledger_ap.json
[CAP] geom_proof.dot
[CAP] tanh_lineage.json
merkle_root=7033e99e098e9d25c649ba91bcf8a3f3917188fcf2a2e9557a6ea9975d9218e5
[CAPSEAL] indexed auto auto-20250922T213949Z
[CAP] wrote /c/Users/Cody/Desktop/tau_crystal/tau_crystal/analysis/capsules/auto-20250922T213949Z
[CAP] wrote analysis/capsules/auto-20250922T213949Z
+ rm -f /tmp/tmp.GuAc7m3SCt
+ bash scripts/meta/progress_update.sh capsules ok -
[PROGRESS] capsules -> ok
+ '[' ok = ok ']'
+ return 0
+ run_canon morpho bash scripts/morpho/enforce_all_boundaries.sh
+ local organ=morpho
+ shift
++ date -u +%Y-%m-%dT%H:%M:%SZ
+ local ts=2025-09-22T21:39:52Z
+ local buf rc
++ mktemp
+ buf=/tmp/tmp.y2eJJb2lis
+ rc=0
+ set +e
+ bash scripts/meta/timeout_run.sh 900 bash scripts/morpho/enforce_all_boundaries.sh
+ rc=0
+ set -e
+ local status=ok
+ local err=-
+ '[' 0 -ne 0 ']'
+ echo 'morpho	ok	2025-09-22T21:39:52Z	-'
morpho	ok	2025-09-22T21:39:52Z	-
+ cat /tmp/tmp.y2eJJb2lis
[BOUNDARY] ok run_20250919T203332Z_02e43a2b71
[BOUNDARY] ok run_20250919T211551Z_02e43a2b71
[BOUNDARY] ok run_20250919T212153Z_02e43a2b71
[BOUNDARY] ok run_20250919T212957Z_02e43a2b71
[BOUNDARY] ok run_20250919T213158Z_02e43a2b71
[BOUNDARY] ok run_20250919T220649Z_42dce71f7c
[BOUNDARY] ok run_20250919T221330Z_51118aba6e
+ rm -f /tmp/tmp.y2eJJb2lis
+ bash scripts/meta/progress_update.sh morpho ok -
[PROGRESS] morpho -> ok
+ '[' ok = ok ']'
+ return 0
+ '[' -x scripts/meta/build_provenance_map.sh ']'
+ run_canon provenance bash scripts/meta/build_provenance_map.sh
+ local organ=provenance
+ shift
++ date -u +%Y-%m-%dT%H:%M:%SZ
+ local ts=2025-09-22T21:39:53Z
+ local buf rc
++ mktemp
+ buf=/tmp/tmp.KjJvkQ9jRk
+ rc=0
+ set +e
+ bash scripts/meta/timeout_run.sh 900 bash scripts/meta/build_provenance_map.sh
+ rc=0
+ set -e
+ local status=ok
+ local err=-
+ '[' 0 -ne 0 ']'
+ echo 'provenance	ok	2025-09-22T21:39:53Z	-'
provenance	ok	2025-09-22T21:39:53Z	-
+ cat /tmp/tmp.KjJvkQ9jRk
+ rm -f /tmp/tmp.KjJvkQ9jRk
+ bash scripts/meta/progress_update.sh provenance ok -
[PROGRESS] provenance -> ok
+ '[' ok = ok ']'
+ return 0
+ '[' -x scripts/gates/gen_gates_report.sh ']'
+ run_canon gates bash scripts/gates/gen_gates_report.sh
+ local organ=gates
+ shift
++ date -u +%Y-%m-%dT%H:%M:%SZ
+ local ts=2025-09-22T21:40:59Z
+ local buf rc
++ mktemp
+ buf=/tmp/tmp.fitgtoTscr
+ rc=0
+ set +e
+ bash scripts/meta/timeout_run.sh 900 bash scripts/gates/gen_gates_report.sh
+ rc=0
+ set -e
+ local status=ok
+ local err=-
+ '[' 0 -ne 0 ']'
+ echo 'gates	ok	2025-09-22T21:40:59Z	-'
gates	ok	2025-09-22T21:40:59Z	-
+ cat /tmp/tmp.fitgtoTscr
[GATES] wrote .tau_ledger/gates/report.20250922T214100Z.txt
+ rm -f /tmp/tmp.fitgtoTscr
+ bash scripts/meta/progress_update.sh gates ok -
[PROGRESS] gates -> ok
+ '[' ok = ok ']'
+ return 0
++ date -u +%Y-%m-%dT%H:%M:%SZ
+ echo '=== OPS hammer end (2025-09-22T21:41:00Z) ==='
=== OPS hammer end (2025-09-22T21:41:00Z) ===
+ echo

+ echo '=== Progress table ==='
=== Progress table ===
+ bash scripts/meta/progress_print.sh
organ            status  last_ok_utc           last_error
vows             ok      2025-09-22T21:39:47Z  -
phasehead        ok      2025-09-22T21:39:48Z  -
ckm              ok      2025-09-22T21:39:49Z  -
capsules         ok      2025-09-22T21:39:52Z  -
morpho           ok      2025-09-22T21:39:53Z  -
provenance       ok      2025-09-22T21:40:59Z  -
gates            ok      2025-09-22T21:41:00Z  -
vows_age         ok      2025-09-22T21:39:48Z  -
capsules_verify  fail    [CAPVERIFY]           mismatch
+ grep -q -E '	fail	' analysis/progress.tsv
+ echo '[OPS] one or more organs are red; exiting 1'
[OPS] one or more organs are red; exiting 1
+ exit 1
