+ source scripts/ops/seed_init.sh
++ set -euo pipefail
++ umask 022
++ '[' 0 = 1 ']'
+++ date +%s%N
+++ sha256sum
+++ cut -c1-16
++ SEED=2b25a2efae7d0946
++ export SEED PYTHONHASHSEED=2b25a2efae7d0946
++ PYTHONHASHSEED=2b25a2efae7d0946
++ mkdir -p .tau_ledger/seeds
++ echo 2b25a2efae7d0946
+++ date -u +%Y%m%dT%H%M%SZ
++ export SEED_INIT=1
++ SEED_INIT=1
++ echo '[SEED] 2b25a2efae7d0946'
[SEED] 2b25a2efae7d0946
+ set -euo pipefail
+ umask 022
+++ dirname scripts/ops/next_hammer.sh
++ cd scripts/ops/../..
++ pwd
+ ROOT=/c/Users/Cody/Desktop/tau_crystal/tau_crystal
+ cd /c/Users/Cody/Desktop/tau_crystal/tau_crystal
+ export LC_ALL=C
+ LC_ALL=C
+ export PYTHONHASHSEED=0
+ PYTHONHASHSEED=0
+ '[' -f .tau_env ']'
+ NEXT_TIMEOUT=900
++ date -u +%Y-%m-%dT%H:%M:%SZ
+ echo '=== OPS hammer start (2025-09-22T21:51:35Z) ==='
=== OPS hammer start (2025-09-22T21:51:35Z) ===
+ run_canon vows bash scripts/gates/vows_gate.sh
+ local organ=vows
+ shift
++ date -u +%Y-%m-%dT%H:%M:%SZ
+ local ts=2025-09-22T21:51:35Z
+ local buf rc
++ mktemp
+ buf=/tmp/tmp.eaB1VWteEY
+ rc=0
+ set +e
+ bash scripts/meta/timeout_run.sh 900 bash scripts/gates/vows_gate.sh
+ rc=0
+ set -e
+ local status=ok
+ local err=-
+ '[' 0 -ne 0 ']'
+ echo 'vows	ok	2025-09-22T21:51:35Z	-'
vows	ok	2025-09-22T21:51:35Z	-
+ cat /tmp/tmp.eaB1VWteEY
vows	ok	2025-09-22T21:51:35Z	-
+ rm -f /tmp/tmp.eaB1VWteEY
+ bash scripts/meta/progress_update.sh vows ok -
[PROGRESS] vows -> ok
+ '[' ok = ok ']'
+ return 0
+ run_canon vows_age bash scripts/gates/vows_age_gate.sh
+ local organ=vows_age
+ shift
++ date -u +%Y-%m-%dT%H:%M:%SZ
+ local ts=2025-09-22T21:51:35Z
+ local buf rc
++ mktemp
+ buf=/tmp/tmp.zrCEd4wJ1N
+ rc=0
+ set +e
+ bash scripts/meta/timeout_run.sh 900 bash scripts/gates/vows_age_gate.sh
+ rc=0
+ set -e
+ local status=ok
+ local err=-
+ '[' 0 -ne 0 ']'
+ echo 'vows_age	ok	2025-09-22T21:51:35Z	-'
vows_age	ok	2025-09-22T21:51:35Z	-
+ cat /tmp/tmp.zrCEd4wJ1N
[VOWS] ok (all open vows within 30d)
+ rm -f /tmp/tmp.zrCEd4wJ1N
+ bash scripts/meta/progress_update.sh vows_age ok -
[PROGRESS] vows_age -> ok
+ '[' ok = ok ']'
+ return 0
+ run_canon phasehead bash scripts/gates/phase_head_gate.sh
+ local organ=phasehead
+ shift
++ date -u +%Y-%m-%dT%H:%M:%SZ
+ local ts=2025-09-22T21:51:36Z
+ local buf rc
++ mktemp
+ buf=/tmp/tmp.wRmbexNo3f
+ rc=0
+ set +e
+ bash scripts/meta/timeout_run.sh 900 bash scripts/gates/phase_head_gate.sh
+ rc=0
+ set -e
+ local status=ok
+ local err=-
+ '[' 0 -ne 0 ']'
+ echo 'phasehead	ok	2025-09-22T21:51:36Z	-'
phasehead	ok	2025-09-22T21:51:36Z	-
+ cat /tmp/tmp.wRmbexNo3f
[PHASE] ok latest points to phase_next_20250915_232012Z.sha
+ rm -f /tmp/tmp.wRmbexNo3f
+ bash scripts/meta/progress_update.sh phasehead ok -
[PROGRESS] phasehead -> ok
+ '[' ok = ok ']'
+ return 0
+ run_canon ckm bash scripts/gates/ckm_unitary_gate.sh
+ local organ=ckm
+ shift
++ date -u +%Y-%m-%dT%H:%M:%SZ
+ local ts=2025-09-22T21:51:37Z
+ local buf rc
++ mktemp
+ buf=/tmp/tmp.sOsaxXkPmC
+ rc=0
+ set +e
+ bash scripts/meta/timeout_run.sh 900 bash scripts/gates/ckm_unitary_gate.sh
+ rc=0
+ set -e
+ local status=ok
+ local err=-
+ '[' 0 -ne 0 ']'
+ echo 'ckm	ok	2025-09-22T21:51:37Z	-'
ckm	ok	2025-09-22T21:51:37Z	-
+ cat /tmp/tmp.sOsaxXkPmC
[CKM] ok unitary within tol=1e-6
+ rm -f /tmp/tmp.sOsaxXkPmC
+ bash scripts/meta/progress_update.sh ckm ok -
[PROGRESS] ckm -> ok
+ '[' ok = ok ']'
+ return 0
++ date -u +%Y%m%dT%H%M%SZ
+ run_canon capsules bash scripts/meta/capsule_families.sh auto-20250922T215137Z
+ local organ=capsules
+ shift
++ date -u +%Y-%m-%dT%H:%M:%SZ
+ local ts=2025-09-22T21:51:37Z
+ local buf rc
++ mktemp
+ buf=/tmp/tmp.lnG7LWPPxM
+ rc=0
+ set +e
+ bash scripts/meta/timeout_run.sh 900 bash scripts/meta/capsule_families.sh auto-20250922T215137Z
+ rc=0
+ set -e
+ local status=ok
+ local err=-
+ '[' 0 -ne 0 ']'
+ echo 'capsules	ok	2025-09-22T21:51:37Z	-'
capsules	ok	2025-09-22T21:51:37Z	-
+ cat /tmp/tmp.lnG7LWPPxM
[CAP] double_zero.json
[CAP] confirm_double_zero_stable.json
[CAP] atlas_11a1_ap.tsv
[CAP] ledger_ap.json
[CAP] geom_proof.dot
[CAP] tanh_lineage.json
merkle_root=3a7c3f6e379b8f5dd91a72f45e847538933f5b90d4676e15be6b6b031fb1a210
[CAPSEAL] indexed auto auto-20250922T215137Z
[CAP] wrote /c/Users/Cody/Desktop/tau_crystal/tau_crystal/analysis/capsules/auto-20250922T215137Z
[CAP] wrote analysis/capsules/auto-20250922T215137Z
+ rm -f /tmp/tmp.lnG7LWPPxM
+ bash scripts/meta/progress_update.sh capsules ok -
[PROGRESS] capsules -> ok
+ '[' ok = ok ']'
+ return 0
+ run_canon morpho bash scripts/morpho/enforce_all_boundaries.sh
+ local organ=morpho
+ shift
++ date -u +%Y-%m-%dT%H:%M:%SZ
+ local ts=2025-09-22T21:51:40Z
+ local buf rc
++ mktemp
+ buf=/tmp/tmp.h9PV8iQ2bo
+ rc=0
+ set +e
+ bash scripts/meta/timeout_run.sh 900 bash scripts/morpho/enforce_all_boundaries.sh
+ rc=0
+ set -e
+ local status=ok
+ local err=-
+ '[' 0 -ne 0 ']'
+ echo 'morpho	ok	2025-09-22T21:51:40Z	-'
morpho	ok	2025-09-22T21:51:40Z	-
+ cat /tmp/tmp.h9PV8iQ2bo
[BOUNDARY] ok run_20250919T203332Z_02e43a2b71
[BOUNDARY] ok run_20250919T211551Z_02e43a2b71
[BOUNDARY] ok run_20250919T212153Z_02e43a2b71
[BOUNDARY] ok run_20250919T212957Z_02e43a2b71
[BOUNDARY] ok run_20250919T213158Z_02e43a2b71
[BOUNDARY] ok run_20250919T220649Z_42dce71f7c
[BOUNDARY] ok run_20250919T221330Z_51118aba6e
+ rm -f /tmp/tmp.h9PV8iQ2bo
+ bash scripts/meta/progress_update.sh morpho ok -
[PROGRESS] morpho -> ok
+ '[' ok = ok ']'
+ return 0
+ '[' -x scripts/meta/build_provenance_map.sh ']'
+ run_canon provenance bash scripts/meta/build_provenance_map.sh
+ local organ=provenance
+ shift
++ date -u +%Y-%m-%dT%H:%M:%SZ
+ local ts=2025-09-22T21:51:41Z
+ local buf rc
++ mktemp
+ buf=/tmp/tmp.bzGTdQGB1m
+ rc=0
+ set +e
+ bash scripts/meta/timeout_run.sh 900 bash scripts/meta/build_provenance_map.sh
+ rc=0
+ set -e
+ local status=ok
+ local err=-
+ '[' 0 -ne 0 ']'
+ echo 'provenance	ok	2025-09-22T21:51:41Z	-'
provenance	ok	2025-09-22T21:51:41Z	-
+ cat /tmp/tmp.bzGTdQGB1m
+ rm -f /tmp/tmp.bzGTdQGB1m
+ bash scripts/meta/progress_update.sh provenance ok -
[PROGRESS] provenance -> ok
+ '[' ok = ok ']'
+ return 0
+ '[' -x scripts/gates/gen_gates_report.sh ']'
+ run_canon gates bash scripts/gates/gen_gates_report.sh
+ local organ=gates
+ shift
++ date -u +%Y-%m-%dT%H:%M:%SZ
+ local ts=2025-09-22T21:52:48Z
+ local buf rc
++ mktemp
+ buf=/tmp/tmp.V325P5rf1p
+ rc=0
+ set +e
+ bash scripts/meta/timeout_run.sh 900 bash scripts/gates/gen_gates_report.sh
+ rc=0
+ set -e
+ local status=ok
+ local err=-
+ '[' 0 -ne 0 ']'
+ echo 'gates	ok	2025-09-22T21:52:48Z	-'
gates	ok	2025-09-22T21:52:48Z	-
+ cat /tmp/tmp.V325P5rf1p
[GATES] wrote .tau_ledger/gates/report.20250922T215248Z.txt
+ rm -f /tmp/tmp.V325P5rf1p
+ bash scripts/meta/progress_update.sh gates ok -
[PROGRESS] gates -> ok
+ '[' ok = ok ']'
+ return 0
++ date -u +%Y-%m-%dT%H:%M:%SZ
+ echo '=== OPS hammer end (2025-09-22T21:52:48Z) ==='
=== OPS hammer end (2025-09-22T21:52:48Z) ===
+ echo

+ echo '=== Progress table ==='
=== Progress table ===
+ bash scripts/meta/progress_print.sh
organ            status  last_ok_utc           last_error
vows             ok      2025-09-22T21:51:35Z  -
phasehead        ok      2025-09-22T21:51:37Z  -
ckm              ok      2025-09-22T21:51:37Z  -
capsules         ok      2025-09-22T21:51:40Z  -
morpho           ok      2025-09-22T21:51:41Z  -
provenance       ok      2025-09-22T21:52:48Z  -
gates            ok      2025-09-22T21:52:48Z  -
vows_age         ok      2025-09-22T21:51:36Z  -
capsules_verify  fail    [CAPVERIFY]           mismatch
+ grep -q -E '	fail	' analysis/progress.tsv
+ echo '[OPS] one or more organs are red; exiting 1'
[OPS] one or more organs are red; exiting 1
+ exit 1
