+ source scripts/ops/seed_init.sh
++ set -euo pipefail
++ umask 022
++ '[' 0 = 1 ']'
+++ date +%s%N
+++ sha256sum
+++ cut -c1-16
++ SEED=9fec9f9d6de43549
++ export SEED PYTHONHASHSEED=9fec9f9d6de43549
++ PYTHONHASHSEED=9fec9f9d6de43549
++ mkdir -p .tau_ledger/seeds
++ echo 9fec9f9d6de43549
+++ date -u +%Y%m%dT%H%M%SZ
++ export SEED_INIT=1
++ SEED_INIT=1
++ echo '[SEED] 9fec9f9d6de43549'
[SEED] 9fec9f9d6de43549
+ set -euo pipefail
+ umask 022
+++ dirname scripts/ops/next_hammer.sh
++ cd scripts/ops/../..
++ pwd
+ ROOT=/c/Users/Cody/Desktop/tau_crystal/tau_crystal
+ cd /c/Users/Cody/Desktop/tau_crystal/tau_crystal
+ export LC_ALL=C
+ LC_ALL=C
+ export PYTHONHASHSEED=0
+ PYTHONHASHSEED=0
+ '[' -f .tau_env ']'
+ NEXT_TIMEOUT=900
++ date -u +%Y-%m-%dT%H:%M:%SZ
+ echo '=== OPS hammer start (2025-09-22T21:45:41Z) ==='
=== OPS hammer start (2025-09-22T21:45:41Z) ===
+ run_canon vows bash scripts/gates/vows_gate.sh
+ local organ=vows
+ shift
++ date -u +%Y-%m-%dT%H:%M:%SZ
+ local ts=2025-09-22T21:45:41Z
+ local buf rc
++ mktemp
+ buf=/tmp/tmp.SWfERgkSjN
+ rc=0
+ set +e
+ bash scripts/meta/timeout_run.sh 900 bash scripts/gates/vows_gate.sh
+ rc=0
+ set -e
+ local status=ok
+ local err=-
+ '[' 0 -ne 0 ']'
+ echo 'vows	ok	2025-09-22T21:45:41Z	-'
vows	ok	2025-09-22T21:45:41Z	-
+ cat /tmp/tmp.SWfERgkSjN
vows	ok	2025-09-22T21:45:41Z	-
+ rm -f /tmp/tmp.SWfERgkSjN
+ bash scripts/meta/progress_update.sh vows ok -
[PROGRESS] vows -> ok
+ '[' ok = ok ']'
+ return 0
+ run_canon vows_age bash scripts/gates/vows_age_gate.sh
+ local organ=vows_age
+ shift
++ date -u +%Y-%m-%dT%H:%M:%SZ
+ local ts=2025-09-22T21:45:41Z
+ local buf rc
++ mktemp
+ buf=/tmp/tmp.iK30vPOoQ7
+ rc=0
+ set +e
+ bash scripts/meta/timeout_run.sh 900 bash scripts/gates/vows_age_gate.sh
+ rc=0
+ set -e
+ local status=ok
+ local err=-
+ '[' 0 -ne 0 ']'
+ echo 'vows_age	ok	2025-09-22T21:45:41Z	-'
vows_age	ok	2025-09-22T21:45:41Z	-
+ cat /tmp/tmp.iK30vPOoQ7
[VOWS] ok (all open vows within 30d)
+ rm -f /tmp/tmp.iK30vPOoQ7
+ bash scripts/meta/progress_update.sh vows_age ok -
[PROGRESS] vows_age -> ok
+ '[' ok = ok ']'
+ return 0
+ run_canon phasehead bash scripts/gates/phase_head_gate.sh
+ local organ=phasehead
+ shift
++ date -u +%Y-%m-%dT%H:%M:%SZ
+ local ts=2025-09-22T21:45:42Z
+ local buf rc
++ mktemp
+ buf=/tmp/tmp.jyrXi27IIu
+ rc=0
+ set +e
+ bash scripts/meta/timeout_run.sh 900 bash scripts/gates/phase_head_gate.sh
+ rc=0
+ set -e
+ local status=ok
+ local err=-
+ '[' 0 -ne 0 ']'
+ echo 'phasehead	ok	2025-09-22T21:45:42Z	-'
phasehead	ok	2025-09-22T21:45:42Z	-
+ cat /tmp/tmp.jyrXi27IIu
[PHASE] ok latest points to phase_next_20250915_232012Z.sha
+ rm -f /tmp/tmp.jyrXi27IIu
+ bash scripts/meta/progress_update.sh phasehead ok -
[PROGRESS] phasehead -> ok
+ '[' ok = ok ']'
+ return 0
+ run_canon ckm bash scripts/gates/ckm_unitary_gate.sh
+ local organ=ckm
+ shift
++ date -u +%Y-%m-%dT%H:%M:%SZ
+ local ts=2025-09-22T21:45:42Z
+ local buf rc
++ mktemp
+ buf=/tmp/tmp.fpr7pYj2nf
+ rc=0
+ set +e
+ bash scripts/meta/timeout_run.sh 900 bash scripts/gates/ckm_unitary_gate.sh
+ rc=0
+ set -e
+ local status=ok
+ local err=-
+ '[' 0 -ne 0 ']'
+ echo 'ckm	ok	2025-09-22T21:45:42Z	-'
ckm	ok	2025-09-22T21:45:42Z	-
+ cat /tmp/tmp.fpr7pYj2nf
[CKM] ok unitary within tol=1e-6
+ rm -f /tmp/tmp.fpr7pYj2nf
+ bash scripts/meta/progress_update.sh ckm ok -
[PROGRESS] ckm -> ok
+ '[' ok = ok ']'
+ return 0
++ date -u +%Y%m%dT%H%M%SZ
+ run_canon capsules bash scripts/meta/capsule_families.sh auto-20250922T214543Z
+ local organ=capsules
+ shift
++ date -u +%Y-%m-%dT%H:%M:%SZ
+ local ts=2025-09-22T21:45:43Z
+ local buf rc
++ mktemp
+ buf=/tmp/tmp.8TTjF1jbNj
+ rc=0
+ set +e
+ bash scripts/meta/timeout_run.sh 900 bash scripts/meta/capsule_families.sh auto-20250922T214543Z
+ rc=2
+ set -e
+ local status=ok
+ local err=-
+ '[' 2 -ne 0 ']'
+ status=fail
++ grep -m1 -E .+ /tmp/tmp.8TTjF1jbNj
++ head -c 180
++ tr '\t' ' '
+ err='[CAP] double_zero.json'
+ '[' -z '[CAP] double_zero.json' ']'
+ echo 'capsules	fail	2025-09-22T21:45:43Z	[CAP] double_zero.json'
capsules	fail	2025-09-22T21:45:43Z	[CAP] double_zero.json
+ cat /tmp/tmp.8TTjF1jbNj
[CAP] double_zero.json
[CAP] confirm_double_zero_stable.json
[CAP] atlas_11a1_ap.tsv
[CAP] ledger_ap.json
[CAP] geom_proof.dot
[CAP] tanh_lineage.json
+ rm -f /tmp/tmp.8TTjF1jbNj
+ bash scripts/meta/progress_update.sh capsules fail '[CAP] double_zero.json'
[PROGRESS] capsules -> fail
+ '[' fail = ok ']'
+ echo '[HAMMER] capsules failed'
[HAMMER] capsules failed
+ return 0
+ run_canon morpho bash scripts/morpho/enforce_all_boundaries.sh
+ local organ=morpho
+ shift
++ date -u +%Y-%m-%dT%H:%M:%SZ
+ local ts=2025-09-22T21:45:46Z
+ local buf rc
++ mktemp
+ buf=/tmp/tmp.9fbywRY91G
+ rc=0
+ set +e
+ bash scripts/meta/timeout_run.sh 900 bash scripts/morpho/enforce_all_boundaries.sh
+ rc=0
+ set -e
+ local status=ok
+ local err=-
+ '[' 0 -ne 0 ']'
+ echo 'morpho	ok	2025-09-22T21:45:46Z	-'
morpho	ok	2025-09-22T21:45:46Z	-
+ cat /tmp/tmp.9fbywRY91G
[BOUNDARY] ok run_20250919T203332Z_02e43a2b71
[BOUNDARY] ok run_20250919T211551Z_02e43a2b71
[BOUNDARY] ok run_20250919T212153Z_02e43a2b71
[BOUNDARY] ok run_20250919T212957Z_02e43a2b71
[BOUNDARY] ok run_20250919T213158Z_02e43a2b71
[BOUNDARY] ok run_20250919T220649Z_42dce71f7c
[BOUNDARY] ok run_20250919T221330Z_51118aba6e
+ rm -f /tmp/tmp.9fbywRY91G
+ bash scripts/meta/progress_update.sh morpho ok -
[PROGRESS] morpho -> ok
+ '[' ok = ok ']'
+ return 0
+ '[' -x scripts/meta/build_provenance_map.sh ']'
+ run_canon provenance bash scripts/meta/build_provenance_map.sh
+ local organ=provenance
+ shift
++ date -u +%Y-%m-%dT%H:%M:%SZ
+ local ts=2025-09-22T21:45:47Z
+ local buf rc
++ mktemp
+ buf=/tmp/tmp.tTI81eX3jt
+ rc=0
+ set +e
+ bash scripts/meta/timeout_run.sh 900 bash scripts/meta/build_provenance_map.sh
+ rc=0
+ set -e
+ local status=ok
+ local err=-
+ '[' 0 -ne 0 ']'
+ echo 'provenance	ok	2025-09-22T21:45:47Z	-'
provenance	ok	2025-09-22T21:45:47Z	-
+ cat /tmp/tmp.tTI81eX3jt
+ rm -f /tmp/tmp.tTI81eX3jt
+ bash scripts/meta/progress_update.sh provenance ok -
[PROGRESS] provenance -> ok
+ '[' ok = ok ']'
+ return 0
+ '[' -x scripts/gates/gen_gates_report.sh ']'
+ run_canon gates bash scripts/gates/gen_gates_report.sh
+ local organ=gates
+ shift
++ date -u +%Y-%m-%dT%H:%M:%SZ
+ local ts=2025-09-22T21:46:53Z
+ local buf rc
++ mktemp
+ buf=/tmp/tmp.6UGJsmEoQz
+ rc=0
+ set +e
+ bash scripts/meta/timeout_run.sh 900 bash scripts/gates/gen_gates_report.sh
+ rc=0
+ set -e
+ local status=ok
+ local err=-
+ '[' 0 -ne 0 ']'
+ echo 'gates	ok	2025-09-22T21:46:53Z	-'
gates	ok	2025-09-22T21:46:53Z	-
+ cat /tmp/tmp.6UGJsmEoQz
[GATES] wrote .tau_ledger/gates/report.20250922T214653Z.txt
+ rm -f /tmp/tmp.6UGJsmEoQz
+ bash scripts/meta/progress_update.sh gates ok -
[PROGRESS] gates -> ok
+ '[' ok = ok ']'
+ return 0
++ date -u +%Y-%m-%dT%H:%M:%SZ
+ echo '=== OPS hammer end (2025-09-22T21:46:54Z) ==='
=== OPS hammer end (2025-09-22T21:46:54Z) ===
+ echo

+ echo '=== Progress table ==='
=== Progress table ===
+ bash scripts/meta/progress_print.sh
organ            status  last_ok_utc           last_error
vows             ok      2025-09-22T21:45:41Z  -
phasehead        ok      2025-09-22T21:45:42Z  -
ckm              ok      2025-09-22T21:45:43Z  -
capsules         fail    2025-09-22T21:42:54Z  [CAP]
morpho           ok      2025-09-22T21:45:47Z  -
provenance       ok      2025-09-22T21:46:53Z  -
gates            ok      2025-09-22T21:46:54Z  -
vows_age         ok      2025-09-22T21:45:42Z  -
capsules_verify  fail    [CAPVERIFY]           mismatch
+ grep -q -E '	fail	' analysis/progress.tsv
+ echo '[OPS] one or more organs are red; exiting 1'
[OPS] one or more organs are red; exiting 1
+ exit 1
