+ source scripts/ops/seed_init.sh
++ set -euo pipefail
++ umask 022
++ '[' 0 = 1 ']'
+++ date +%s%N
+++ sha256sum
+++ cut -c1-16
++ SEED=e127fcd6b7896d95
++ export SEED PYTHONHASHSEED=e127fcd6b7896d95
++ PYTHONHASHSEED=e127fcd6b7896d95
++ mkdir -p .tau_ledger/seeds
++ echo e127fcd6b7896d95
+++ date -u +%Y%m%dT%H%M%SZ
++ export SEED_INIT=1
++ SEED_INIT=1
++ echo '[SEED] e127fcd6b7896d95'
[SEED] e127fcd6b7896d95
+ set -euo pipefail
+ umask 022
+++ dirname scripts/ops/next_hammer.sh
++ cd scripts/ops/../..
++ pwd
+ ROOT=/c/Users/Cody/Desktop/tau_crystal/tau_crystal
+ cd /c/Users/Cody/Desktop/tau_crystal/tau_crystal
+ export LC_ALL=C
+ LC_ALL=C
+ export PYTHONHASHSEED=0
+ PYTHONHASHSEED=0
+ '[' -f .tau_env ']'
+ NEXT_TIMEOUT=900
++ date -u +%Y-%m-%dT%H:%M:%SZ
+ echo '=== OPS hammer start (2025-09-22T22:29:39Z) ==='
=== OPS hammer start (2025-09-22T22:29:39Z) ===
+ run_canon vows bash scripts/gates/vows_gate.sh
+ local organ=vows
+ shift
++ date -u +%Y-%m-%dT%H:%M:%SZ
+ local ts=2025-09-22T22:29:39Z
+ local buf rc
++ mktemp
+ buf=/tmp/tmp.M9VuYc0RdT
+ rc=0
+ set +e
+ bash scripts/meta/timeout_run.sh 900 bash scripts/gates/vows_gate.sh
+ rc=0
+ set -e
+ local status=ok
+ local err=-
+ '[' 0 -ne 0 ']'
+ echo 'vows	ok	2025-09-22T22:29:39Z	-'
vows	ok	2025-09-22T22:29:39Z	-
+ cat /tmp/tmp.M9VuYc0RdT
vows	ok	2025-09-22T22:29:39Z	-
+ rm -f /tmp/tmp.M9VuYc0RdT
+ bash scripts/meta/progress_update.sh vows ok -
[PROGRESS] vows -> ok
+ '[' ok = ok ']'
+ return 0
+ run_canon vows_age bash scripts/gates/vows_age_gate.sh
+ local organ=vows_age
+ shift
++ date -u +%Y-%m-%dT%H:%M:%SZ
+ local ts=2025-09-22T22:29:40Z
+ local buf rc
++ mktemp
+ buf=/tmp/tmp.EwZSCMuix0
+ rc=0
+ set +e
+ bash scripts/meta/timeout_run.sh 900 bash scripts/gates/vows_age_gate.sh
+ rc=0
+ set -e
+ local status=ok
+ local err=-
+ '[' 0 -ne 0 ']'
+ echo 'vows_age	ok	2025-09-22T22:29:40Z	-'
vows_age	ok	2025-09-22T22:29:40Z	-
+ cat /tmp/tmp.EwZSCMuix0
[VOWS] ok (all open vows within 30d)
+ rm -f /tmp/tmp.EwZSCMuix0
+ bash scripts/meta/progress_update.sh vows_age ok -
[PROGRESS] vows_age -> ok
+ '[' ok = ok ']'
+ return 0
+ run_canon phasehead bash scripts/gates/phase_head_gate.sh
+ local organ=phasehead
+ shift
++ date -u +%Y-%m-%dT%H:%M:%SZ
+ local ts=2025-09-22T22:29:40Z
+ local buf rc
++ mktemp
+ buf=/tmp/tmp.fqzwrD4YVO
+ rc=0
+ set +e
+ bash scripts/meta/timeout_run.sh 900 bash scripts/gates/phase_head_gate.sh
+ rc=0
+ set -e
+ local status=ok
+ local err=-
+ '[' 0 -ne 0 ']'
+ echo 'phasehead	ok	2025-09-22T22:29:40Z	-'
phasehead	ok	2025-09-22T22:29:40Z	-
+ cat /tmp/tmp.fqzwrD4YVO
[PHASE] ok latest points to phase_next_20250915_232012Z.sha
+ rm -f /tmp/tmp.fqzwrD4YVO
+ bash scripts/meta/progress_update.sh phasehead ok -
[PROGRESS] phasehead -> ok
+ '[' ok = ok ']'
+ return 0
+ run_canon ckm bash scripts/gates/ckm_unitary_gate.sh
+ local organ=ckm
+ shift
++ date -u +%Y-%m-%dT%H:%M:%SZ
+ local ts=2025-09-22T22:29:41Z
+ local buf rc
++ mktemp
+ buf=/tmp/tmp.tAc27cMkvp
+ rc=0
+ set +e
+ bash scripts/meta/timeout_run.sh 900 bash scripts/gates/ckm_unitary_gate.sh
+ rc=0
+ set -e
+ local status=ok
+ local err=-
+ '[' 0 -ne 0 ']'
+ echo 'ckm	ok	2025-09-22T22:29:41Z	-'
ckm	ok	2025-09-22T22:29:41Z	-
+ cat /tmp/tmp.tAc27cMkvp
[CKM] ok unitary within tol=1e-6
+ rm -f /tmp/tmp.tAc27cMkvp
+ bash scripts/meta/progress_update.sh ckm ok -
[PROGRESS] ckm -> ok
+ '[' ok = ok ']'
+ return 0
++ date -u +%Y%m%dT%H%M%SZ
+ run_canon capsules bash scripts/meta/capsule_families.sh auto-20250922T222942Z
+ local organ=capsules
+ shift
++ date -u +%Y-%m-%dT%H:%M:%SZ
+ local ts=2025-09-22T22:29:42Z
+ local buf rc
++ mktemp
+ buf=/tmp/tmp.nCKveeDkdQ
+ rc=0
+ set +e
+ bash scripts/meta/timeout_run.sh 900 bash scripts/meta/capsule_families.sh auto-20250922T222942Z
+ rc=0
+ set -e
+ local status=ok
+ local err=-
+ '[' 0 -ne 0 ']'
+ echo 'capsules	ok	2025-09-22T22:29:42Z	-'
capsules	ok	2025-09-22T22:29:42Z	-
+ cat /tmp/tmp.nCKveeDkdQ
[CAP] double_zero.json
[CAP] confirm_double_zero_stable.json
[CAP] atlas_11a1_ap.tsv
[CAP] ledger_ap.json
[CAP] geom_proof.dot
[CAP] tanh_lineage.json
merkle_root=05f2e980f977b186133321b62c7ca9b2d0a5bb3d2a3e01131f4d18438a1b037d
[CAPSEAL] indexed auto auto-20250922T222942Z
[CAP] wrote /c/Users/Cody/Desktop/tau_crystal/tau_crystal/analysis/capsules/auto-20250922T222942Z
[CAP] wrote analysis/capsules/auto-20250922T222942Z
+ rm -f /tmp/tmp.nCKveeDkdQ
+ bash scripts/meta/progress_update.sh capsules ok -
[PROGRESS] capsules -> ok
+ '[' ok = ok ']'
+ return 0
+ run_canon morpho bash scripts/morpho/enforce_all_boundaries.sh
+ local organ=morpho
+ shift
++ date -u +%Y-%m-%dT%H:%M:%SZ
+ local ts=2025-09-22T22:29:45Z
+ local buf rc
++ mktemp
+ buf=/tmp/tmp.ZXOxuwDNlA
+ rc=0
+ set +e
+ bash scripts/meta/timeout_run.sh 900 bash scripts/morpho/enforce_all_boundaries.sh
+ rc=0
+ set -e
+ local status=ok
+ local err=-
+ '[' 0 -ne 0 ']'
+ echo 'morpho	ok	2025-09-22T22:29:45Z	-'
morpho	ok	2025-09-22T22:29:45Z	-
+ cat /tmp/tmp.ZXOxuwDNlA
[BOUNDARY] ok run_20250919T203332Z_02e43a2b71
[BOUNDARY] ok run_20250919T211551Z_02e43a2b71
[BOUNDARY] ok run_20250919T212153Z_02e43a2b71
[BOUNDARY] ok run_20250919T212957Z_02e43a2b71
[BOUNDARY] ok run_20250919T213158Z_02e43a2b71
[BOUNDARY] ok run_20250919T220649Z_42dce71f7c
[BOUNDARY] ok run_20250919T221330Z_51118aba6e
+ rm -f /tmp/tmp.ZXOxuwDNlA
+ bash scripts/meta/progress_update.sh morpho ok -
[PROGRESS] morpho -> ok
+ '[' ok = ok ']'
+ return 0
+ '[' -x scripts/meta/build_provenance_map.sh ']'
+ run_canon provenance bash scripts/meta/build_provenance_map.sh
+ local organ=provenance
+ shift
++ date -u +%Y-%m-%dT%H:%M:%SZ
+ local ts=2025-09-22T22:29:46Z
+ local buf rc
++ mktemp
+ buf=/tmp/tmp.Fit0GQ28yA
+ rc=0
+ set +e
+ bash scripts/meta/timeout_run.sh 900 bash scripts/meta/build_provenance_map.sh
+ rc=0
+ set -e
+ local status=ok
+ local err=-
+ '[' 0 -ne 0 ']'
+ echo 'provenance	ok	2025-09-22T22:29:46Z	-'
provenance	ok	2025-09-22T22:29:46Z	-
+ cat /tmp/tmp.Fit0GQ28yA
+ rm -f /tmp/tmp.Fit0GQ28yA
+ bash scripts/meta/progress_update.sh provenance ok -
[PROGRESS] provenance -> ok
+ '[' ok = ok ']'
+ return 0
+ '[' -x scripts/gates/gen_gates_report.sh ']'
+ run_canon gates bash scripts/gates/gen_gates_report.sh
+ local organ=gates
+ shift
++ date -u +%Y-%m-%dT%H:%M:%SZ
+ local ts=2025-09-22T22:30:55Z
+ local buf rc
++ mktemp
+ buf=/tmp/tmp.bXs2SuH7nm
+ rc=0
+ set +e
+ bash scripts/meta/timeout_run.sh 900 bash scripts/gates/gen_gates_report.sh
+ rc=0
+ set -e
+ local status=ok
+ local err=-
+ '[' 0 -ne 0 ']'
+ echo 'gates	ok	2025-09-22T22:30:55Z	-'
gates	ok	2025-09-22T22:30:55Z	-
+ cat /tmp/tmp.bXs2SuH7nm
[GATES] wrote .tau_ledger/gates/report.20250922T223055Z.txt
+ rm -f /tmp/tmp.bXs2SuH7nm
+ bash scripts/meta/progress_update.sh gates ok -
[PROGRESS] gates -> ok
+ '[' ok = ok ']'
+ return 0
++ date -u +%Y-%m-%dT%H:%M:%SZ
+ echo '=== OPS hammer end (2025-09-22T22:30:56Z) ==='
=== OPS hammer end (2025-09-22T22:30:56Z) ===
+ echo

+ echo '=== Progress table ==='
=== Progress table ===
+ bash scripts/meta/progress_print.sh
organ            status  last_ok_utc           last_error
vows             ok      2025-09-22T22:29:40Z  -
phasehead        ok      2025-09-22T22:29:41Z  -
ckm              ok      2025-09-22T22:29:41Z  -
capsules         ok      2025-09-22T22:29:45Z  -
morpho           ok      2025-09-22T22:29:46Z  -
provenance       ok      2025-09-22T22:30:55Z  -
gates            ok      2025-09-22T22:30:56Z  -
vows_age         ok      2025-09-22T22:29:40Z  -
capsules_verify  fail    [CAPVERIFY]           mismatch
+ grep -q -E '	fail	' analysis/progress.tsv
+ echo '[OPS] one or more organs are red; exiting 1'
[OPS] one or more organs are red; exiting 1
+ exit 1
