+ source scripts/ops/seed_init.sh
++ set -euo pipefail
++ umask 022
++ '[' 0 = 1 ']'
+++ date +%s%N
+++ sha256sum
+++ cut -c1-16
++ SEED=749a9ce02b726961
++ export SEED PYTHONHASHSEED=749a9ce02b726961
++ PYTHONHASHSEED=749a9ce02b726961
++ mkdir -p .tau_ledger/seeds
++ echo 749a9ce02b726961
+++ date -u +%Y%m%dT%H%M%SZ
++ export SEED_INIT=1
++ SEED_INIT=1
++ echo '[SEED] 749a9ce02b726961'
[SEED] 749a9ce02b726961
+ set -euo pipefail
+ umask 022
+++ dirname scripts/ops/next_hammer.sh
++ cd scripts/ops/../..
++ pwd
+ ROOT=/c/Users/Cody/Desktop/tau_crystal/tau_crystal
+ cd /c/Users/Cody/Desktop/tau_crystal/tau_crystal
+ export LC_ALL=C
+ LC_ALL=C
+ export PYTHONHASHSEED=0
+ PYTHONHASHSEED=0
+ '[' -f .tau_env ']'
+ NEXT_TIMEOUT=900
++ date -u +%Y-%m-%dT%H:%M:%SZ
+ echo '=== OPS hammer start (2025-09-22T20:32:15Z) ==='
=== OPS hammer start (2025-09-22T20:32:15Z) ===
+ run_canon vows bash scripts/gates/vows_gate.sh
+ local organ=vows
+ shift
++ date -u +%Y-%m-%dT%H:%M:%SZ
+ local ts=2025-09-22T20:32:15Z
+ local buf rc
++ mktemp
+ buf=/tmp/tmp.Gc6DHRnbmN
+ rc=0
+ set +e
+ bash scripts/meta/timeout_run.sh 900 bash scripts/gates/vows_gate.sh
+ rc=0
+ set -e
+ local status=ok
+ local err=-
+ '[' 0 -ne 0 ']'
+ echo 'vows	ok	2025-09-22T20:32:15Z	-'
vows	ok	2025-09-22T20:32:15Z	-
+ cat /tmp/tmp.Gc6DHRnbmN
vows	ok	2025-09-22T20:32:15Z	-
+ rm -f /tmp/tmp.Gc6DHRnbmN
+ bash scripts/meta/progress_update.sh vows ok -
[PROGRESS] vows -> ok
+ '[' ok = ok ']'
+ return 0
+ run_canon vows_age bash scripts/gates/vows_age_gate.sh
+ local organ=vows_age
+ shift
++ date -u +%Y-%m-%dT%H:%M:%SZ
+ local ts=2025-09-22T20:32:16Z
+ local buf rc
++ mktemp
+ buf=/tmp/tmp.UkSaV6vsSP
+ rc=0
+ set +e
+ bash scripts/meta/timeout_run.sh 900 bash scripts/gates/vows_age_gate.sh
+ rc=0
+ set -e
+ local status=ok
+ local err=-
+ '[' 0 -ne 0 ']'
+ echo 'vows_age	ok	2025-09-22T20:32:16Z	-'
vows_age	ok	2025-09-22T20:32:16Z	-
+ cat /tmp/tmp.UkSaV6vsSP
[VOWS] ok (all open vows within 30d)
+ rm -f /tmp/tmp.UkSaV6vsSP
+ bash scripts/meta/progress_update.sh vows_age ok -
[PROGRESS] vows_age -> ok
+ '[' ok = ok ']'
+ return 0
+ run_canon phasehead bash scripts/gates/phase_head_gate.sh
+ local organ=phasehead
+ shift
++ date -u +%Y-%m-%dT%H:%M:%SZ
+ local ts=2025-09-22T20:32:16Z
+ local buf rc
++ mktemp
+ buf=/tmp/tmp.jj5Mc6rJ9K
+ rc=0
+ set +e
+ bash scripts/meta/timeout_run.sh 900 bash scripts/gates/phase_head_gate.sh
+ rc=0
+ set -e
+ local status=ok
+ local err=-
+ '[' 0 -ne 0 ']'
+ echo 'phasehead	ok	2025-09-22T20:32:16Z	-'
phasehead	ok	2025-09-22T20:32:16Z	-
+ cat /tmp/tmp.jj5Mc6rJ9K
[PHASE] fixed: wrote pointer to phase_next_20250915_232012Z.sha
[PHASE] ok latest points to phase_next_20250915_232012Z.sha
+ rm -f /tmp/tmp.jj5Mc6rJ9K
+ bash scripts/meta/progress_update.sh phasehead ok -
[PROGRESS] phasehead -> ok
+ '[' ok = ok ']'
+ return 0
+ run_canon ckm bash scripts/gates/ckm_unitary_gate.sh
+ local organ=ckm
+ shift
++ date -u +%Y-%m-%dT%H:%M:%SZ
+ local ts=2025-09-22T20:32:17Z
+ local buf rc
++ mktemp
+ buf=/tmp/tmp.B5ShOmiUtq
+ rc=0
+ set +e
+ bash scripts/meta/timeout_run.sh 900 bash scripts/gates/ckm_unitary_gate.sh
+ rc=3
+ set -e
+ local status=ok
+ local err=-
+ '[' 3 -ne 0 ']'
+ status=fail
++ grep -m1 -E .+ /tmp/tmp.B5ShOmiUtq
++ head -c 180
++ tr '\t' ' '
+ err='[CKM] need 3 numeric rows with 3 columns'
+ '[' -z '[CKM] need 3 numeric rows with 3 columns' ']'
+ echo 'ckm	fail	2025-09-22T20:32:17Z	[CKM] need 3 numeric rows with 3 columns'
ckm	fail	2025-09-22T20:32:17Z	[CKM] need 3 numeric rows with 3 columns
+ cat /tmp/tmp.B5ShOmiUtq
[CKM] need 3 numeric rows with 3 columns
+ rm -f /tmp/tmp.B5ShOmiUtq
+ bash scripts/meta/progress_update.sh ckm fail '[CKM] need 3 numeric rows with 3 columns'
[PROGRESS] ckm -> fail
+ '[' fail = ok ']'
+ echo '[HAMMER] ckm failed'
[HAMMER] ckm failed
+ return 0
++ date -u +%Y%m%dT%H%M%SZ
+ run_canon capsules bash scripts/meta/capsule_families.sh auto-20250922T203217Z
+ local organ=capsules
+ shift
++ date -u +%Y-%m-%dT%H:%M:%SZ
+ local ts=2025-09-22T20:32:17Z
+ local buf rc
++ mktemp
+ buf=/tmp/tmp.E2nDIFsdCc
+ rc=0
+ set +e
+ bash scripts/meta/timeout_run.sh 900 bash scripts/meta/capsule_families.sh auto-20250922T203217Z
+ rc=0
+ set -e
+ local status=ok
+ local err=-
+ '[' 0 -ne 0 ']'
+ echo 'capsules	ok	2025-09-22T20:32:17Z	-'
capsules	ok	2025-09-22T20:32:17Z	-
+ cat /tmp/tmp.E2nDIFsdCc
[CAP] double_zero.json
[CAP] confirm_double_zero_stable.json
[CAP] atlas_11a1_ap.tsv
[CAP] ledger_ap.json
[CAP] geom_proof.dot
[CAP] tanh_lineage.json
merkle_root=84911e697cc9a7b68188977f1805a3160143481462a670dc9fc628539be6ded8
[CAPSEAL] indexed auto auto-20250922T203217Z
[CAP] wrote /c/Users/Cody/Desktop/tau_crystal/tau_crystal/analysis/capsules/auto-20250922T203217Z
[CAP] wrote analysis/capsules/auto-20250922T203217Z
+ rm -f /tmp/tmp.E2nDIFsdCc
+ bash scripts/meta/progress_update.sh capsules ok -
[PROGRESS] capsules -> ok
+ '[' ok = ok ']'
+ return 0
+ run_canon morpho bash scripts/morpho/enforce_all_boundaries.sh
+ local organ=morpho
+ shift
++ date -u +%Y-%m-%dT%H:%M:%SZ
+ local ts=2025-09-22T20:32:21Z
+ local buf rc
++ mktemp
+ buf=/tmp/tmp.D69iDvatWv
+ rc=0
+ set +e
+ bash scripts/meta/timeout_run.sh 900 bash scripts/morpho/enforce_all_boundaries.sh
+ rc=0
+ set -e
+ local status=ok
+ local err=-
+ '[' 0 -ne 0 ']'
+ echo 'morpho	ok	2025-09-22T20:32:21Z	-'
morpho	ok	2025-09-22T20:32:21Z	-
+ cat /tmp/tmp.D69iDvatWv
[BOUNDARY] ok run_20250919T203332Z_02e43a2b71
[BOUNDARY] ok run_20250919T211551Z_02e43a2b71
[BOUNDARY] ok run_20250919T212153Z_02e43a2b71
[BOUNDARY] ok run_20250919T212957Z_02e43a2b71
[BOUNDARY] ok run_20250919T213158Z_02e43a2b71
[BOUNDARY] ok run_20250919T220649Z_42dce71f7c
[BOUNDARY] ok run_20250919T221330Z_51118aba6e
+ rm -f /tmp/tmp.D69iDvatWv
+ bash scripts/meta/progress_update.sh morpho ok -
[PROGRESS] morpho -> ok
+ '[' ok = ok ']'
+ return 0
+ '[' -x scripts/meta/build_provenance_map.sh ']'
+ run_canon provenance bash scripts/meta/build_provenance_map.sh
+ local organ=provenance
+ shift
++ date -u +%Y-%m-%dT%H:%M:%SZ
+ local ts=2025-09-22T20:32:22Z
+ local buf rc
++ mktemp
+ buf=/tmp/tmp.OktUOPqrFX
+ rc=0
+ set +e
+ bash scripts/meta/timeout_run.sh 900 bash scripts/meta/build_provenance_map.sh
+ rc=0
+ set -e
+ local status=ok
+ local err=-
+ '[' 0 -ne 0 ']'
+ echo 'provenance	ok	2025-09-22T20:32:22Z	-'
provenance	ok	2025-09-22T20:32:22Z	-
+ cat /tmp/tmp.OktUOPqrFX
+ rm -f /tmp/tmp.OktUOPqrFX
+ bash scripts/meta/progress_update.sh provenance ok -
[PROGRESS] provenance -> ok
+ '[' ok = ok ']'
+ return 0
+ '[' -x scripts/gates/gen_gates_report.sh ']'
+ run_canon gates bash scripts/gates/gen_gates_report.sh
+ local organ=gates
+ shift
++ date -u +%Y-%m-%dT%H:%M:%SZ
+ local ts=2025-09-22T20:33:28Z
+ local buf rc
++ mktemp
+ buf=/tmp/tmp.qoAoztXM1w
+ rc=0
+ set +e
+ bash scripts/meta/timeout_run.sh 900 bash scripts/gates/gen_gates_report.sh
+ rc=0
+ set -e
+ local status=ok
+ local err=-
+ '[' 0 -ne 0 ']'
+ echo 'gates	ok	2025-09-22T20:33:28Z	-'
gates	ok	2025-09-22T20:33:28Z	-
+ cat /tmp/tmp.qoAoztXM1w
[GATES] wrote .tau_ledger/gates/report.20250922T203328Z.txt
+ rm -f /tmp/tmp.qoAoztXM1w
+ bash scripts/meta/progress_update.sh gates ok -
[PROGRESS] gates -> ok
+ '[' ok = ok ']'
+ return 0
++ date -u +%Y-%m-%dT%H:%M:%SZ
+ echo '=== OPS hammer end (2025-09-22T20:33:29Z) ==='
=== OPS hammer end (2025-09-22T20:33:29Z) ===
+ echo

+ echo '=== Progress table ==='
=== Progress table ===
+ bash scripts/meta/progress_print.sh
organ            status  last_ok_utc           last_error
vows             ok      2025-09-22T20:32:15Z  -
phasehead        ok      2025-09-22T20:32:17Z  -
ckm              fail    2025-09-22T19:04:32Z  [CKM]
capsules         ok      2025-09-22T20:32:21Z  -
morpho           ok      2025-09-22T20:32:22Z  -
provenance       ok      2025-09-22T20:33:28Z  -
gates            ok      2025-09-22T20:33:29Z  -
vows_age         ok      2025-09-22T20:32:16Z  -
capsules_verify  fail    [CAPVERIFY]           mismatch
+ grep -q -E '	fail	' analysis/progress.tsv
+ echo '[OPS] one or more organs are red; exiting 1'
[OPS] one or more organs are red; exiting 1
+ exit 1
