+ source scripts/ops/seed_init.sh
++ set -euo pipefail
++ umask 022
++ '[' 0 = 1 ']'
+++ date +%s%N
+++ sha256sum
+++ cut -c1-16
++ SEED=32880a84327639ce
++ export SEED PYTHONHASHSEED=32880a84327639ce
++ PYTHONHASHSEED=32880a84327639ce
++ mkdir -p .tau_ledger/seeds
++ echo 32880a84327639ce
+++ date -u +%Y%m%dT%H%M%SZ
++ export SEED_INIT=1
++ SEED_INIT=1
++ echo '[SEED] 32880a84327639ce'
[SEED] 32880a84327639ce
+ set -euo pipefail
+ umask 022
+++ dirname scripts/ops/next_hammer.sh
++ cd scripts/ops/../..
++ pwd
+ ROOT=/c/Users/Cody/Desktop/tau_crystal/tau_crystal
+ cd /c/Users/Cody/Desktop/tau_crystal/tau_crystal
+ export LC_ALL=C
+ LC_ALL=C
+ export PYTHONHASHSEED=0
+ PYTHONHASHSEED=0
+ '[' -f .tau_env ']'
+ NEXT_TIMEOUT=900
++ date -u +%Y-%m-%dT%H:%M:%SZ
+ echo '=== OPS hammer start (2025-09-22T20:39:38Z) ==='
=== OPS hammer start (2025-09-22T20:39:38Z) ===
+ run_canon vows bash scripts/gates/vows_gate.sh
+ local organ=vows
+ shift
++ date -u +%Y-%m-%dT%H:%M:%SZ
+ local ts=2025-09-22T20:39:38Z
+ local buf rc
++ mktemp
+ buf=/tmp/tmp.RNyE4p6FPE
+ rc=0
+ set +e
+ bash scripts/meta/timeout_run.sh 900 bash scripts/gates/vows_gate.sh
+ rc=0
+ set -e
+ local status=ok
+ local err=-
+ '[' 0 -ne 0 ']'
+ echo 'vows	ok	2025-09-22T20:39:38Z	-'
vows	ok	2025-09-22T20:39:38Z	-
+ cat /tmp/tmp.RNyE4p6FPE
vows	ok	2025-09-22T20:39:38Z	-
+ rm -f /tmp/tmp.RNyE4p6FPE
+ bash scripts/meta/progress_update.sh vows ok -
[PROGRESS] vows -> ok
+ '[' ok = ok ']'
+ return 0
+ run_canon vows_age bash scripts/gates/vows_age_gate.sh
+ local organ=vows_age
+ shift
++ date -u +%Y-%m-%dT%H:%M:%SZ
+ local ts=2025-09-22T20:39:39Z
+ local buf rc
++ mktemp
+ buf=/tmp/tmp.4oyuZxLb0A
+ rc=0
+ set +e
+ bash scripts/meta/timeout_run.sh 900 bash scripts/gates/vows_age_gate.sh
+ rc=0
+ set -e
+ local status=ok
+ local err=-
+ '[' 0 -ne 0 ']'
+ echo 'vows_age	ok	2025-09-22T20:39:39Z	-'
vows_age	ok	2025-09-22T20:39:39Z	-
+ cat /tmp/tmp.4oyuZxLb0A
[VOWS] ok (all open vows within 30d)
+ rm -f /tmp/tmp.4oyuZxLb0A
+ bash scripts/meta/progress_update.sh vows_age ok -
[PROGRESS] vows_age -> ok
+ '[' ok = ok ']'
+ return 0
+ run_canon phasehead bash scripts/gates/phase_head_gate.sh
+ local organ=phasehead
+ shift
++ date -u +%Y-%m-%dT%H:%M:%SZ
+ local ts=2025-09-22T20:39:39Z
+ local buf rc
++ mktemp
+ buf=/tmp/tmp.PhteLa2ylR
+ rc=0
+ set +e
+ bash scripts/meta/timeout_run.sh 900 bash scripts/gates/phase_head_gate.sh
+ rc=0
+ set -e
+ local status=ok
+ local err=-
+ '[' 0 -ne 0 ']'
+ echo 'phasehead	ok	2025-09-22T20:39:39Z	-'
phasehead	ok	2025-09-22T20:39:39Z	-
+ cat /tmp/tmp.PhteLa2ylR
[PHASE] ok latest points to phase_next_20250915_232012Z.sha
+ rm -f /tmp/tmp.PhteLa2ylR
+ bash scripts/meta/progress_update.sh phasehead ok -
[PROGRESS] phasehead -> ok
+ '[' ok = ok ']'
+ return 0
+ run_canon ckm bash scripts/gates/ckm_unitary_gate.sh
+ local organ=ckm
+ shift
++ date -u +%Y-%m-%dT%H:%M:%SZ
+ local ts=2025-09-22T20:39:40Z
+ local buf rc
++ mktemp
+ buf=/tmp/tmp.Ydi5n6Unus
+ rc=0
+ set +e
+ bash scripts/meta/timeout_run.sh 900 bash scripts/gates/ckm_unitary_gate.sh
+ rc=0
+ set -e
+ local status=ok
+ local err=-
+ '[' 0 -ne 0 ']'
+ echo 'ckm	ok	2025-09-22T20:39:40Z	-'
ckm	ok	2025-09-22T20:39:40Z	-
+ cat /tmp/tmp.Ydi5n6Unus
[CKM] ok unitary within tol=1e-6
+ rm -f /tmp/tmp.Ydi5n6Unus
+ bash scripts/meta/progress_update.sh ckm ok -
[PROGRESS] ckm -> ok
+ '[' ok = ok ']'
+ return 0
++ date -u +%Y%m%dT%H%M%SZ
+ run_canon capsules bash scripts/meta/capsule_families.sh auto-20250922T203941Z
+ local organ=capsules
+ shift
++ date -u +%Y-%m-%dT%H:%M:%SZ
+ local ts=2025-09-22T20:39:41Z
+ local buf rc
++ mktemp
+ buf=/tmp/tmp.b2yHFLKGOI
+ rc=0
+ set +e
+ bash scripts/meta/timeout_run.sh 900 bash scripts/meta/capsule_families.sh auto-20250922T203941Z
+ rc=0
+ set -e
+ local status=ok
+ local err=-
+ '[' 0 -ne 0 ']'
+ echo 'capsules	ok	2025-09-22T20:39:41Z	-'
capsules	ok	2025-09-22T20:39:41Z	-
+ cat /tmp/tmp.b2yHFLKGOI
[CAP] double_zero.json
[CAP] confirm_double_zero_stable.json
[CAP] atlas_11a1_ap.tsv
[CAP] ledger_ap.json
[CAP] geom_proof.dot
[CAP] tanh_lineage.json
merkle_root=ebf8557b4a073f55578593b50735d760bdb717e44dbb630082ae55a620b72af1
[CAPSEAL] indexed auto auto-20250922T203941Z
[CAP] wrote /c/Users/Cody/Desktop/tau_crystal/tau_crystal/analysis/capsules/auto-20250922T203941Z
[CAP] wrote analysis/capsules/auto-20250922T203941Z
+ rm -f /tmp/tmp.b2yHFLKGOI
+ bash scripts/meta/progress_update.sh capsules ok -
[PROGRESS] capsules -> ok
+ '[' ok = ok ']'
+ return 0
+ run_canon morpho bash scripts/morpho/enforce_all_boundaries.sh
+ local organ=morpho
+ shift
++ date -u +%Y-%m-%dT%H:%M:%SZ
+ local ts=2025-09-22T20:39:43Z
+ local buf rc
++ mktemp
+ buf=/tmp/tmp.b4vl1Oc9vA
+ rc=0
+ set +e
+ bash scripts/meta/timeout_run.sh 900 bash scripts/morpho/enforce_all_boundaries.sh
+ rc=0
+ set -e
+ local status=ok
+ local err=-
+ '[' 0 -ne 0 ']'
+ echo 'morpho	ok	2025-09-22T20:39:43Z	-'
morpho	ok	2025-09-22T20:39:43Z	-
+ cat /tmp/tmp.b4vl1Oc9vA
[BOUNDARY] ok run_20250919T203332Z_02e43a2b71
[BOUNDARY] ok run_20250919T211551Z_02e43a2b71
[BOUNDARY] ok run_20250919T212153Z_02e43a2b71
[BOUNDARY] ok run_20250919T212957Z_02e43a2b71
[BOUNDARY] ok run_20250919T213158Z_02e43a2b71
[BOUNDARY] ok run_20250919T220649Z_42dce71f7c
[BOUNDARY] ok run_20250919T221330Z_51118aba6e
+ rm -f /tmp/tmp.b4vl1Oc9vA
+ bash scripts/meta/progress_update.sh morpho ok -
[PROGRESS] morpho -> ok
+ '[' ok = ok ']'
+ return 0
+ '[' -x scripts/meta/build_provenance_map.sh ']'
+ run_canon provenance bash scripts/meta/build_provenance_map.sh
+ local organ=provenance
+ shift
++ date -u +%Y-%m-%dT%H:%M:%SZ
+ local ts=2025-09-22T20:39:44Z
+ local buf rc
++ mktemp
+ buf=/tmp/tmp.XnRy7epah6
+ rc=0
+ set +e
+ bash scripts/meta/timeout_run.sh 900 bash scripts/meta/build_provenance_map.sh
+ rc=0
+ set -e
+ local status=ok
+ local err=-
+ '[' 0 -ne 0 ']'
+ echo 'provenance	ok	2025-09-22T20:39:44Z	-'
provenance	ok	2025-09-22T20:39:44Z	-
+ cat /tmp/tmp.XnRy7epah6
+ rm -f /tmp/tmp.XnRy7epah6
+ bash scripts/meta/progress_update.sh provenance ok -
[PROGRESS] provenance -> ok
+ '[' ok = ok ']'
+ return 0
+ '[' -x scripts/gates/gen_gates_report.sh ']'
+ run_canon gates bash scripts/gates/gen_gates_report.sh
+ local organ=gates
+ shift
++ date -u +%Y-%m-%dT%H:%M:%SZ
+ local ts=2025-09-22T20:40:51Z
+ local buf rc
++ mktemp
+ buf=/tmp/tmp.vIxkIMd6xt
+ rc=0
+ set +e
+ bash scripts/meta/timeout_run.sh 900 bash scripts/gates/gen_gates_report.sh
+ rc=0
+ set -e
+ local status=ok
+ local err=-
+ '[' 0 -ne 0 ']'
+ echo 'gates	ok	2025-09-22T20:40:51Z	-'
gates	ok	2025-09-22T20:40:51Z	-
+ cat /tmp/tmp.vIxkIMd6xt
[GATES] wrote .tau_ledger/gates/report.20250922T204051Z.txt
+ rm -f /tmp/tmp.vIxkIMd6xt
+ bash scripts/meta/progress_update.sh gates ok -
[PROGRESS] gates -> ok
+ '[' ok = ok ']'
+ return 0
++ date -u +%Y-%m-%dT%H:%M:%SZ
+ echo '=== OPS hammer end (2025-09-22T20:40:52Z) ==='
=== OPS hammer end (2025-09-22T20:40:52Z) ===
+ echo

+ echo '=== Progress table ==='
=== Progress table ===
+ bash scripts/meta/progress_print.sh
organ            status  last_ok_utc           last_error
vows             ok      2025-09-22T20:39:39Z  -
phasehead        ok      2025-09-22T20:39:40Z  -
ckm              ok      2025-09-22T20:39:40Z  -
capsules         ok      2025-09-22T20:39:43Z  -
morpho           ok      2025-09-22T20:39:44Z  -
provenance       ok      2025-09-22T20:40:51Z  -
gates            ok      2025-09-22T20:40:52Z  -
vows_age         ok      2025-09-22T20:39:39Z  -
capsules_verify  fail    [CAPVERIFY]           mismatch
+ grep -q -E '	fail	' analysis/progress.tsv
+ echo '[OPS] one or more organs are red; exiting 1'
[OPS] one or more organs are red; exiting 1
+ exit 1
