{"synthetic": false,
 "outputs":
 {"o": ["674885700297454827"],
  "i": "15564525839154290463",
  "c": "1610035037378708723"},
 "log":
 [{"message":
   ".> LEAN_PATH=C:\\Users\\Cody\\Desktop\\tau_crystal\\tau_crystal\\.lake\\packages\\Cli\\.lake\\build\\lib\\lean;C:\\Users\\Cody\\Desktop\\tau_crystal\\tau_crystal\\.lake\\packages\\batteries\\.lake\\build\\lib\\lean;C:\\Users\\Cody\\Desktop\\tau_crystal\\tau_crystal\\.lake\\packages\\Qq\\.lake\\build\\lib\\lean;C:\\Users\\Cody\\Desktop\\tau_crystal\\tau_crystal\\.lake\\packages\\aesop\\.lake\\build\\lib\\lean;C:\\Users\\Cody\\Desktop\\tau_crystal\\tau_crystal\\.lake\\packages\\proofwidgets\\.lake\\build\\lib\\lean;C:\\Users\\Cody\\Desktop\\tau_crystal\\tau_crystal\\.lake\\packages\\importGraph\\.lake\\build\\lib\\lean;C:\\Users\\Cody\\Desktop\\tau_crystal\\tau_crystal\\.lake\\packages\\LeanSearchClient\\.lake\\build\\lib\\lean;C:\\Users\\Cody\\Desktop\\tau_crystal\\tau_crystal\\.lake\\packages\\plausible\\.lake\\build\\lib\\lean;C:\\Users\\Cody\\Desktop\\tau_crystal\\tau_crystal\\.lake\\packages\\mathlib\\.lake\\build\\lib\\lean;C:\\Users\\Cody\\Desktop\\tau_crystal\\tau_crystal\\.lake\\build\\lib\\lean c:\\Users\\Cody\\.elan\\toolchains\\leanprover--lean4---v4.22.0\\bin\\lean.exe C:\\Users\\Cody\\Desktop\\tau_crystal\\tau_crystal\\TauProofs.lean -o C:\\Users\\Cody\\Desktop\\tau_crystal\\tau_crystal\\.lake\\build\\lib\\lean\\TauProofs.olean -i C:\\Users\\Cody\\Desktop\\tau_crystal\\tau_crystal\\.lake\\build\\lib\\lean\\TauProofs.ilean -c C:\\Users\\Cody\\Desktop\\tau_crystal\\tau_crystal\\.lake\\build\\ir\\TauProofs.c --setup C:\\Users\\Cody\\Desktop\\tau_crystal\\tau_crystal\\.lake\\build\\ir\\TauProofs.setup.json --json",
   "level": "trace"}],
 "inputs":
 [["TauProofs:deps",
   [["deps",
     [["tau/TauProofs:extraDep", [["@tau:extraDep", "1723"]]],
      ["import oleans",
       [["TauProofs.Leaf:olean",
         [["TauProofs.Leaf:deps", "10067002906060008313"],
          ["C:\\Users\\Cody\\Desktop\\tau_crystal\\tau_crystal\\.lake\\build\\lib\\lean\\TauProofs\\Leaf.olean",
           "2252853247182220061"]]],
        ["TauProofs.Cohomology:olean",
         [["TauProofs.Cohomology:deps", "4071942852168522073"],
          ["C:\\Users\\Cody\\Desktop\\tau_crystal\\tau_crystal\\.lake\\build\\lib\\lean\\TauProofs\\Cohomology.olean",
           "10014687664223217430"]]],
        ["TauProofs.TauBounds:olean",
         [["TauProofs.TauBounds:deps", "236732859223770682"],
          ["C:\\Users\\Cody\\Desktop\\tau_crystal\\tau_crystal\\.lake\\build\\lib\\lean\\TauProofs\\TauBounds.olean",
           "1295836094502475436"]]]]]]],
    ["libs",
     [["import dynlibs", "1723"],
      ["package external libraries", "1723"],
      ["module dynlibs", "1723"],
      ["module plugins", "1723"]]]]],
  ["Lean 4.22.0, commit ba2cbbf09d4978f416e0ebd1fceeebc2c4138c05",
   "8739116525927611134"],
  ["C:\\Users\\Cody\\Desktop\\tau_crystal\\tau_crystal\\TauProofs.lean",
   "784956275732305396"],
  ["options", "1723"],
  ["Module.leanArgs: #[]", "1723"]],
 "depHash": "13121792285519794570"}