analysis/derived/complexes/C_A.json
analysis/derived/equivalences/leaf_A_to_leaf_B.20251001T064554Z.json
analysis/derived/equivalences/leaf_A_to_leaf_B.20251001T064712Z.json
analysis/derived/equivalences/leaf_A_to_leaf_B.20251001T064820Z.json
analysis/derived/equivalences/leaf_A_to_leaf_B.20251001T064909Z.json
analysis/derived/equivalences/leaf_A_to_leaf_B.20251001T065032Z.json
analysis/derived/equivalences/leaf_A_to_leaf_B.20251001T065127Z.json
analysis/derived/hearts/leaf_A.json
analysis/derived/hearts/leaf_B.json
analysis/derived/morphisms/d01.json
analysis/derived/morphisms/d12.json
analysis/derived/objects/E0.json
analysis/derived/objects/E1.json
analysis/derived/objects/E2.json
analysis/derived/schemas/complex.schema.json
analysis/derived/schemas/ext.schema.json
analysis/derived/schemas/morphism.schema.json
analysis/derived/schemas/object.schema.json
analysis/derived/tmp/Ext_1_E0_to_E2.json
analysis/derived/tmp/Ext_2_E1_to_E1.json
analysis/derived/tmp/ext1.path
analysis/derived/tmp/ext2.path
analysis/derived/tmp/receipt.path
analysis/derived/tmp/wall.path
