.galois/automorphisms.tsv
.ghosts_build/museum-20250916041616/.archive/missing.tsv
.ghosts_build/museum-20250916041616/README.md
.gitattributes
.github/workflows/.github/workflows/assure.yml
.github/workflows/_boundary.disabled
.github/workflows/assure.yml
.github/workflows/hecke-11a1.yml
.github/workflows/labs/automorphic_catalog.yml
.github/workflows/labs/bash-langlands.yml
.github/workflows/labs/boundary.yml
.github/workflows/labs/census.yml
.github/workflows/labs/codeql.yml
.github/workflows/labs/ds.yml
.github/workflows/labs/genius-dark.yml
.github/workflows/labs/langlands-phase-next.yml
.github/workflows/labs/lean-proofs.yml
.github/workflows/labs/phys_guards.yml
.github/workflows/labs/physics.yml
.github/workflows/labs/receipt.yml
.github/workflows/labs/release-attest.yml
.github/workflows/labs/release-staple.yml
.github/workflows/labs/tau-crystal.yml
.github/workflows/labs/tau_automorphic.yml
.github/workflows/labs/tau_automorphic_manual.yml
.github/workflows/labs/tau_bundled.yml
.github/workflows/labs/tau_discovery.yml
.github/workflows/labs/tau_discovery_confirm.yml
.github/workflows/labs/tau_experimental.yml
.github/workflows/labs/tau_experimental_v2.yml
.github/workflows/labs/tau_fft_bootstrap.yml
.github/workflows/labs/tau_langlands.yml
.github/workflows/labs/tau_phys_guards.yml
.github/workflows/labs/tau_post_emit.yml
.github/workflows/labs/tau_post_emit_push.yml
.github/workflows/mirror.yml
.github/workflows/panic-sentinel.yml
.github/workflows/poison.yml
.github/workflows/release.yml
.github/workflows/spec-guard.yml
.gitignore
.pages_stamp
.tau_ledger/action_wrapper.sha256
.tau_ledger/automorphic/critical_zeros.json
.tau_ledger/automorphic/hecke_1757927249.json
.tau_ledger/automorphic/new_zeros.json
.tau_ledger/chain.LEGACY
.tau_ledger/chain/CHAIN
.tau_ledger/dashboard/dashboard_2025-09-18T02-22-42Z.json
.tau_ledger/dashboard/dashboard_2025-09-18T02-24-59Z.json
.tau_ledger/demo/run1.json
.tau_ledger/digests/bsd_rank1.json.sha256
.tau_ledger/digests/symsquare_zeros.json.sha256
.tau_ledger/discovery/confirm_double_zero.json
.tau_ledger/discovery/confirm_double_zero_stable.json
.tau_ledger/discovery/double_zero.json
.tau_ledger/ed25519_pub.pem
.tau_ledger/enclave/enclavev1-20250914T144251Z.meta
.tau_ledger/entropy/entv1-20250914T023136Z.json
.tau_ledger/entropy/entv1-20250914T023136Z.sha256
.tau_ledger/evolver/evolver-20250914T151253Z.json
.tau_ledger/evolver/evolver-20250914T162239Z.json
.tau_ledger/evolver/evolver-20250914T162501Z.json
.tau_ledger/evolver/evolver-20250914T162526Z.json
.tau_ledger/evolver/evolver-20250914T164603Z.json
.tau_ledger/evolver/evolver-20250914T175521Z.json
.tau_ledger/experimental/bootstrap_mu.json
.tau_ledger/experimental/bsd_rank1.json
.tau_ledger/experimental/fft_bsd.json
.tau_ledger/experimental/symsquare_zeros.json
.tau_ledger/galois/rho_1757927249.json
.tau_ledger/gates/report.20250914T025733Z.txt
.tau_ledger/gates/report.20250914T162008Z.txt
.tau_ledger/gates/report.20250914T175528Z.txt
.tau_ledger/gates/report.20250914T190401Z.txt
.tau_ledger/gates/report.20250914T192829Z.txt
.tau_ledger/gates/report.20250914T193438Z.txt
.tau_ledger/gates/report.20250914T193616Z.txt
.tau_ledger/genius/consciousv1-20250914T192812Z.meta
.tau_ledger/genius/consciousv1-20250914T192821Z.meta
.tau_ledger/genius/consciousv1-20250914T193420Z.meta
.tau_ledger/genius/consciousv1-20250914T193430Z.meta
.tau_ledger/genius/consciousv1-20250914T193559Z.meta
.tau_ledger/genius/consciousv1-20250914T193608Z.meta
.tau_ledger/genius/darkv1-20250914T175525Z.meta
.tau_ledger/genius/darkv1-20250914T175529Z.meta
.tau_ledger/genius/darkv1-20250914T190359Z.meta
.tau_ledger/genius/darkv1-20250914T192812Z.meta
.tau_ledger/genius/darkv1-20250914T192822Z.meta
.tau_ledger/genius/darkv1-20250914T193420Z.meta
.tau_ledger/genius/darkv1-20250914T193430Z.meta
.tau_ledger/genius/darkv1-20250914T193559Z.meta
.tau_ledger/genius/darkv1-20250914T193609Z.meta
.tau_ledger/genius/entangle-20250914T192811Z-1.meta
.tau_ledger/genius/entangle-20250914T192811Z-2.meta
.tau_ledger/genius/entangle-20250914T192821Z-1.meta
.tau_ledger/genius/entangle-20250914T192821Z-2.meta
.tau_ledger/genius/entangle-20250914T193419Z-1.meta
.tau_ledger/genius/entangle-20250914T193419Z-2.meta
.tau_ledger/genius/entangle-20250914T193429Z-1.meta
.tau_ledger/genius/entangle-20250914T193429Z-2.meta
.tau_ledger/genius/entangle-20250914T193558Z-1.meta
.tau_ledger/genius/entangle-20250914T193558Z-2.meta
.tau_ledger/genius/entangle-20250914T193608Z-1.meta
.tau_ledger/genius/entangle-20250914T193608Z-2.meta
.tau_ledger/genius/godelv1-20250914T175524Z.meta
.tau_ledger/genius/godelv1-20250914T175527Z.meta
.tau_ledger/genius/godelv1-20250914T175530Z.meta
.tau_ledger/genius/godelv1-20250914T190357Z.meta
.tau_ledger/genius/godelv1-20250914T190400Z.meta
.tau_ledger/genius/godelv1-20250914T192810Z.meta
.tau_ledger/genius/godelv1-20250914T192820Z.meta
.tau_ledger/genius/godelv1-20250914T193418Z.meta
.tau_ledger/genius/godelv1-20250914T193429Z.meta
.tau_ledger/genius/godelv1-20250914T193558Z.meta
.tau_ledger/genius/godelv1-20250914T193607Z.meta
.tau_ledger/genius/gombocv1-20250914T192812Z.meta
.tau_ledger/genius/gombocv1-20250914T192822Z.meta
.tau_ledger/genius/gombocv1-20250914T193420Z.meta
.tau_ledger/genius/gombocv1-20250914T193430Z.meta
.tau_ledger/genius/gombocv1-20250914T193600Z.meta
.tau_ledger/genius/gombocv1-20250914T193609Z.meta
.tau_ledger/genius/mandelbrotv1-20250914T175526Z.meta
.tau_ledger/genius/mandelbrotv1-20250914T175531Z.meta
.tau_ledger/genius/mandelbrotv1-20250914T190359Z.meta
.tau_ledger/genius/mandelbrotv1-20250914T192819Z.meta
.tau_ledger/genius/mandelbrotv1-20250914T192828Z.meta
.tau_ledger/genius/mandelbrotv1-20250914T193427Z.meta
.tau_ledger/genius/mandelbrotv1-20250914T193437Z.meta
.tau_ledger/genius/mandelbrotv1-20250914T193606Z.meta
.tau_ledger/genius/mandelbrotv1-20250914T193615Z.meta
.tau_ledger/genius/omegav1-20250914T192819Z.meta
.tau_ledger/genius/omegav1-20250914T192829Z.meta
.tau_ledger/genius/omegav1-20250914T193428Z.meta
.tau_ledger/genius/omegav1-20250914T193437Z.meta
.tau_ledger/genius/omegav1-20250914T193607Z.meta
.tau_ledger/genius/omegav1-20250914T193616Z.meta
.tau_ledger/genius/paradoxv1-20250914T175525Z.meta
.tau_ledger/genius/paradoxv1-20250914T175531Z.meta
.tau_ledger/genius/paradoxv1-20250914T190358Z.meta
.tau_ledger/genius/paradoxv1-20250914T192811Z.meta
.tau_ledger/genius/paradoxv1-20250914T192821Z.meta
.tau_ledger/genius/paradoxv1-20250914T193419Z.meta
.tau_ledger/genius/paradoxv1-20250914T193429Z.meta
.tau_ledger/genius/paradoxv1-20250914T193559Z.meta
.tau_ledger/genius/paradoxv1-20250914T193608Z.meta
.tau_ledger/genius/riemannv1-20250914T192820Z.meta
.tau_ledger/genius/riemannv1-20250914T192829Z.meta
.tau_ledger/genius/riemannv1-20250914T193428Z.meta
.tau_ledger/genius/riemannv1-20250914T193438Z.meta
.tau_ledger/genius/riemannv1-20250914T193607Z.meta
.tau_ledger/genius/riemannv1-20250914T193616Z.meta
.tau_ledger/genius/singularityv1-20250914T192820Z.meta
.tau_ledger/genius/singularityv1-20250914T192829Z.meta
.tau_ledger/genius/singularityv1-20250914T193428Z.meta
.tau_ledger/genius/singularityv1-20250914T193438Z.meta
.tau_ledger/genius/singularityv1-20250914T193607Z.meta
.tau_ledger/genius/singularityv1-20250914T193616Z.meta
.tau_ledger/holo/holov1-%Y%m%dT%H%M%SZ.json
.tau_ledger/holo/holov1-20250914T142135Z.json
.tau_ledger/holo/holov1-20250914T143706Z.json
.tau_ledger/holo/holov1-20250914T144201Z.json
.tau_ledger/holo/holov1-20250914T144418Z.json
.tau_ledger/holo/holov1-20250914T144753Z.json
.tau_ledger/holo/holov1-20250914T150653Z.json
.tau_ledger/holo/holov1-20250914T151243Z.json
.tau_ledger/holo/holov1-20250914T192807Z.json
.tau_ledger/holo/holov1-20250914T193414Z.json
.tau_ledger/holo/holov1-20250914T193555Z.json
.tau_ledger/interf/rows.txt
.tau_ledger/iwasawa/mu_sampling.json
.tau_ledger/jupyter/cellv1-20250913T062756Z.json
.tau_ledger/jupyter/cellv1-20250913T062837Z.json
.tau_ledger/jupyter/cellv1-20250913T063004Z.json
.tau_ledger/jupyter/tau_trace.py
.tau_ledger/langlands/L_tau.json
.tau_ledger/langlands/ap.json
.tau_ledger/langlands/ap_stable.json
.tau_ledger/langlands/combined_ap_satake.json
.tau_ledger/langlands/combined_ap_satake_stable.json
.tau_ledger/langlands/motives.json
.tau_ledger/langlands/phase_next_20250915_201535Z.sha
.tau_ledger/langlands/phase_next_20250915_202358Z.sha
.tau_ledger/langlands/phase_next_20250915_203919Z.sha
.tau_ledger/langlands/phase_next_20250915_212530Z.sha
.tau_ledger/langlands/phase_next_20250915_213116Z.sha
.tau_ledger/langlands/phase_next_20250915_213806Z.sha
.tau_ledger/langlands/phase_next_20250915_214137Z.sha
.tau_ledger/langlands/phase_next_20250915_214452Z.sha
.tau_ledger/langlands/phase_next_20250915_214733Z.sha
.tau_ledger/langlands/phase_next_20250915_215117Z.sha
.tau_ledger/langlands/phase_next_20250915_232012Z.sha
.tau_ledger/langlands/phase_next_latest.sha
.tau_ledger/langlands/rank.json
.tau_ledger/langlands/satake.json
.tau_ledger/langlands/satake_stable.json
.tau_ledger/metrics/monodromy.json
.tau_ledger/mirror/mirrorv1-%Y%m%dT%H%M%SZ.meta
.tau_ledger/mirror/mirrorv1-20250914T144208Z.meta
.tau_ledger/mirror/mirrorv1-20250914T144425Z.meta
.tau_ledger/mirror/mirrorv1-20250914T144800Z.meta
.tau_ledger/mirror/mirrorv1-20250914T150700Z.meta
.tau_ledger/mirror/mirrorv1-20250914T151250Z.meta
.tau_ledger/mirror/mirrorv1-20250914T162238Z.meta
.tau_ledger/mirror/mirrorv1-20250914T162459Z.meta
.tau_ledger/mirror/mirrorv1-20250914T162524Z.meta
.tau_ledger/mirror/mirrorv1-20250914T192808Z.meta
.tau_ledger/mirror/mirrorv1-20250914T193415Z.meta
.tau_ledger/mirror/mirrorv1-20250914T193555Z.meta
.tau_ledger/motives/motive_15537.json
.tau_ledger/motives/motive_28404.json
.tau_ledger/motives/motive_8578.json
.tau_ledger/motives/motive_9220.json
.tau_ledger/perma/permav1-20250914T144205Z.meta
.tau_ledger/perma/permav1-20250914T144423Z.meta
.tau_ledger/perma/permav1-20250914T144758Z.meta
.tau_ledger/perma/permav1-20250914T150657Z.meta
.tau_ledger/perma/permav1-20250914T151248Z.meta
.tau_ledger/perma/permav1-20250914T162236Z.meta
.tau_ledger/perma/permav1-20250914T162458Z.meta
.tau_ledger/perma/permav1-20250914T162523Z.meta
.tau_ledger/perma/permav1-20250914T164600Z.meta
.tau_ledger/perma/permav1-20250914T175519Z.meta
.tau_ledger/perma/permav1-20250914T190354Z.meta
.tau_ledger/perma/permav1-20250914T192808Z.meta
.tau_ledger/perma/permav1-20250914T193416Z.meta
.tau_ledger/perma/permav1-20250914T193556Z.meta
.tau_ledger/phys/debye_cap.txt
.tau_ledger/phys/lattice.json
.tau_ledger/pubkey.pem
.tau_ledger/receipts/demo-20250914T023421Z.json
.tau_ledger/receipts/receipt_2025-09-15T21-41-37Z_c6390eb.json
.tau_ledger/receipts/receipt_2025-09-15T21-44-52Z_5d78116.json
.tau_ledger/receipts/receipt_2025-09-15T21-47-33Z_f726ea2.json
.tau_ledger/receipts/receipt_2025-09-15T21-51-17Z_f726ea2.json
.tau_ledger/receipts/receipt_c6390eb9c5a1.json
.tau_ledger/rg/affine_leaf.json
.tau_ledger/rg/affine_leaf.sha256
.tau_ledger/runlogs/bin_stamp.err
.tau_ledger/runlogs/bin_stamp.out
.tau_ledger/runlogs/bin_verify.err
.tau_ledger/runlogs/bin_verify.out
.tau_ledger/runlogs/cache_log.err
.tau_ledger/runlogs/cache_log.out
.tau_ledger/runlogs/cache_predict.err
.tau_ledger/runlogs/cache_predict.out
.tau_ledger/runlogs/cache_stamp.err
.tau_ledger/runlogs/cache_stamp.out
.tau_ledger/runlogs/evolver.err
.tau_ledger/runlogs/evolver.out
.tau_ledger/runlogs/evolver_stamp.err
.tau_ledger/runlogs/evolver_stamp.out
.tau_ledger/runlogs/gen_conscious.err
.tau_ledger/runlogs/gen_conscious.out
.tau_ledger/runlogs/gen_dark.err
.tau_ledger/runlogs/gen_dark.out
.tau_ledger/runlogs/gen_entangle.err
.tau_ledger/runlogs/gen_entangle.out
.tau_ledger/runlogs/gen_godel.err
.tau_ledger/runlogs/gen_godel.out
.tau_ledger/runlogs/gen_gomboc.err
.tau_ledger/runlogs/gen_gomboc.out
.tau_ledger/runlogs/gen_mandel.err
.tau_ledger/runlogs/gen_mandel.out
.tau_ledger/runlogs/gen_omega.err
.tau_ledger/runlogs/gen_omega.out
.tau_ledger/runlogs/gen_paradox.err
.tau_ledger/runlogs/gen_paradox.out
.tau_ledger/runlogs/gen_riemann.err
.tau_ledger/runlogs/gen_riemann.out
.tau_ledger/runlogs/gen_singularity.err
.tau_ledger/runlogs/gen_singularity.out
.tau_ledger/runlogs/gen_unified.err
.tau_ledger/runlogs/gen_unified.out
.tau_ledger/runlogs/gen_verify_ent.err
.tau_ledger/runlogs/gen_verify_ent.out
.tau_ledger/runlogs/holo_build.err
.tau_ledger/runlogs/holo_build.out
.tau_ledger/runlogs/holo_stamp.err
.tau_ledger/runlogs/holo_stamp.out
.tau_ledger/runlogs/holo_verify.err
.tau_ledger/runlogs/holo_verify.out
.tau_ledger/runlogs/mirror_fetch.err
.tau_ledger/runlogs/mirror_fetch.out
.tau_ledger/runlogs/mirror_stamp.err
.tau_ledger/runlogs/mirror_stamp.out
.tau_ledger/runlogs/mirror_verify.err
.tau_ledger/runlogs/mirror_verify.out
.tau_ledger/runlogs/perma_pin.err
.tau_ledger/runlogs/perma_pin.out
.tau_ledger/runlogs/perma_stamp.err
.tau_ledger/runlogs/perma_stamp.out
.tau_ledger/runlogs/perma_verify.err
.tau_ledger/runlogs/perma_verify.out
.tau_ledger/runlogs/phys_delta27.err
.tau_ledger/runlogs/phys_delta27.out
.tau_ledger/runlogs/phys_stamp.err
.tau_ledger/runlogs/phys_stamp.out
.tau_ledger/runlogs/phys_symm.err
.tau_ledger/runlogs/phys_symm.out
.tau_ledger/runlogs/policy_gate.err
.tau_ledger/runlogs/policy_gate.out
.tau_ledger/sheaf.digest
.tau_ledger/sheaf.preimage
.tau_ledger/signature/sigv1-20250914T035320Z.json
.tau_ledger/sigring/ringv1-20250914T023849Z.json
.tau_ledger/sigring/ringv1-20250914T023849Z.sig
.tau_ledger/sigring/ringv1-20250914T023849Z.txt
.tau_ledger/tau_bin/binv1-20250914T150740Z.meta
.tau_ledger/tau_bin/binv1-20250914T151916Z.meta
.tau_ledger/tau_bin/binv1-20250914T192810Z.meta
.tau_ledger/tau_bin/binv1-20250914T193417Z.meta
.tau_ledger/tau_bin/binv1-20250914T193557Z.meta
.tau_ledger/timefolds/tf-20250914T022248Z.files
.tau_ledger/timefolds/tf-20250914T022248Z.meta
.tau_ledger/timefolds/tf-20250914T022521Z.files
.tau_ledger/timefolds/tf-20250914T022521Z.meta
.tau_ledger/tmp
.tau_ledger/xref/index.v1
.tau_ledger/zkdiff/base-20250913T063507Z.files
.tau_ledger/zkdiff/base-20250913T063655Z.files
.tau_ledger/zkdiff/base-20250913T064026Z.files
.tau_ledger/zkdiff/base-20250913T064026Z.meta
.tau_ledger/zkdiff/base-20250913T064416Z.files
.tau_ledger/zkdiff/base-20250913T064616Z.files
.tau_ledger/zkdiff/base-20250913T065313Z.files
.tau_ledger/zkdiff/base-20250913T065313Z.meta
.tau_ledger/zkdiff/base-20250914T041543Z.files
.tau_ledger/zkdiff/base-20250914T041543Z.meta
.tau_plan_roots.env
CITATION.cff
CODE_OF_CONDUCT.md
CONTRIBUTING.md
Core/Certificate.lean
Core/Residue.lean
Core/Sheaf.lean
Core/Tau.lean
FusionMain.lean
LICENSE
Main.lean
Main2.lean
Makefile
POISON
PRIVACY.md
README.md
Receipt/Receipt.lean
SECURITY.md
SUPPORT.md
TERMS.md
TauCrystal.lean
TauCrystal/Basic.lean
TauCrystal/Cli.lean
TauCrystal/Core.lean
TauCrystal/Derived/Refactor.lean
TauCrystal/Infinity/ReceiptInf.lean
TauCrystal/Init.lean
TauCrystal/Proofs.lean
TauCrystal/Proofs/LaurentCheck.lean
TauCrystal/Proofs/TauMonotonic.lean
TauCrystal/ReceiptCategory.lean
TauCrystal/Spectral.lean
TauCrystal/VerifyChain.lean
_ci_artifacts/confirm_double_zero.json
_ci_artifacts/confirm_double_zero_stable.json
_ci_artifacts/physics/passport.json
_ci_artifacts/physics/post_cert.json
_ci_artifacts/physics/post_meas.json
_ci_artifacts/physics/pre_cert.json
_ci_artifacts/smartcache-receipt/receipt.json
_ci_artifacts/tau-crystal-manifest/fusion.stdout.txt
_ci_artifacts/tau-ledger-jupyter/.tau_ledger/jupyter/cellv1-20250913T151114Z.json
_ci_artifacts/tau-ledger-jupyter/.tau_ledger/jupyter/cellv1-20250913T151115Z.json
_ci_artifacts/tau-ledger-jupyter/docs/manifest.md
_ci_artifacts/tau-receipt/assure-empty.txt
action.yml
analysis/.animate.pid
analysis/.best_S.txt
analysis/.best_T.txt
analysis/.best_delta.txt
analysis/.gitkeep
analysis/.scan_index.tsv
analysis/analytic_heegner.sha256
analysis/analytic_heegner.tsv
analysis/analytic_heegner_receipt.json
analysis/atlas.jsonl
analysis/atlas/11a1/ap.tsv
analysis/atlas/11a1/attestation.json
analysis/atlas/11a1/leaf.json
analysis/atlas/11a1/verification.json
analysis/atlas/37a1/ap.tsv
analysis/atlas/37a1/attestation.json
analysis/atlas/37a1/leaf.json
analysis/atlas/37a1/verification.json
analysis/atlas/atlas_hecke.jsonl
analysis/atlas/candidates.tsv
analysis/atlas_line.tsv
analysis/atlas_status.txt
analysis/bash_theta_scan.tsv
analysis/basins.tsv
analysis/deformation_ring.dot
analysis/deformation_ring.tsv
analysis/discovery_ap.tsv
analysis/discovery_best.tsv
analysis/discovery_centroid.tsv
analysis/discovery_hits.tsv
analysis/double_zero_clusters.tsv
analysis/double_zero_ords.tsv
analysis/double_zero_refined.tsv
analysis/endoscopy.tsv
analysis/feq_report.txt
analysis/forensics/commits_all.tsv
analysis/forensics/dangling.tsv
analysis/forensics/ghosts.tsv
analysis/forensics/ghosts_risky.tsv
analysis/forensics/mtimes.tsv
analysis/forensics/reflog_window.tsv
analysis/forensics/stash.tsv
analysis/forensics/summary.tsv
analysis/forensics/unpushed.tsv
analysis/fused_gates.json
analysis/fused_gates.json.sha256
analysis/hist_discovery_Nk.tsv
analysis/hist_rank_L0.tsv
analysis/laurent_ring.tsv
analysis/micro_conductor.tsv
analysis/modularity_scan_20250914T213219Z.tsv
analysis/modularity_scan_20250914T213458Z.tsv
analysis/morse_crit.tsv
analysis/next_nonce_from_heegner.hex
analysis/next_surface.tsv
analysis/normalized/L_tau.norm.json
analysis/normalized/L_tau.norm.norm.json
analysis/normalized/ap.norm.json
analysis/normalized/ap.norm.norm.json
analysis/normalized/ap_stable.norm.json
analysis/normalized/ap_stable.norm.norm.json
analysis/normalized/combined_ap_satake.norm.json
analysis/normalized/combined_ap_satake.norm.norm.json
analysis/normalized/combined_ap_satake_stable.norm.json
analysis/normalized/combined_ap_satake_stable.norm.norm.json
analysis/normalized/motives.norm.json
analysis/normalized/motives.norm.norm.json
analysis/normalized/rank.norm.json
analysis/normalized/rank.norm.norm.json
analysis/normalized/satake.norm.json
analysis/normalized/satake.norm.norm.json
analysis/normalized/satake_stable.norm.json
analysis/normalized/satake_stable.norm.norm.json
analysis/padic_family.tsv
analysis/plots/atlas_line.svg
analysis/plots/basins.svg
analysis/plots/doubles.svg
analysis/plots/doubles_refined.svg
analysis/plots/morse.svg
analysis/plots/satake_polar.svg
analysis/plots/status.svg
analysis/ramanujan.tsv
analysis/reciprocity_best.env
analysis/reciprocity_best.tsv
analysis/reciprocity_best.txt
analysis/reciprocity_second.env
analysis/reciprocity_second.txt
analysis/rollup_summary.tsv
analysis/satake_angles.tsv
analysis/snapshots/atlas_20250915_203915Z/atlas_line.tsv
analysis/snapshots/atlas_20250915_203915Z/bash_theta_scan.tsv
analysis/snapshots/atlas_20250915_203915Z/basins.tsv
analysis/snapshots/atlas_20250915_203915Z/manifest.txt
analysis/snapshots/atlas_20250915_203915Z/morse_crit.tsv
analysis/theta_sweep.tsv
analysis/trace_formula.tsv
analysis/zero_depletion.tsv
assure.ps1
assure.sh
atlas/README.md
atlas/discovery_top.tsv
atlas/index.tsv
atlas/laurent_unit.tsv
atlas/rank2.tsv
atlas/simple_zero.tsv
boundary/WHITELIST.assumptions
boundary/WHITELIST.ax
boundary/WHITELIST.opaque
boundary/WHITELIST.unsafe
config.sh
config/sidecar.yaml
constraints.d/tau.rules
docs/.manifest.tf.798
docs/.manifest.xref.4188
docs/.nojekyll
docs/AUDIT.md
docs/MARKETPLACE_AUDIT.md
docs/MONOGRAPH.md
docs/MONOGRAPH/index.html
docs/PRIVACY.md
docs/REPO_TREE.md
docs/TERMS.md
docs/_config.yml
docs/_posts/2025-09-17-dummysuserguide.md
docs/automorphic/catalog.md
docs/ci.md
docs/dummys-user-guide.md
docs/extension/tau_stamp.md
docs/extensions/README.md
docs/first-verification.md
docs/gallery/README.md
docs/gallery/discovery-best-20250917.md
docs/guides/atlas_hecke.md
docs/guides/dummys-user-guide-sealed.md
docs/guides/hecke-11a1-monograph.md
docs/index.html
docs/index.md
docs/manifest.json.sha256
docs/manifest.md
docs/manifest.sha256
docs/marketplace-listing.md
docs/monographs/_index.md
docs/monographs/_operational_appendix.md
docs/monographs/cohomological_architecture.md
docs/monographs/langlands_for_computation.md
docs/monographs/langlands_lab.md
docs/monographs/langlands_lab_reflections.md
docs/monographs/langlands_observatory.md
docs/monographs/langlands_phase_next_20250915_232009Z.md
docs/monographs/langlands_second_witness.md
docs/monographs/receipts_to_reality_langlands_observatory.md
docs/monographs/scripts_universe.md
docs/monographs/theory_fundamentals.md
docs/sample/live.html
docs/schemas/ap_satake.schema.json
docs/schemas/experimental.json
docs/schemas/experimental_fft_bootstrap.json
docs/sidecar.md
docs/specs/bin-v1.0.md
docs/specs/cache-v1.0.md
docs/specs/enclave-v1.0.md
docs/specs/entropy-v1.0.md
docs/specs/evolver-v1.0.md
docs/specs/federation-v1.0.md
docs/specs/holo-v1.0.md
docs/specs/interference-v1.0.md
docs/specs/mirror-v1.0.md
docs/specs/perma-receipt-v1.0.md
docs/specs/physics-v1.0.md
docs/specs/policy-gate-v1.0.md
docs/specs/signature-rules-v1.0.md
docs/specs/tau-stamp-v1.0.md
docs/specs/zkdiff-v1.0.md
docs/tau-crystal-synthesis-formal-verification-reproducibility.md
docs/tau-crystal.html
examples/tau_tanh_demo.py
extension/tau_stamp/popup.css
extension/tau_stamp/popup.html
extension/tau_stamp/popup.js
lakefile.lean
lakefile.lean.bak.20250906T195157Z
lean-toolchain
manifests/86b9275b33cfe1276db843cf65166ea66cbe087ea82b28333495400ab6deac7d.json
media/tau_tanh_demo.pgm
py_ledger/cheby_tau.py
py_ledger/main.py
py_ledger/manifest.py
py_ledger/qcro_adapter.py
py_ledger/rank_kernel.py
py_ledger/sign_manifest.py
receipts/receipt-20250907T161411Z.txt
receipts/receipt-20250907T164815Z.txt
receipts/receipt-20250907T170804Z.txt
receipts/receipt-20250907T170952Z.txt
receipts/receipt-20250907T171020Z.txt
receipts/receipt-20250907T173203Z.txt
receipts/receipt-20250907T173422Z.txt
receipts/receipt-20250907T173452Z.txt
receipts/receipt-20250907T174453Z.txt
receipts/receipt-20250907T180823Z.txt
receipts/xref/hello.receipt.json
run.cmd
run.sh
schemas/side-car-v1.json
scripts/add_readme_snippets.sh
scripts/anomaly_detection.sh
scripts/arithmetic/compute_rank.sh
scripts/assumption_census.sh
scripts/assure.sh
scripts/assure/_ap_recount.awk
scripts/assure/_ap_recount.py
scripts/assure/_coeffs_from_atlas.py
scripts/assure/adversarial_recount.sh
scripts/assure/mirror_world_compare.sh
scripts/assure/poison_canary.sh
scripts/assure/weekly_driver.sh
scripts/assure_latest.sh
scripts/assure_with_boundary.sh
scripts/atlas/_intlib.sh
scripts/atlas/_parity_numeric.sh
scripts/atlas/add_curve.sh
scripts/atlas/adversarial_lottery.sh
scripts/atlas/build_atlas.sh
scripts/atlas/build_curve.sh
scripts/atlas/curves_canonical.tsv
scripts/atlas/flag_double_zero.sh
scripts/atlas/post_enrich.sh
scripts/audit_and_polish.sh
scripts/automorphic/_catalog.py
scripts/automorphic/_manifest_stamp.py
scripts/automorphic/_publish.py
scripts/automorphic/galois_rho.py
scripts/automorphic/galois_rho.sh
scripts/automorphic/guard_emit.py
scripts/automorphic/guard_emit.sh
scripts/automorphic/hecke_mint.py
scripts/automorphic/hecke_mint.sh
scripts/automorphic/mint_motive.sh
scripts/automorphic/publish_automorphic.sh
scripts/automorphic/zero_critical.py
scripts/automorphic/zero_critical.sh
scripts/automorphic/zero_hunt.sh
scripts/blockchain.sh
scripts/boundary_audit.sh
scripts/boundary_census.sh
scripts/boundary_check.sh
scripts/bump_readme_release.sh
scripts/cache/mathlib_cache.py
scripts/cache/stamp_cache_into_manifest.sh
scripts/check_privileges.sh
scripts/ci/atlas_append_only.sh
scripts/ci/rank_stamp_gate.sh
scripts/ci_archive.sh
scripts/cohomology/h1_receipt_cech.sh
scripts/coin/citecoin.sh
scripts/coin/mint_coin.sh
scripts/coin/tau_verify.sh
scripts/commit_rationale_check.sh
scripts/conduct/all.sh
scripts/cosign_fill_release.sh
scripts/dashboard/build.sh
scripts/dashboard/deploy_bolt.sh
scripts/dashboard/mint_receipt.sh
scripts/dashboard/mirror_neon.sh
scripts/diag_crash.sh
scripts/diag_crash.sh.bak.20250907T013252Z
scripts/diag_crash.sh.bak.20250907T013836Z
scripts/diag_lakefile.sh
scripts/diag_wrap.sh
scripts/discovery/README.md
scripts/discovery/_manifest_discovery.py
scripts/discovery/completed_L.py
scripts/discovery/confirm.sh
scripts/discovery/confirm_double_zero.py
scripts/discovery/double_zero.sh
scripts/discovery/double_zero_hunt.py
scripts/discovery/euler_products.py
scripts/discovery/extract_ap_satake.py
scripts/discovery/extract_ap_satake.sh
scripts/discovery/local_factors.py
scripts/discovery/promote_best.sh
scripts/discovery/publish_witness.sh
scripts/discovery/report_double_zero.py
scripts/discovery/validate_ap_satake.py
scripts/dist_verify.sh
scripts/emit-receipt.sh
scripts/enclave/enclave_verify.sh
scripts/enclave/stamp_enclave_into_manifest.sh
scripts/entropy/build_entropy_witness.sh
scripts/entropy/stamp_entropy_into_manifest.sh
scripts/entropy/verify_entropy.sh
scripts/etale/monodromy_track.sh
scripts/evolver/stamp_evolver_into_manifest.sh
scripts/evolver/tau_evolver.py
scripts/experimental/_canonicalize_json.py
scripts/experimental/_json_sanitize.py
scripts/experimental/_manifest_fft.py
scripts/experimental/_manifest_stamp_exp.py
scripts/experimental/_manifest_v2.py
scripts/experimental/_repair_and_restamp.py
scripts/experimental/_repair_json.py
scripts/experimental/_restamp_utc.py
scripts/experimental/_stamp_provenance.py
scripts/experimental/_trim_first_json_object.py
scripts/experimental/_validate_fft_bootstrap.py
scripts/experimental/_validate_schema.py
scripts/experimental/bootstrap_mu.py
scripts/experimental/bootstrap_mu.sh
scripts/experimental/bsd_rank1.py
scripts/experimental/bsd_rank1_hunt.sh
scripts/experimental/fft_bsd.py
scripts/experimental/fft_bsd.sh
scripts/experimental/force_witness_types.py
scripts/experimental/iwasawa_mu.py
scripts/experimental/iwasawa_mu.sh
scripts/experimental/json_guard.sh
scripts/experimental/stabilize_json.py
scripts/experimental/stamp_all.sh
scripts/experimental/symsquare_dynamic.py
scripts/experimental/symsquare_dynamic.sh
scripts/experimental/symsquare_zero.py
scripts/experimental/symsquare_zero.sh
scripts/federate/build_xref_index.sh
scripts/federate/stamp_xref_into_manifest.sh
scripts/federate/verify_xref_index.sh
scripts/fix_and_build_lean.sh
scripts/fix_lakefile.sh
scripts/fix_minimal.sh
scripts/gates/README.md
scripts/gates/policy_gate.sh
scripts/genius/README.md
scripts/genius/_util.sh
scripts/genius/consciousness_imprint.sh
scripts/genius/dark_matter_verify.sh
scripts/genius/genius_unified.sh
scripts/genius/godel_self_verify.sh
scripts/genius/gomboc_computation.sh
scripts/genius/mandelbrot_receipt.sh
scripts/genius/omega_point.sh
scripts/genius/quantum_entangle.sh
scripts/genius/riemann_foundation.sh
scripts/genius/singularity_seed.sh
scripts/genius/temporal_paradox.sh
scripts/genius/verify_entanglement.sh
scripts/github_set_repo_meta.sh
scripts/holo/build_holo_tensor.sh
scripts/holo/stamp_holo_into_manifest.sh
scripts/holo/verify_holo_tensor.sh
scripts/hsm.sh
scripts/install_elan.sh
scripts/interf/build_interference_map.sh
scripts/interf/stamp_interference_into_manifest.sh
scripts/jupyter/stamp_tau_trace_into_manifest.sh
scripts/langlands/_bash_math.sh
scripts/langlands/analytic_rank_gate.sh
scripts/langlands/analytic_rank_heegner.sh
scripts/langlands/animate_surface.sh
scripts/langlands/around_witness_scan.sh
scripts/langlands/artifact_normalize.sh
scripts/langlands/artin_conductor.sh
scripts/langlands/atlas_line.sh
scripts/langlands/basins_map.sh
scripts/langlands/ci_automorphic_hook.sh
scripts/langlands/crit_zero_sweep.sh
scripts/langlands/deformation_ring.sh
scripts/langlands/dirsig_fallback.sh
scripts/langlands/discovery_scan.sh
scripts/langlands/double_zero_refine.sh
scripts/langlands/double_zero_scan.sh
scripts/langlands/emit_best.py
scripts/langlands/emit_hecke_from_qexp.sh
scripts/langlands/endoscopy_scan.sh
scripts/langlands/find_second_witness.sh
scripts/langlands/freeze_best.sh
scripts/langlands/frobenius.sh
scripts/langlands/functional_equation.sh
scripts/langlands/galois.sh
scripts/langlands/gate_hecke_11a1.sh
scripts/langlands/generate_monograph.sh
scripts/langlands/hecke2_mean.sh
scripts/langlands/hecke_11a1.sh
scripts/langlands/hecke_compute.py
scripts/langlands/l_compute.py
scripts/langlands/lab.sh
scripts/langlands/live_observatory.sh
scripts/langlands/live_ticker.sh
scripts/langlands/mean_compare.sh
scripts/langlands/micro_conductor.sh
scripts/langlands/minimal_tau.sh
scripts/langlands/minimal_tau.sh.bak.1757888968
scripts/langlands/modular_check.py
scripts/langlands/morse2d.sh
scripts/langlands/morse2d_pure.sh
scripts/langlands/morse_analysis.sh
scripts/langlands/padic_family.sh
scripts/langlands/parse_best_rel.sh
scripts/langlands/pick_best.py
scripts/langlands/plots_write.sh
scripts/langlands/ramanujan_bounds.sh
scripts/langlands/rank_compute.py
scripts/langlands/reciprocity.sh
scripts/langlands/reciprocity_run.sh
scripts/langlands/reciprocity_verify.sh
scripts/langlands/reciprocity_verify.sh.bak.1757918708
scripts/langlands/reciprocity_verify.sh.bak.1757918748
scripts/langlands/rollups.sh
scripts/langlands/run_atlas_now.sh
scripts/langlands/run_phase_next.sh
scripts/langlands/run_phase_next_strict.sh
scripts/langlands/satake_direction.sh
scripts/langlands/satake_from_hecke.sh
scripts/langlands/scan_modularity.py
scripts/langlands/seed_witness_envs.sh
scripts/langlands/sig.sh
scripts/langlands/smoke_hecke_ledger.sh
scripts/langlands/sym2_tighten.sh
scripts/langlands/tau_L_function.sh
scripts/langlands/theta_compute.py
scripts/langlands/theta_descent.sh
scripts/langlands/theta_point.sh
scripts/langlands/theta_scan_proxy.sh
scripts/langlands/theta_scan_proxy2.sh
scripts/langlands/theta_scan_wide.sh
scripts/langlands/theta_scan_wide.sh.bak.1757918707
scripts/langlands/theta_scan_wide.sh.bak.1757918747
scripts/langlands/theta_sweep.sh
scripts/langlands/theta_zoom.sh
scripts/langlands/trace_formula.sh
scripts/langlands/update_ledger.sh
scripts/langlands/zero_depletion.sh
scripts/launch_verifiers.sh
scripts/laurent/integrate_laurent.sh
scripts/laurent/laurent_eval.awk
scripts/laurent/laurent_ring.py
scripts/laurent/laurent_ring.sh
scripts/laurent/write_ring_csv.py
scripts/lean/recursion_cap_guard.sh
scripts/ledger/make_attestation.sh
scripts/ledger/make_receipt.sh
scripts/ledger/update_manifest_status.sh
scripts/make_marketplace_listing.sh
scripts/make_screenshots.sh
scripts/manifest_conformance.sh
scripts/math/curve_11a1.sh
scripts/merkle_root.sh
scripts/meta/_normalize.sh
scripts/meta/_sha256.sh
scripts/meta/assure_push.sh
scripts/meta/docker_receipt_label.sh
scripts/meta/garden_publish.sh
scripts/meta/garden_render.sh
scripts/meta/postflight.sh
scripts/meta/push_everything_with_archive.sh
scripts/meta/qr_witness.sh
scripts/meta/seal_tarball_with_receipt.sh
scripts/meta/sheaf_reflection.sh
scripts/meta/stamp_qr_into_manifest.sh
scripts/meta/stamp_sheaf_into_manifest.sh
scripts/meta/tau_sheaf_reflect.sh
scripts/meta/verify_docker_receipt_label.sh
scripts/meta/verify_sheaf_digest.sh
scripts/meta/verify_tarball_seal.sh
scripts/meta/write_manifest_section.sh
scripts/metrics/cep_tau.sh
scripts/metrics/dim_tau.sh
scripts/mirror/README.md
scripts/mirror/mirror_receipts.sh
scripts/mirror/stamp_mirror_into_manifest.sh
scripts/mirror/verify_mirror_receipts.sh
scripts/motivic/decompose_motives.sh
scripts/ops/assure_strict.sh
scripts/ops/attest_env.sh
scripts/ops/consensus_check.sh
scripts/ops/emit_metrics.sh
scripts/ops/log_metrics.sh
scripts/ops/new_post.sh
scripts/ops/reciprocity_lock.sh
scripts/ops/replay_witness.sh
scripts/ops/update_gallery.sh
scripts/ops/verify_against_receipt.sh
scripts/ops/verify_offline.sh
scripts/ops/verify_release_binary.sh
scripts/pages_nudge.sh
scripts/perma/pin_receipt_to_ipfs.sh
scripts/perma/stamp_perma_into_manifest.sh
scripts/perma/verify_perma_receipt.sh
scripts/phys/_debye_cap.py
scripts/phys/_gap_guard.py
scripts/phys/_pyinfo.sh
scripts/phys/debye_cap_from_lattice.sh
scripts/phys/lattice_from_params.sh
scripts/phys/spectral_gap_guard.sh
scripts/physics/README.md
scripts/physics/arith_nonce.sh
scripts/physics/check_physics.py
scripts/physics/fused_gates.sh
scripts/physics/passport_probe.py
scripts/physics/passport_probe.sh
scripts/physics/run_and_measure.py
scripts/physics/run_physics.sh
scripts/physics/select_params.py
scripts/plan/launch_verifiers.sh
scripts/plan/tau_plan_flags.sh
scripts/plan/tau_pro_gate.sh
scripts/plan/write_roots.sh
scripts/polish_repo.sh
scripts/progress.sh
scripts/publish-html.py
scripts/quantum_resistant.sh
scripts/readme_insert_intro_compare.sh
scripts/rebuild-from-file.sh
scripts/receipt_sha.sh
scripts/referee/stamp_referee_cli.sh
scripts/release_via_api.sh
scripts/render_manifest.sh
scripts/rg/affine_leaf.py
scripts/rg/assert_ok.py
scripts/run/safe_run_all.sh
scripts/run_ledger_from_bash.sh
scripts/run_soliton_envelope.sh
scripts/run_tau_tanh_demo.sh
scripts/sha256.sh
scripts/sidecar/side_car_import.sh
scripts/sidecar/side_car_mint.sh
scripts/signature/build_signature_rules.sh
scripts/signature/stamp_signature_rules_into_manifest.sh
scripts/signature/verify_signature_rules.sh
scripts/sigring/build_signature_ring.sh
scripts/sigring/init_keys.sh
scripts/sigring/stamp_signature_ring_into_manifest.sh
scripts/sigring/verify_signature_ring.sh
scripts/spec/consensus_gate.sh
scripts/spec/laurent_dual_precision.sh
scripts/spec/poison_check.sh
scripts/spec/poison_refresh.sh
scripts/spec/reciprocity_gate.sh
scripts/spec/redteam_spine.sh
scripts/spec/repro_matrix.sh
scripts/spec/spec_guard.sh
scripts/spec/triple_consensus.sh
scripts/spectral/sseq_build.sh
scripts/stamp_soliton_into_manifest.sh
scripts/stamp_tau_tanh_into_manifest.sh
scripts/tau_bin/stamp_bin_into_manifest.sh
scripts/tau_bin/tau_verify.sh
scripts/tau_verify.sh
scripts/timefold/capture_timefold.sh
scripts/timefold/stamp_timefold_into_manifest.sh
scripts/timefold/verify_timefold.sh
scripts/timestamp_validate.sh
scripts/tools/_cp_resid.awk
scripts/tools/_drop_contains.py
scripts/tools/_insert_after.py
scripts/tools/_insert_before.py
scripts/tools/_insert_laurent_compute.txt
scripts/tools/_insert_laurent_json.txt
scripts/tools/_repl.py
scripts/tools/cp_residual_symm_verifier.py
scripts/tools/cp_residual_symm_verifier.sh
scripts/tools/delta27_verifier.py
scripts/tools/ramanujan_stats.awk
scripts/tools/read_kv2.awk
scripts/tools/stamp_physics_into_manifest.sh
scripts/update_readme.sh
scripts/validate-config.sh
scripts/validate_input.sh
scripts/verify-all.sh
scripts/verify_receipt.sh
scripts/verify_release_state.sh
scripts/zkdiff/baseline_capture.sh
scripts/zkdiff/prove_limited_change.sh
scripts/zkdiff/verify_limited_change.sh
tmp_meta_fullscan/_normalize.sh
tmp_meta_fullscan/_sha256.sh
tmp_meta_fullscan/docker_receipt_label.sh
tmp_meta_fullscan/qr_witness.sh
tmp_meta_fullscan/seal_tarball_with_receipt.sh
tmp_meta_fullscan/sheaf_reflection.sh
tmp_meta_fullscan/stamp_sheaf_into_manifest.sh
tmp_meta_fullscan/tau_sheaf_reflect.sh
tmp_meta_fullscan/verify_docker_receipt_label.sh
tmp_meta_fullscan/verify_tarball_seal.sh
tmp_meta_recovered/_normalize.sh
tmp_meta_recovered/_sha256.sh
tmp_meta_recovered/docker_receipt_label.sh
tmp_meta_recovered/qr_witness.sh
tmp_meta_recovered/seal_tarball_with_receipt.sh
tmp_meta_recovered/sheaf_reflection.sh
tmp_meta_recovered/stamp_sheaf_into_manifest.sh
tmp_meta_recovered/tau_sheaf_reflect.sh
tmp_meta_recovered/verify_docker_receipt_label.sh
tmp_meta_recovered/verify_tarball_seal.sh
tmp_meta_restore/meta/_normalize.sh
tmp_meta_restore/meta/_sha256.sh
tmp_meta_restore/meta/docker_receipt_label.sh
tmp_meta_restore/meta/qr_witness.sh
tmp_meta_restore/meta/seal_tarball_with_receipt.sh
tmp_meta_restore/meta/sheaf_reflection.sh
tmp_meta_restore/meta/stamp_sheaf_into_manifest.sh
tmp_meta_restore/meta/tau_sheaf_reflect.sh
tmp_meta_restore/meta/verify_docker_receipt_label.sh
tmp_meta_restore/meta/verify_sheaf_digest.sh
tmp_meta_restore/meta/verify_tarball_seal.sh
tools/Auditor.lean
tools/CLI.lean
tools/CertGen.lean
tools/CertGen.lean.txt
tools/GPU.lean
tools/Json.lean
tools/Manifest.lean
tools/QCRO.lean
tools/Seal.lean
tools/TauEmit.lean
tools/offline_verifier/Cargo.toml
tools/offline_verifier/src/main.rs
tools/ps/draw_text.ps1
tools/soliton_envelope.py
tools/verify_linear.sh
tools/verify_one.sh
verify.cmd
