+ set -euo pipefail
+ set +H
+ umask 022
+ export LC_ALL=C LANG=C
+ LC_ALL=C
+ LANG=C
++ mktemp
+ PY=/tmp/tmp.f96vDrHlFe
+ trap 'rm -f "$PY"' EXIT
+ printf '%s\n' 'import json'
+ printf '%s\n' 'OK=json.load(open("analysis/chamber/ch_ok_canon.json","r",encoding="utf-8"))'
+ printf '%s\n' 'BAD=json.load(open("analysis/chamber/ch_bad_canon.json","r",encoding="utf-8"))'
+ printf '%s\n' 'rho=OK["rho"]; W=OK["perm"]; rho_star=[rho[i] for i in W]'
+ printf '%s\n' 'assert sorted(rho_star)==OK["sigma"], "stable sort mismatch"'
+ printf '%s\n' 'assert len(set(rho))==len(rho), "nondegeneracy violated"'
+ printf '%s\n' 'assert BAD.get("should_fail",False)==True, "bad payload not flagged"'
+ printf '%s\n' 'print("[ok] chamber: stable sort & permutation invariance; bad payload flagged")'
+ python /tmp/tmp.f96vDrHlFe
[ok] chamber: stable sort & permutation invariance; bad payload flagged
+ python scripts/receipt/verify_receipt_digest.py
+ rm -f /tmp/tmp.f96vDrHlFe
