+ set -euo pipefail
+ set +H
+ umask 022
+ export LC_ALL=C LANG=C
+ LC_ALL=C
+ LANG=C
++ mktemp
+ PY=/tmp/tmp.3C5d8HFjfJ
+ trap 'rm -f "$PY"' EXIT
+ printf '%s\n' 'import json'
+ printf '%s\n' 'HQ=json.load(open("analysis/padic/p_hQ_canon.json","r",encoding="utf-8"))'
+ printf '%s\n' 'HP=json.load(open("analysis/padic/p_hp_canon.json","r",encoding="utf-8"))'
+ printf '%s\n' 'a,b,p=HQ["a"],HQ["b"],HQ["p"]'
+ printf '%s\n' 'assert p==HP["p"], "prime mismatch"'
+ printf '%s\n' 'lhs=(a*pow(b,-1,p))%p; rhs=HP["h_mod_p"]%p; assert lhs==rhs, f"congruence fail {lhs}!={rhs} mod {p}"'
+ printf '%s\n' 'print("[ok] p-adic cross-place congruence holds and both place receipts present")'
+ python /tmp/tmp.3C5d8HFjfJ
[ok] p-adic cross-place congruence holds and both place receipts present
+ python scripts/receipt/verify_receipt_digest.py
+ rm -f /tmp/tmp.3C5d8HFjfJ
